<!doctype html public "-//w3c//dtd html 4.0 transitional//en">
<html><head>
<title>Static Call Graph - [.\UWB452\UWB.axf]</title></head>
<body><HR>
<H1>Static Call Graph for image .\UWB452\UWB.axf</H1><HR>
<BR><P>#&#060CALLGRAPH&#062# ARM Linker, 5060960: Last Updated: Fri Aug 11 13:26:10 2023
<BR><P>
<H3>Maximum Stack Usage =        712 bytes + Unknown(Functions without stacksize, Cycles, Untraceable Function Pointers)</H3><H3>
Call chain for Maximum Stack Depth:</H3>
CanRx_Task &rArr; CanRxProc &rArr; NormalCanRxProc &rArr; CanRcvWlSendProc &rArr; WL_SendData &rArr; RFID_SendData &rArr; RFTxSendPacket &rArr; SetRFChipIdle &rArr; RFID_Init &rArr; RFID_HardwareInit &rArr; RfidConfig &rArr; RfidWriteReg &rArr; RfidSpiWrite &rArr; SpiMcuWrite &rArr; DelayUs &rArr; rcu_clock_freq_get
<P>
<H3>
Functions with no stack information
</H3><UL>
 <LI><a href="#[16b]">OS_CPU_SR_Save</a>
 <LI><a href="#[16d]">OS_CPU_SR_Restore</a>
 <LI><a href="#[1df]">OSStartHighRdy</a>
 <LI><a href="#[1eb]">OSCtxSw</a>
 <LI><a href="#[1d8]">OSIntCtxSw</a>
 <LI><a href="#[1f]">PendSV_Handler</a>
</UL>
</UL>
<P>
<H3>
Mutually Recursive functions
</H3> <LI><a href="#[33]">ADC0_1_IRQHandler</a>&nbsp;&nbsp;&nbsp;&rArr;&nbsp;&nbsp;&nbsp;<a href="#[33]">ADC0_1_IRQHandler</a><BR>
</UL>
<P>
<H3>
Function Pointers
</H3><UL>
 <LI><a href="#[33]">ADC0_1_IRQHandler</a> from startup_gd32f30x_cl.o(.text) referenced from startup_gd32f30x_cl.o(RESET)
 <LI><a href="#[70]">AngleSensorMNG_Task</a> from angle_sensor.o(i.AngleSensorMNG_Task) referenced from main.o(i.TaskStart)
 <LI><a href="#[71]">AngleSensor_Task</a> from angle_sensor.o(i.AngleSensor_Task) referenced from main.o(i.TaskStart)
 <LI><a href="#[6c]">AppTaskBeep</a> from beep_app.o(i.AppTaskBeep) referenced from main.o(i.TaskStart)
 <LI><a href="#[6d]">AppTaskLight</a> from led_app.o(i.AppTaskLight) referenced from main.o(i.TaskStart)
 <LI><a href="#[1b]">BusFault_Handler</a> from gd32f30x_it.o(i.BusFault_Handler) referenced from startup_gd32f30x_cl.o(RESET)
 <LI><a href="#[37]">CAN0_EWMC_IRQHandler</a> from startup_gd32f30x_cl.o(.text) referenced from startup_gd32f30x_cl.o(RESET)
 <LI><a href="#[35]">CAN0_RX0_IRQHandler</a> from l4can.o(i.CAN0_RX0_IRQHandler) referenced from startup_gd32f30x_cl.o(RESET)
 <LI><a href="#[36]">CAN0_RX1_IRQHandler</a> from startup_gd32f30x_cl.o(.text) referenced from startup_gd32f30x_cl.o(RESET)
 <LI><a href="#[34]">CAN0_TX_IRQHandler</a> from startup_gd32f30x_cl.o(.text) referenced from startup_gd32f30x_cl.o(RESET)
 <LI><a href="#[61]">CAN1_EWMC_IRQHandler</a> from startup_gd32f30x_cl.o(.text) referenced from startup_gd32f30x_cl.o(RESET)
 <LI><a href="#[5f]">CAN1_RX0_IRQHandler</a> from startup_gd32f30x_cl.o(.text) referenced from startup_gd32f30x_cl.o(RESET)
 <LI><a href="#[60]">CAN1_RX1_IRQHandler</a> from startup_gd32f30x_cl.o(.text) referenced from startup_gd32f30x_cl.o(RESET)
 <LI><a href="#[5e]">CAN1_TX_IRQHandler</a> from startup_gd32f30x_cl.o(.text) referenced from startup_gd32f30x_cl.o(RESET)
 <LI><a href="#[67]">CanRx_Task</a> from can_app.o(i.CanRx_Task) referenced from can_app.o(i.CanAppInit)
 <LI><a href="#[68]">CanTx_Task</a> from can_app.o(i.CanTx_Task) referenced from can_app.o(i.CanAppInit)
 <LI><a href="#[2c]">DMA0_Channel0_IRQHandler</a> from startup_gd32f30x_cl.o(.text) referenced from startup_gd32f30x_cl.o(RESET)
 <LI><a href="#[2d]">DMA0_Channel1_IRQHandler</a> from startup_gd32f30x_cl.o(.text) referenced from startup_gd32f30x_cl.o(RESET)
 <LI><a href="#[2e]">DMA0_Channel2_IRQHandler</a> from startup_gd32f30x_cl.o(.text) referenced from startup_gd32f30x_cl.o(RESET)
 <LI><a href="#[2f]">DMA0_Channel3_IRQHandler</a> from startup_gd32f30x_cl.o(.text) referenced from startup_gd32f30x_cl.o(RESET)
 <LI><a href="#[30]">DMA0_Channel4_IRQHandler</a> from startup_gd32f30x_cl.o(.text) referenced from startup_gd32f30x_cl.o(RESET)
 <LI><a href="#[31]">DMA0_Channel5_IRQHandler</a> from startup_gd32f30x_cl.o(.text) referenced from startup_gd32f30x_cl.o(RESET)
 <LI><a href="#[32]">DMA0_Channel6_IRQHandler</a> from startup_gd32f30x_cl.o(.text) referenced from startup_gd32f30x_cl.o(RESET)
 <LI><a href="#[57]">DMA1_Channel0_IRQHandler</a> from startup_gd32f30x_cl.o(.text) referenced from startup_gd32f30x_cl.o(RESET)
 <LI><a href="#[58]">DMA1_Channel1_IRQHandler</a> from startup_gd32f30x_cl.o(.text) referenced from startup_gd32f30x_cl.o(RESET)
 <LI><a href="#[59]">DMA1_Channel2_IRQHandler</a> from startup_gd32f30x_cl.o(.text) referenced from startup_gd32f30x_cl.o(RESET)
 <LI><a href="#[5a]">DMA1_Channel3_IRQHandler</a> from startup_gd32f30x_cl.o(.text) referenced from startup_gd32f30x_cl.o(RESET)
 <LI><a href="#[5b]">DMA1_Channel4_IRQHandler</a> from startup_gd32f30x_cl.o(.text) referenced from startup_gd32f30x_cl.o(RESET)
 <LI><a href="#[1e]">DebugMon_Handler</a> from gd32f30x_it.o(i.DebugMon_Handler) referenced from startup_gd32f30x_cl.o(RESET)
 <LI><a href="#[5c]">ENET_IRQHandler</a> from startup_gd32f30x_cl.o(.text) referenced from startup_gd32f30x_cl.o(RESET)
 <LI><a href="#[5d]">ENET_WKUP_IRQHandler</a> from startup_gd32f30x_cl.o(.text) referenced from startup_gd32f30x_cl.o(RESET)
 <LI><a href="#[50]">EXMC_IRQHandler</a> from startup_gd32f30x_cl.o(.text) referenced from startup_gd32f30x_cl.o(RESET)
 <LI><a href="#[27]">EXTI0_IRQHandler</a> from startup_gd32f30x_cl.o(.text) referenced from startup_gd32f30x_cl.o(RESET)
 <LI><a href="#[49]">EXTI10_15_IRQHandler</a> from startup_gd32f30x_cl.o(.text) referenced from startup_gd32f30x_cl.o(RESET)
 <LI><a href="#[28]">EXTI1_IRQHandler</a> from startup_gd32f30x_cl.o(.text) referenced from startup_gd32f30x_cl.o(RESET)
 <LI><a href="#[29]">EXTI2_IRQHandler</a> from rfid_cc1101.o(i.EXTI2_IRQHandler) referenced from startup_gd32f30x_cl.o(RESET)
 <LI><a href="#[2a]">EXTI3_IRQHandler</a> from rfid_cc1101.o(i.EXTI3_IRQHandler) referenced from startup_gd32f30x_cl.o(RESET)
 <LI><a href="#[2b]">EXTI4_IRQHandler</a> from port.o(i.EXTI4_IRQHandler) referenced from startup_gd32f30x_cl.o(RESET)
 <LI><a href="#[38]">EXTI5_9_IRQHandler</a> from angle_sensor.o(i.EXTI5_9_IRQHandler) referenced from startup_gd32f30x_cl.o(RESET)
 <LI><a href="#[25]">FMC_IRQHandler</a> from startup_gd32f30x_cl.o(.text) referenced from startup_gd32f30x_cl.o(RESET)
 <LI><a href="#[19]">HardFault_Handler</a> from gd32f30x_it.o(i.HardFault_Handler) referenced from startup_gd32f30x_cl.o(RESET)
 <LI><a href="#[41]">I2C0_ER_IRQHandler</a> from startup_gd32f30x_cl.o(.text) referenced from startup_gd32f30x_cl.o(RESET)
 <LI><a href="#[40]">I2C0_EV_IRQHandler</a> from startup_gd32f30x_cl.o(.text) referenced from startup_gd32f30x_cl.o(RESET)
 <LI><a href="#[43]">I2C1_ER_IRQHandler</a> from startup_gd32f30x_cl.o(.text) referenced from startup_gd32f30x_cl.o(RESET)
 <LI><a href="#[42]">I2C1_EV_IRQHandler</a> from startup_gd32f30x_cl.o(.text) referenced from startup_gd32f30x_cl.o(RESET)
 <LI><a href="#[22]">LVD_IRQHandler</a> from startup_gd32f30x_cl.o(.text) referenced from startup_gd32f30x_cl.o(RESET)
 <LI><a href="#[14]">LogicGetAngleValueXProc</a> from logic.o(i.LogicGetAngleValueXProc) referenced 2 times from logic.o(.data)
 <LI><a href="#[15]">LogicGetAngleValueYProc</a> from logic.o(i.LogicGetAngleValueYProc) referenced 2 times from logic.o(.data)
 <LI><a href="#[16]">LogicGetAngleValueZProc</a> from logic.o(i.LogicGetAngleValueZProc) referenced 2 times from logic.o(.data)
 <LI><a href="#[a]">LogicGetCalibrateFlagProc</a> from logic.o(i.LogicGetCalibrateFlagProc) referenced 2 times from logic.o(.data)
 <LI><a href="#[6]">LogicGetDevTypeInfProc</a> from logic.o(i.LogicGetDevTypeInfProc) referenced 2 times from logic.o(.data)
 <LI><a href="#[9]">LogicGetModifyParamAllProc</a> from logic.o(i.LogicGetModifyParamAllProc) referenced 2 times from logic.o(.data)
 <LI><a href="#[7]">LogicGetModifyParamNumbProc</a> from logic.o(i.LogicGetModifyParamNumbProc) referenced 2 times from logic.o(.data)
 <LI><a href="#[8]">LogicGetModifyParamProc</a> from logic.o(i.LogicGetModifyParamProc) referenced 2 times from logic.o(.data)
 <LI><a href="#[13]">LogicGetReportIntervalProc</a> from logic.o(i.LogicGetReportIntervalProc) referenced 2 times from logic.o(.data)
 <LI><a href="#[11]">LogicGetSystemStatusProc</a> from logic.o(i.LogicGetSystemStatusProc) referenced 2 times from logic.o(.data)
 <LI><a href="#[12]">LogicGetWorkModeProc</a> from logic.o(i.LogicGetWorkModeProc) referenced 2 times from logic.o(.data)
 <LI><a href="#[5]">LogicSaveParamMsgProc</a> from logic.o(i.LogicSaveParamMsgProc) referenced 2 times from logic.o(.data)
 <LI><a href="#[e]">LogicSetAngleValueXProc</a> from logic.o(i.LogicSetAngleValueXProc) referenced 2 times from logic.o(.data)
 <LI><a href="#[f]">LogicSetAngleValueYProc</a> from logic.o(i.LogicSetAngleValueYProc) referenced 2 times from logic.o(.data)
 <LI><a href="#[10]">LogicSetAngleValueZProc</a> from logic.o(i.LogicSetAngleValueZProc) referenced 2 times from logic.o(.data)
 <LI><a href="#[4]">LogicSetCalibrateFlagProc</a> from logic.o(i.LogicSetCalibrateFlagProc) referenced 2 times from logic.o(.data)
 <LI><a href="#[1]">LogicSetDevTypeInfProc</a> from logic.o(i.LogicSetDevTypeInfProc) referenced 2 times from logic.o(.data)
 <LI><a href="#[2]">LogicSetModifyParamNumbProc</a> from logic.o(i.LogicSetModifyParamNumbProc) referenced 2 times from logic.o(.data)
 <LI><a href="#[3]">LogicSetModifyParamProc</a> from logic.o(i.LogicSetModifyParamProc) referenced 2 times from logic.o(.data)
 <LI><a href="#[d]">LogicSetReportIntervalProc</a> from logic.o(i.LogicSetReportIntervalProc) referenced 2 times from logic.o(.data)
 <LI><a href="#[b]">LogicSetSystemStatusProc</a> from logic.o(i.LogicSetSystemStatusProc) referenced 2 times from logic.o(.data)
 <LI><a href="#[c]">LogicSetWorkModeProc</a> from logic.o(i.LogicSetWorkModeProc) referenced 2 times from logic.o(.data)
 <LI><a href="#[1a]">MemManage_Handler</a> from gd32f30x_it.o(i.MemManage_Handler) referenced from startup_gd32f30x_cl.o(RESET)
 <LI><a href="#[77]">MessageForRfidRcved</a> from wireless.o(i.MessageForRfidRcved) referenced from wireless.o(i.WL_MNG_Task)
 <LI><a href="#[18]">NMI_Handler</a> from gd32f30x_it.o(i.NMI_Handler) referenced from startup_gd32f30x_cl.o(RESET)
 <LI><a href="#[64]">OSTaskSwHook</a> from os_cpu_c.o(i.OSTaskSwHook) referenced from os_cpu_a.o(.text)
 <LI><a href="#[6b]">OS_TaskIdle</a> from os_core.o(i.OS_TaskIdle) referenced from os_core.o(i.OS_InitTaskIdle)
 <LI><a href="#[6a]">OS_TaskReturn</a> from os_task.o(i.OS_TaskReturn) referenced from os_cpu_c.o(i.OSTaskStkInit)
 <LI><a href="#[1f]">PendSV_Handler</a> from os_cpu_a.o(.text) referenced from startup_gd32f30x_cl.o(RESET)
 <LI><a href="#[26]">RCU_CTC_IRQHandler</a> from startup_gd32f30x_cl.o(.text) referenced from startup_gd32f30x_cl.o(RESET)
 <LI><a href="#[4a]">RTC_Alarm_IRQHandler</a> from startup_gd32f30x_cl.o(.text) referenced from startup_gd32f30x_cl.o(RESET)
 <LI><a href="#[24]">RTC_IRQHandler</a> from startup_gd32f30x_cl.o(.text) referenced from startup_gd32f30x_cl.o(RESET)
 <LI><a href="#[17]">Reset_Handler</a> from startup_gd32f30x_cl.o(.text) referenced from startup_gd32f30x_cl.o(RESET)
 <LI><a href="#[44]">SPI0_IRQHandler</a> from startup_gd32f30x_cl.o(.text) referenced from startup_gd32f30x_cl.o(RESET)
 <LI><a href="#[45]">SPI1_IRQHandler</a> from startup_gd32f30x_cl.o(.text) referenced from startup_gd32f30x_cl.o(RESET)
 <LI><a href="#[52]">SPI2_IRQHandler</a> from startup_gd32f30x_cl.o(.text) referenced from startup_gd32f30x_cl.o(RESET)
 <LI><a href="#[1d]">SVC_Handler</a> from gd32f30x_it.o(i.SVC_Handler) referenced from startup_gd32f30x_cl.o(RESET)
 <LI><a href="#[20]">SysTick_Handler</a> from gd32f30x_it.o(i.SysTick_Handler) referenced from startup_gd32f30x_cl.o(RESET)
 <LI><a href="#[65]">SystemInit</a> from system_gd32f30x.o(i.SystemInit) referenced from startup_gd32f30x_cl.o(.text)
 <LI><a href="#[23]">TAMPER_IRQHandler</a> from startup_gd32f30x_cl.o(.text) referenced from startup_gd32f30x_cl.o(RESET)
 <LI><a href="#[39]">TIMER0_BRK_TIMER8_IRQHandler</a> from startup_gd32f30x_cl.o(.text) referenced from startup_gd32f30x_cl.o(RESET)
 <LI><a href="#[3c]">TIMER0_Channel_IRQHandler</a> from startup_gd32f30x_cl.o(.text) referenced from startup_gd32f30x_cl.o(RESET)
 <LI><a href="#[3b]">TIMER0_TRG_CMT_TIMER10_IRQHandler</a> from startup_gd32f30x_cl.o(.text) referenced from startup_gd32f30x_cl.o(RESET)
 <LI><a href="#[3a]">TIMER0_UP_TIMER9_IRQHandler</a> from startup_gd32f30x_cl.o(.text) referenced from startup_gd32f30x_cl.o(RESET)
 <LI><a href="#[3d]">TIMER1_IRQHandler</a> from startup_gd32f30x_cl.o(.text) referenced from startup_gd32f30x_cl.o(RESET)
 <LI><a href="#[3e]">TIMER2_IRQHandler</a> from startup_gd32f30x_cl.o(.text) referenced from startup_gd32f30x_cl.o(RESET)
 <LI><a href="#[3f]">TIMER3_IRQHandler</a> from startup_gd32f30x_cl.o(.text) referenced from startup_gd32f30x_cl.o(RESET)
 <LI><a href="#[51]">TIMER4_IRQHandler</a> from startup_gd32f30x_cl.o(.text) referenced from startup_gd32f30x_cl.o(RESET)
 <LI><a href="#[55]">TIMER5_IRQHandler</a> from startup_gd32f30x_cl.o(.text) referenced from startup_gd32f30x_cl.o(RESET)
 <LI><a href="#[56]">TIMER6_IRQHandler</a> from startup_gd32f30x_cl.o(.text) referenced from startup_gd32f30x_cl.o(RESET)
 <LI><a href="#[4c]">TIMER7_BRK_TIMER11_IRQHandler</a> from startup_gd32f30x_cl.o(.text) referenced from startup_gd32f30x_cl.o(RESET)
 <LI><a href="#[4f]">TIMER7_Channel_IRQHandler</a> from startup_gd32f30x_cl.o(.text) referenced from startup_gd32f30x_cl.o(RESET)
 <LI><a href="#[4e]">TIMER7_TRG_CMT_TIMER13_IRQHandler</a> from startup_gd32f30x_cl.o(.text) referenced from startup_gd32f30x_cl.o(RESET)
 <LI><a href="#[4d]">TIMER7_UP_TIMER12_IRQHandler</a> from startup_gd32f30x_cl.o(.text) referenced from startup_gd32f30x_cl.o(RESET)
 <LI><a href="#[78]">TaskStart</a> from main.o(i.TaskStart) referenced from main.o(i.main)
 <LI><a href="#[53]">UART3_IRQHandler</a> from startup_gd32f30x_cl.o(.text) referenced from startup_gd32f30x_cl.o(RESET)
 <LI><a href="#[54]">UART4_IRQHandler</a> from startup_gd32f30x_cl.o(.text) referenced from startup_gd32f30x_cl.o(RESET)
 <LI><a href="#[46]">USART0_IRQHandler</a> from startup_gd32f30x_cl.o(.text) referenced from startup_gd32f30x_cl.o(RESET)
 <LI><a href="#[47]">USART1_IRQHandler</a> from startup_gd32f30x_cl.o(.text) referenced from startup_gd32f30x_cl.o(RESET)
 <LI><a href="#[48]">USART2_IRQHandler</a> from startup_gd32f30x_cl.o(.text) referenced from startup_gd32f30x_cl.o(RESET)
 <LI><a href="#[62]">USBFS_IRQHandler</a> from startup_gd32f30x_cl.o(.text) referenced from startup_gd32f30x_cl.o(RESET)
 <LI><a href="#[4b]">USBFS_WKUP_IRQHandler</a> from startup_gd32f30x_cl.o(.text) referenced from startup_gd32f30x_cl.o(RESET)
 <LI><a href="#[1c]">UsageFault_Handler</a> from gd32f30x_it.o(i.UsageFault_Handler) referenced from startup_gd32f30x_cl.o(RESET)
 <LI><a href="#[6e]">UwbAnchorIrqTask</a> from uwb_anchor.o(i.UwbAnchorIrqTask) referenced from main.o(i.TaskStart)
 <LI><a href="#[69]">UwbAppTask</a> from location_data_app.o(i.UwbAppTask) referenced from location_data_app.o(i.LocationDataAppInit)
 <LI><a href="#[75]">UwbRxOkCb</a> from uwb_anchor.o(i.UwbRxOkCb) referenced from uwb_anchor.o(i.UwbAnchorIrqTask)
 <LI><a href="#[6f]">WL_MNG_Task</a> from wireless.o(i.WL_MNG_Task) referenced from main.o(i.TaskStart)
 <LI><a href="#[21]">WWDGT_IRQHandler</a> from startup_gd32f30x_cl.o(.text) referenced from startup_gd32f30x_cl.o(RESET)
 <LI><a href="#[66]">__main</a> from entry.o(.ARM.Collect$$$$00000000) referenced from startup_gd32f30x_cl.o(.text)
 <LI><a href="#[72]">else_err_cb</a> from uwb_anchor.o(i.else_err_cb) referenced from uwb_anchor.o(i.UwbAnchorIrqTask)
 <LI><a href="#[63]">main</a> from main.o(i.main) referenced from entry9a.o(.ARM.Collect$$$$0000000B)
 <LI><a href="#[73]">rx_err_cb</a> from uwb_anchor.o(i.rx_err_cb) referenced from uwb_anchor.o(i.UwbAnchorIrqTask)
 <LI><a href="#[74]">rx_to_cb</a> from uwb_anchor.o(i.rx_to_cb) referenced from uwb_anchor.o(i.UwbAnchorIrqTask)
 <LI><a href="#[76]">tx_conf_cb</a> from uwb_anchor.o(i.tx_conf_cb) referenced from uwb_anchor.o(i.UwbAnchorIrqTask)
</UL>
<P>
<H3>
Global Symbols
</H3>
<P><STRONG><a name="[66]"></a>__main</STRONG> (Thumb, 0 bytes, Stack size unknown bytes, entry.o(.ARM.Collect$$$$00000000))
<BR>[Address Reference Count : 1]<UL><LI> startup_gd32f30x_cl.o(.text)
</UL>
<P><STRONG><a name="[263]"></a>_main_stk</STRONG> (Thumb, 0 bytes, Stack size unknown bytes, entry2.o(.ARM.Collect$$$$00000001))

<P><STRONG><a name="[79]"></a>_main_scatterload</STRONG> (Thumb, 0 bytes, Stack size unknown bytes, entry5.o(.ARM.Collect$$$$00000004))
<BR><BR>[Calls]<UL><LI><a href="#[7a]">&gt;&gt;</a>&nbsp;&nbsp;&nbsp;__scatterload
</UL>

<P><STRONG><a name="[8c]"></a>__main_after_scatterload</STRONG> (Thumb, 0 bytes, Stack size unknown bytes, entry5.o(.ARM.Collect$$$$00000004))
<BR><BR>[Called By]<UL><LI><a href="#[7a]">&gt;&gt;</a>&nbsp;&nbsp;&nbsp;__scatterload
</UL>

<P><STRONG><a name="[264]"></a>_main_clock</STRONG> (Thumb, 0 bytes, Stack size unknown bytes, entry7b.o(.ARM.Collect$$$$00000008))

<P><STRONG><a name="[265]"></a>_main_cpp_init</STRONG> (Thumb, 0 bytes, Stack size unknown bytes, entry8b.o(.ARM.Collect$$$$0000000A))

<P><STRONG><a name="[266]"></a>_main_init</STRONG> (Thumb, 0 bytes, Stack size unknown bytes, entry9a.o(.ARM.Collect$$$$0000000B))

<P><STRONG><a name="[267]"></a>__rt_lib_shutdown_fini</STRONG> (Thumb, 0 bytes, Stack size unknown bytes, entry12b.o(.ARM.Collect$$$$0000000E))

<P><STRONG><a name="[268]"></a>__rt_final_cpp</STRONG> (Thumb, 0 bytes, Stack size unknown bytes, entry10a.o(.ARM.Collect$$$$0000000F))

<P><STRONG><a name="[269]"></a>__rt_final_exit</STRONG> (Thumb, 0 bytes, Stack size unknown bytes, entry11a.o(.ARM.Collect$$$$00000011))

<P><STRONG><a name="[16b]"></a>OS_CPU_SR_Save</STRONG> (Thumb, 0 bytes, Stack size unknown bytes, os_cpu_a.o(.text))
<BR><BR>[Called By]<UL><LI><a href="#[105]">&gt;&gt;</a>&nbsp;&nbsp;&nbsp;OSTaskNameSet
<LI><a href="#[21b]">&gt;&gt;</a>&nbsp;&nbsp;&nbsp;UpdateDataProcess
<LI><a href="#[1e8]">&gt;&gt;</a>&nbsp;&nbsp;&nbsp;OSTimeTick
<LI><a href="#[171]">&gt;&gt;</a>&nbsp;&nbsp;&nbsp;OSIntExit
<LI><a href="#[20]">&gt;&gt;</a>&nbsp;&nbsp;&nbsp;SysTick_Handler
<LI><a href="#[b6]">&gt;&gt;</a>&nbsp;&nbsp;&nbsp;OSTimeDly
<LI><a href="#[1e3]">&gt;&gt;</a>&nbsp;&nbsp;&nbsp;OSTaskDel
<LI><a href="#[104]">&gt;&gt;</a>&nbsp;&nbsp;&nbsp;OSTaskCreateExt
<LI><a href="#[1e0]">&gt;&gt;</a>&nbsp;&nbsp;&nbsp;OSTaskCreate
<LI><a href="#[197]">&gt;&gt;</a>&nbsp;&nbsp;&nbsp;OSTaskSuspend
<LI><a href="#[ba]">&gt;&gt;</a>&nbsp;&nbsp;&nbsp;OSTaskQuery
<LI><a href="#[b3]">&gt;&gt;</a>&nbsp;&nbsp;&nbsp;LogicRunInfApi
<LI><a href="#[b2]">&gt;&gt;</a>&nbsp;&nbsp;&nbsp;LogicParamApi
<LI><a href="#[a1]">&gt;&gt;</a>&nbsp;&nbsp;&nbsp;OSSemPost
<LI><a href="#[126]">&gt;&gt;</a>&nbsp;&nbsp;&nbsp;OSSemPend
<LI><a href="#[108]">&gt;&gt;</a>&nbsp;&nbsp;&nbsp;OSSemCreate
<LI><a href="#[173]">&gt;&gt;</a>&nbsp;&nbsp;&nbsp;RfidStrobe
<LI><a href="#[bb]">&gt;&gt;</a>&nbsp;&nbsp;&nbsp;OSTaskResume
<LI><a href="#[6b]">&gt;&gt;</a>&nbsp;&nbsp;&nbsp;OS_TaskIdle
<LI><a href="#[1e2]">&gt;&gt;</a>&nbsp;&nbsp;&nbsp;OS_TCBInit
<LI><a href="#[1db]">&gt;&gt;</a>&nbsp;&nbsp;&nbsp;OS_Sched
<LI><a href="#[1fd]">&gt;&gt;</a>&nbsp;&nbsp;&nbsp;RFTxSendPacket
<LI><a href="#[1f1]">&gt;&gt;</a>&nbsp;&nbsp;&nbsp;RFID_GetFrame
<LI><a href="#[2a]">&gt;&gt;</a>&nbsp;&nbsp;&nbsp;EXTI3_IRQHandler
<LI><a href="#[29]">&gt;&gt;</a>&nbsp;&nbsp;&nbsp;EXTI2_IRQHandler
<LI><a href="#[1f8]">&gt;&gt;</a>&nbsp;&nbsp;&nbsp;SetRxMode
</UL>

<P><STRONG><a name="[16d]"></a>OS_CPU_SR_Restore</STRONG> (Thumb, 0 bytes, Stack size unknown bytes, os_cpu_a.o(.text))
<BR><BR>[Called By]<UL><LI><a href="#[105]">&gt;&gt;</a>&nbsp;&nbsp;&nbsp;OSTaskNameSet
<LI><a href="#[21b]">&gt;&gt;</a>&nbsp;&nbsp;&nbsp;UpdateDataProcess
<LI><a href="#[1e8]">&gt;&gt;</a>&nbsp;&nbsp;&nbsp;OSTimeTick
<LI><a href="#[171]">&gt;&gt;</a>&nbsp;&nbsp;&nbsp;OSIntExit
<LI><a href="#[20]">&gt;&gt;</a>&nbsp;&nbsp;&nbsp;SysTick_Handler
<LI><a href="#[b6]">&gt;&gt;</a>&nbsp;&nbsp;&nbsp;OSTimeDly
<LI><a href="#[1e3]">&gt;&gt;</a>&nbsp;&nbsp;&nbsp;OSTaskDel
<LI><a href="#[104]">&gt;&gt;</a>&nbsp;&nbsp;&nbsp;OSTaskCreateExt
<LI><a href="#[1e0]">&gt;&gt;</a>&nbsp;&nbsp;&nbsp;OSTaskCreate
<LI><a href="#[197]">&gt;&gt;</a>&nbsp;&nbsp;&nbsp;OSTaskSuspend
<LI><a href="#[ba]">&gt;&gt;</a>&nbsp;&nbsp;&nbsp;OSTaskQuery
<LI><a href="#[b3]">&gt;&gt;</a>&nbsp;&nbsp;&nbsp;LogicRunInfApi
<LI><a href="#[b2]">&gt;&gt;</a>&nbsp;&nbsp;&nbsp;LogicParamApi
<LI><a href="#[a1]">&gt;&gt;</a>&nbsp;&nbsp;&nbsp;OSSemPost
<LI><a href="#[126]">&gt;&gt;</a>&nbsp;&nbsp;&nbsp;OSSemPend
<LI><a href="#[108]">&gt;&gt;</a>&nbsp;&nbsp;&nbsp;OSSemCreate
<LI><a href="#[173]">&gt;&gt;</a>&nbsp;&nbsp;&nbsp;RfidStrobe
<LI><a href="#[bb]">&gt;&gt;</a>&nbsp;&nbsp;&nbsp;OSTaskResume
<LI><a href="#[6b]">&gt;&gt;</a>&nbsp;&nbsp;&nbsp;OS_TaskIdle
<LI><a href="#[1e2]">&gt;&gt;</a>&nbsp;&nbsp;&nbsp;OS_TCBInit
<LI><a href="#[1db]">&gt;&gt;</a>&nbsp;&nbsp;&nbsp;OS_Sched
<LI><a href="#[1fd]">&gt;&gt;</a>&nbsp;&nbsp;&nbsp;RFTxSendPacket
<LI><a href="#[1f1]">&gt;&gt;</a>&nbsp;&nbsp;&nbsp;RFID_GetFrame
<LI><a href="#[2a]">&gt;&gt;</a>&nbsp;&nbsp;&nbsp;EXTI3_IRQHandler
<LI><a href="#[29]">&gt;&gt;</a>&nbsp;&nbsp;&nbsp;EXTI2_IRQHandler
<LI><a href="#[1f8]">&gt;&gt;</a>&nbsp;&nbsp;&nbsp;SetRxMode
</UL>

<P><STRONG><a name="[1df]"></a>OSStartHighRdy</STRONG> (Thumb, 0 bytes, Stack size unknown bytes, os_cpu_a.o(.text))
<BR><BR>[Called By]<UL><LI><a href="#[1de]">&gt;&gt;</a>&nbsp;&nbsp;&nbsp;OSStart
</UL>

<P><STRONG><a name="[1eb]"></a>OSCtxSw</STRONG> (Thumb, 0 bytes, Stack size unknown bytes, os_cpu_a.o(.text))
<BR><BR>[Called By]<UL><LI><a href="#[1db]">&gt;&gt;</a>&nbsp;&nbsp;&nbsp;OS_Sched
</UL>

<P><STRONG><a name="[1d8]"></a>OSIntCtxSw</STRONG> (Thumb, 0 bytes, Stack size unknown bytes, os_cpu_a.o(.text))
<BR><BR>[Called By]<UL><LI><a href="#[171]">&gt;&gt;</a>&nbsp;&nbsp;&nbsp;OSIntExit
</UL>

<P><STRONG><a name="[1f]"></a>PendSV_Handler</STRONG> (Thumb, 0 bytes, Stack size unknown bytes, os_cpu_a.o(.text))
<BR>[Address Reference Count : 1]<UL><LI> startup_gd32f30x_cl.o(RESET)
</UL>
<P><STRONG><a name="[17]"></a>Reset_Handler</STRONG> (Thumb, 8 bytes, Stack size 0 bytes, startup_gd32f30x_cl.o(.text))
<BR>[Address Reference Count : 1]<UL><LI> startup_gd32f30x_cl.o(RESET)
</UL>
<P><STRONG><a name="[33]"></a>ADC0_1_IRQHandler</STRONG> (Thumb, 0 bytes, Stack size 0 bytes, startup_gd32f30x_cl.o(.text))
<BR><BR>[Calls]<UL><LI><a href="#[33]">&gt;&gt;</a>&nbsp;&nbsp;&nbsp;ADC0_1_IRQHandler
</UL>
<BR>[Called By]<UL><LI><a href="#[33]">&gt;&gt;</a>&nbsp;&nbsp;&nbsp;ADC0_1_IRQHandler
</UL>
<BR>[Address Reference Count : 1]<UL><LI> startup_gd32f30x_cl.o(RESET)
</UL>
<P><STRONG><a name="[37]"></a>CAN0_EWMC_IRQHandler</STRONG> (Thumb, 0 bytes, Stack size 0 bytes, startup_gd32f30x_cl.o(.text))
<BR>[Address Reference Count : 1]<UL><LI> startup_gd32f30x_cl.o(RESET)
</UL>
<P><STRONG><a name="[36]"></a>CAN0_RX1_IRQHandler</STRONG> (Thumb, 0 bytes, Stack size 0 bytes, startup_gd32f30x_cl.o(.text))
<BR>[Address Reference Count : 1]<UL><LI> startup_gd32f30x_cl.o(RESET)
</UL>
<P><STRONG><a name="[34]"></a>CAN0_TX_IRQHandler</STRONG> (Thumb, 0 bytes, Stack size 0 bytes, startup_gd32f30x_cl.o(.text))
<BR>[Address Reference Count : 1]<UL><LI> startup_gd32f30x_cl.o(RESET)
</UL>
<P><STRONG><a name="[61]"></a>CAN1_EWMC_IRQHandler</STRONG> (Thumb, 0 bytes, Stack size 0 bytes, startup_gd32f30x_cl.o(.text))
<BR>[Address Reference Count : 1]<UL><LI> startup_gd32f30x_cl.o(RESET)
</UL>
<P><STRONG><a name="[5f]"></a>CAN1_RX0_IRQHandler</STRONG> (Thumb, 0 bytes, Stack size 0 bytes, startup_gd32f30x_cl.o(.text))
<BR>[Address Reference Count : 1]<UL><LI> startup_gd32f30x_cl.o(RESET)
</UL>
<P><STRONG><a name="[60]"></a>CAN1_RX1_IRQHandler</STRONG> (Thumb, 0 bytes, Stack size 0 bytes, startup_gd32f30x_cl.o(.text))
<BR>[Address Reference Count : 1]<UL><LI> startup_gd32f30x_cl.o(RESET)
</UL>
<P><STRONG><a name="[5e]"></a>CAN1_TX_IRQHandler</STRONG> (Thumb, 0 bytes, Stack size 0 bytes, startup_gd32f30x_cl.o(.text))
<BR>[Address Reference Count : 1]<UL><LI> startup_gd32f30x_cl.o(RESET)
</UL>
<P><STRONG><a name="[2c]"></a>DMA0_Channel0_IRQHandler</STRONG> (Thumb, 0 bytes, Stack size 0 bytes, startup_gd32f30x_cl.o(.text))
<BR>[Address Reference Count : 1]<UL><LI> startup_gd32f30x_cl.o(RESET)
</UL>
<P><STRONG><a name="[2d]"></a>DMA0_Channel1_IRQHandler</STRONG> (Thumb, 0 bytes, Stack size 0 bytes, startup_gd32f30x_cl.o(.text))
<BR>[Address Reference Count : 1]<UL><LI> startup_gd32f30x_cl.o(RESET)
</UL>
<P><STRONG><a name="[2e]"></a>DMA0_Channel2_IRQHandler</STRONG> (Thumb, 0 bytes, Stack size 0 bytes, startup_gd32f30x_cl.o(.text))
<BR>[Address Reference Count : 1]<UL><LI> startup_gd32f30x_cl.o(RESET)
</UL>
<P><STRONG><a name="[2f]"></a>DMA0_Channel3_IRQHandler</STRONG> (Thumb, 0 bytes, Stack size 0 bytes, startup_gd32f30x_cl.o(.text))
<BR>[Address Reference Count : 1]<UL><LI> startup_gd32f30x_cl.o(RESET)
</UL>
<P><STRONG><a name="[30]"></a>DMA0_Channel4_IRQHandler</STRONG> (Thumb, 0 bytes, Stack size 0 bytes, startup_gd32f30x_cl.o(.text))
<BR>[Address Reference Count : 1]<UL><LI> startup_gd32f30x_cl.o(RESET)
</UL>
<P><STRONG><a name="[31]"></a>DMA0_Channel5_IRQHandler</STRONG> (Thumb, 0 bytes, Stack size 0 bytes, startup_gd32f30x_cl.o(.text))
<BR>[Address Reference Count : 1]<UL><LI> startup_gd32f30x_cl.o(RESET)
</UL>
<P><STRONG><a name="[32]"></a>DMA0_Channel6_IRQHandler</STRONG> (Thumb, 0 bytes, Stack size 0 bytes, startup_gd32f30x_cl.o(.text))
<BR>[Address Reference Count : 1]<UL><LI> startup_gd32f30x_cl.o(RESET)
</UL>
<P><STRONG><a name="[57]"></a>DMA1_Channel0_IRQHandler</STRONG> (Thumb, 0 bytes, Stack size 0 bytes, startup_gd32f30x_cl.o(.text))
<BR>[Address Reference Count : 1]<UL><LI> startup_gd32f30x_cl.o(RESET)
</UL>
<P><STRONG><a name="[58]"></a>DMA1_Channel1_IRQHandler</STRONG> (Thumb, 0 bytes, Stack size 0 bytes, startup_gd32f30x_cl.o(.text))
<BR>[Address Reference Count : 1]<UL><LI> startup_gd32f30x_cl.o(RESET)
</UL>
<P><STRONG><a name="[59]"></a>DMA1_Channel2_IRQHandler</STRONG> (Thumb, 0 bytes, Stack size 0 bytes, startup_gd32f30x_cl.o(.text))
<BR>[Address Reference Count : 1]<UL><LI> startup_gd32f30x_cl.o(RESET)
</UL>
<P><STRONG><a name="[5a]"></a>DMA1_Channel3_IRQHandler</STRONG> (Thumb, 0 bytes, Stack size 0 bytes, startup_gd32f30x_cl.o(.text))
<BR>[Address Reference Count : 1]<UL><LI> startup_gd32f30x_cl.o(RESET)
</UL>
<P><STRONG><a name="[5b]"></a>DMA1_Channel4_IRQHandler</STRONG> (Thumb, 0 bytes, Stack size 0 bytes, startup_gd32f30x_cl.o(.text))
<BR>[Address Reference Count : 1]<UL><LI> startup_gd32f30x_cl.o(RESET)
</UL>
<P><STRONG><a name="[5c]"></a>ENET_IRQHandler</STRONG> (Thumb, 0 bytes, Stack size 0 bytes, startup_gd32f30x_cl.o(.text))
<BR>[Address Reference Count : 1]<UL><LI> startup_gd32f30x_cl.o(RESET)
</UL>
<P><STRONG><a name="[5d]"></a>ENET_WKUP_IRQHandler</STRONG> (Thumb, 0 bytes, Stack size 0 bytes, startup_gd32f30x_cl.o(.text))
<BR>[Address Reference Count : 1]<UL><LI> startup_gd32f30x_cl.o(RESET)
</UL>
<P><STRONG><a name="[50]"></a>EXMC_IRQHandler</STRONG> (Thumb, 0 bytes, Stack size 0 bytes, startup_gd32f30x_cl.o(.text))
<BR>[Address Reference Count : 1]<UL><LI> startup_gd32f30x_cl.o(RESET)
</UL>
<P><STRONG><a name="[27]"></a>EXTI0_IRQHandler</STRONG> (Thumb, 0 bytes, Stack size 0 bytes, startup_gd32f30x_cl.o(.text))
<BR>[Address Reference Count : 1]<UL><LI> startup_gd32f30x_cl.o(RESET)
</UL>
<P><STRONG><a name="[49]"></a>EXTI10_15_IRQHandler</STRONG> (Thumb, 0 bytes, Stack size 0 bytes, startup_gd32f30x_cl.o(.text))
<BR>[Address Reference Count : 1]<UL><LI> startup_gd32f30x_cl.o(RESET)
</UL>
<P><STRONG><a name="[28]"></a>EXTI1_IRQHandler</STRONG> (Thumb, 0 bytes, Stack size 0 bytes, startup_gd32f30x_cl.o(.text))
<BR>[Address Reference Count : 1]<UL><LI> startup_gd32f30x_cl.o(RESET)
</UL>
<P><STRONG><a name="[25]"></a>FMC_IRQHandler</STRONG> (Thumb, 0 bytes, Stack size 0 bytes, startup_gd32f30x_cl.o(.text))
<BR>[Address Reference Count : 1]<UL><LI> startup_gd32f30x_cl.o(RESET)
</UL>
<P><STRONG><a name="[41]"></a>I2C0_ER_IRQHandler</STRONG> (Thumb, 0 bytes, Stack size 0 bytes, startup_gd32f30x_cl.o(.text))
<BR>[Address Reference Count : 1]<UL><LI> startup_gd32f30x_cl.o(RESET)
</UL>
<P><STRONG><a name="[40]"></a>I2C0_EV_IRQHandler</STRONG> (Thumb, 0 bytes, Stack size 0 bytes, startup_gd32f30x_cl.o(.text))
<BR>[Address Reference Count : 1]<UL><LI> startup_gd32f30x_cl.o(RESET)
</UL>
<P><STRONG><a name="[43]"></a>I2C1_ER_IRQHandler</STRONG> (Thumb, 0 bytes, Stack size 0 bytes, startup_gd32f30x_cl.o(.text))
<BR>[Address Reference Count : 1]<UL><LI> startup_gd32f30x_cl.o(RESET)
</UL>
<P><STRONG><a name="[42]"></a>I2C1_EV_IRQHandler</STRONG> (Thumb, 0 bytes, Stack size 0 bytes, startup_gd32f30x_cl.o(.text))
<BR>[Address Reference Count : 1]<UL><LI> startup_gd32f30x_cl.o(RESET)
</UL>
<P><STRONG><a name="[22]"></a>LVD_IRQHandler</STRONG> (Thumb, 0 bytes, Stack size 0 bytes, startup_gd32f30x_cl.o(.text))
<BR>[Address Reference Count : 1]<UL><LI> startup_gd32f30x_cl.o(RESET)
</UL>
<P><STRONG><a name="[26]"></a>RCU_CTC_IRQHandler</STRONG> (Thumb, 0 bytes, Stack size 0 bytes, startup_gd32f30x_cl.o(.text))
<BR>[Address Reference Count : 1]<UL><LI> startup_gd32f30x_cl.o(RESET)
</UL>
<P><STRONG><a name="[4a]"></a>RTC_Alarm_IRQHandler</STRONG> (Thumb, 0 bytes, Stack size 0 bytes, startup_gd32f30x_cl.o(.text))
<BR>[Address Reference Count : 1]<UL><LI> startup_gd32f30x_cl.o(RESET)
</UL>
<P><STRONG><a name="[24]"></a>RTC_IRQHandler</STRONG> (Thumb, 0 bytes, Stack size 0 bytes, startup_gd32f30x_cl.o(.text))
<BR>[Address Reference Count : 1]<UL><LI> startup_gd32f30x_cl.o(RESET)
</UL>
<P><STRONG><a name="[44]"></a>SPI0_IRQHandler</STRONG> (Thumb, 0 bytes, Stack size 0 bytes, startup_gd32f30x_cl.o(.text))
<BR>[Address Reference Count : 1]<UL><LI> startup_gd32f30x_cl.o(RESET)
</UL>
<P><STRONG><a name="[45]"></a>SPI1_IRQHandler</STRONG> (Thumb, 0 bytes, Stack size 0 bytes, startup_gd32f30x_cl.o(.text))
<BR>[Address Reference Count : 1]<UL><LI> startup_gd32f30x_cl.o(RESET)
</UL>
<P><STRONG><a name="[52]"></a>SPI2_IRQHandler</STRONG> (Thumb, 0 bytes, Stack size 0 bytes, startup_gd32f30x_cl.o(.text))
<BR>[Address Reference Count : 1]<UL><LI> startup_gd32f30x_cl.o(RESET)
</UL>
<P><STRONG><a name="[23]"></a>TAMPER_IRQHandler</STRONG> (Thumb, 0 bytes, Stack size 0 bytes, startup_gd32f30x_cl.o(.text))
<BR>[Address Reference Count : 1]<UL><LI> startup_gd32f30x_cl.o(RESET)
</UL>
<P><STRONG><a name="[39]"></a>TIMER0_BRK_TIMER8_IRQHandler</STRONG> (Thumb, 0 bytes, Stack size 0 bytes, startup_gd32f30x_cl.o(.text))
<BR>[Address Reference Count : 1]<UL><LI> startup_gd32f30x_cl.o(RESET)
</UL>
<P><STRONG><a name="[3c]"></a>TIMER0_Channel_IRQHandler</STRONG> (Thumb, 0 bytes, Stack size 0 bytes, startup_gd32f30x_cl.o(.text))
<BR>[Address Reference Count : 1]<UL><LI> startup_gd32f30x_cl.o(RESET)
</UL>
<P><STRONG><a name="[3b]"></a>TIMER0_TRG_CMT_TIMER10_IRQHandler</STRONG> (Thumb, 0 bytes, Stack size 0 bytes, startup_gd32f30x_cl.o(.text))
<BR>[Address Reference Count : 1]<UL><LI> startup_gd32f30x_cl.o(RESET)
</UL>
<P><STRONG><a name="[3a]"></a>TIMER0_UP_TIMER9_IRQHandler</STRONG> (Thumb, 0 bytes, Stack size 0 bytes, startup_gd32f30x_cl.o(.text))
<BR>[Address Reference Count : 1]<UL><LI> startup_gd32f30x_cl.o(RESET)
</UL>
<P><STRONG><a name="[3d]"></a>TIMER1_IRQHandler</STRONG> (Thumb, 0 bytes, Stack size 0 bytes, startup_gd32f30x_cl.o(.text))
<BR>[Address Reference Count : 1]<UL><LI> startup_gd32f30x_cl.o(RESET)
</UL>
<P><STRONG><a name="[3e]"></a>TIMER2_IRQHandler</STRONG> (Thumb, 0 bytes, Stack size 0 bytes, startup_gd32f30x_cl.o(.text))
<BR>[Address Reference Count : 1]<UL><LI> startup_gd32f30x_cl.o(RESET)
</UL>
<P><STRONG><a name="[3f]"></a>TIMER3_IRQHandler</STRONG> (Thumb, 0 bytes, Stack size 0 bytes, startup_gd32f30x_cl.o(.text))
<BR>[Address Reference Count : 1]<UL><LI> startup_gd32f30x_cl.o(RESET)
</UL>
<P><STRONG><a name="[51]"></a>TIMER4_IRQHandler</STRONG> (Thumb, 0 bytes, Stack size 0 bytes, startup_gd32f30x_cl.o(.text))
<BR>[Address Reference Count : 1]<UL><LI> startup_gd32f30x_cl.o(RESET)
</UL>
<P><STRONG><a name="[55]"></a>TIMER5_IRQHandler</STRONG> (Thumb, 0 bytes, Stack size 0 bytes, startup_gd32f30x_cl.o(.text))
<BR>[Address Reference Count : 1]<UL><LI> startup_gd32f30x_cl.o(RESET)
</UL>
<P><STRONG><a name="[56]"></a>TIMER6_IRQHandler</STRONG> (Thumb, 0 bytes, Stack size 0 bytes, startup_gd32f30x_cl.o(.text))
<BR>[Address Reference Count : 1]<UL><LI> startup_gd32f30x_cl.o(RESET)
</UL>
<P><STRONG><a name="[4c]"></a>TIMER7_BRK_TIMER11_IRQHandler</STRONG> (Thumb, 0 bytes, Stack size 0 bytes, startup_gd32f30x_cl.o(.text))
<BR>[Address Reference Count : 1]<UL><LI> startup_gd32f30x_cl.o(RESET)
</UL>
<P><STRONG><a name="[4f]"></a>TIMER7_Channel_IRQHandler</STRONG> (Thumb, 0 bytes, Stack size 0 bytes, startup_gd32f30x_cl.o(.text))
<BR>[Address Reference Count : 1]<UL><LI> startup_gd32f30x_cl.o(RESET)
</UL>
<P><STRONG><a name="[4e]"></a>TIMER7_TRG_CMT_TIMER13_IRQHandler</STRONG> (Thumb, 0 bytes, Stack size 0 bytes, startup_gd32f30x_cl.o(.text))
<BR>[Address Reference Count : 1]<UL><LI> startup_gd32f30x_cl.o(RESET)
</UL>
<P><STRONG><a name="[4d]"></a>TIMER7_UP_TIMER12_IRQHandler</STRONG> (Thumb, 0 bytes, Stack size 0 bytes, startup_gd32f30x_cl.o(.text))
<BR>[Address Reference Count : 1]<UL><LI> startup_gd32f30x_cl.o(RESET)
</UL>
<P><STRONG><a name="[53]"></a>UART3_IRQHandler</STRONG> (Thumb, 0 bytes, Stack size 0 bytes, startup_gd32f30x_cl.o(.text))
<BR>[Address Reference Count : 1]<UL><LI> startup_gd32f30x_cl.o(RESET)
</UL>
<P><STRONG><a name="[54]"></a>UART4_IRQHandler</STRONG> (Thumb, 0 bytes, Stack size 0 bytes, startup_gd32f30x_cl.o(.text))
<BR>[Address Reference Count : 1]<UL><LI> startup_gd32f30x_cl.o(RESET)
</UL>
<P><STRONG><a name="[46]"></a>USART0_IRQHandler</STRONG> (Thumb, 0 bytes, Stack size 0 bytes, startup_gd32f30x_cl.o(.text))
<BR>[Address Reference Count : 1]<UL><LI> startup_gd32f30x_cl.o(RESET)
</UL>
<P><STRONG><a name="[47]"></a>USART1_IRQHandler</STRONG> (Thumb, 0 bytes, Stack size 0 bytes, startup_gd32f30x_cl.o(.text))
<BR>[Address Reference Count : 1]<UL><LI> startup_gd32f30x_cl.o(RESET)
</UL>
<P><STRONG><a name="[48]"></a>USART2_IRQHandler</STRONG> (Thumb, 0 bytes, Stack size 0 bytes, startup_gd32f30x_cl.o(.text))
<BR>[Address Reference Count : 1]<UL><LI> startup_gd32f30x_cl.o(RESET)
</UL>
<P><STRONG><a name="[62]"></a>USBFS_IRQHandler</STRONG> (Thumb, 0 bytes, Stack size 0 bytes, startup_gd32f30x_cl.o(.text))
<BR>[Address Reference Count : 1]<UL><LI> startup_gd32f30x_cl.o(RESET)
</UL>
<P><STRONG><a name="[4b]"></a>USBFS_WKUP_IRQHandler</STRONG> (Thumb, 0 bytes, Stack size 0 bytes, startup_gd32f30x_cl.o(.text))
<BR>[Address Reference Count : 1]<UL><LI> startup_gd32f30x_cl.o(RESET)
</UL>
<P><STRONG><a name="[21]"></a>WWDGT_IRQHandler</STRONG> (Thumb, 0 bytes, Stack size 0 bytes, startup_gd32f30x_cl.o(.text))
<BR>[Address Reference Count : 1]<UL><LI> startup_gd32f30x_cl.o(RESET)
</UL>
<P><STRONG><a name="[7b]"></a>__aeabi_uldivmod</STRONG> (Thumb, 98 bytes, Stack size 40 bytes, uldiv.o(.text))
<BR><BR>[Stack]<UL><LI>Max Depth = 40<LI>Call Chain = __aeabi_uldivmod
</UL>
<BR>[Calls]<UL><LI><a href="#[7d]">&gt;&gt;</a>&nbsp;&nbsp;&nbsp;__aeabi_llsl
<LI><a href="#[7c]">&gt;&gt;</a>&nbsp;&nbsp;&nbsp;__aeabi_llsr
</UL>
<BR>[Called By]<UL><LI><a href="#[a5]">&gt;&gt;</a>&nbsp;&nbsp;&nbsp;caculate_distance
<LI><a href="#[7e]">&gt;&gt;</a>&nbsp;&nbsp;&nbsp;__aeabi_ldivmod
</UL>

<P><STRONG><a name="[7e]"></a>__aeabi_ldivmod</STRONG> (Thumb, 98 bytes, Stack size 24 bytes, ldiv.o(.text))
<BR><BR>[Stack]<UL><LI>Max Depth = 64<LI>Call Chain = __aeabi_ldivmod &rArr; __aeabi_uldivmod
</UL>
<BR>[Calls]<UL><LI><a href="#[7b]">&gt;&gt;</a>&nbsp;&nbsp;&nbsp;__aeabi_uldivmod
</UL>
<BR>[Called By]<UL><LI><a href="#[251]">&gt;&gt;</a>&nbsp;&nbsp;&nbsp;get_st_biases
</UL>

<P><STRONG><a name="[7d]"></a>__aeabi_llsl</STRONG> (Thumb, 30 bytes, Stack size 0 bytes, llshl.o(.text))
<BR><BR>[Called By]<UL><LI><a href="#[a3]">&gt;&gt;</a>&nbsp;&nbsp;&nbsp;FinalMsgGetTS_64
<LI><a href="#[82]">&gt;&gt;</a>&nbsp;&nbsp;&nbsp;__aeabi_dadd
<LI><a href="#[84]">&gt;&gt;</a>&nbsp;&nbsp;&nbsp;_double_epilogue
<LI><a href="#[7b]">&gt;&gt;</a>&nbsp;&nbsp;&nbsp;__aeabi_uldivmod
</UL>

<P><STRONG><a name="[26a]"></a>_ll_shift_l</STRONG> (Thumb, 0 bytes, Stack size 0 bytes, llshl.o(.text), UNUSED)

<P><STRONG><a name="[26b]"></a>___aeabi_memcpy8$move</STRONG> (Thumb, 0 bytes, Stack size 8 bytes, memmovea.o(.text), UNUSED)

<P><STRONG><a name="[f7]"></a>__aeabi_memcpy</STRONG> (Thumb, 64 bytes, Stack size 8 bytes, memmovea.o(.text))
<BR><BR>[Stack]<UL><LI>Max Depth = 8<LI>Call Chain = __aeabi_memcpy
</UL>
<BR>[Called By]<UL><LI><a href="#[17f]">&gt;&gt;</a>&nbsp;&nbsp;&nbsp;oList_Write_data
<LI><a href="#[b5]">&gt;&gt;</a>&nbsp;&nbsp;&nbsp;STM32_CAN_Write
<LI><a href="#[125]">&gt;&gt;</a>&nbsp;&nbsp;&nbsp;SendUwbData
<LI><a href="#[123]">&gt;&gt;</a>&nbsp;&nbsp;&nbsp;NormalCanRxProc
<LI><a href="#[122]">&gt;&gt;</a>&nbsp;&nbsp;&nbsp;InitCanRxProc
<LI><a href="#[b8]">&gt;&gt;</a>&nbsp;&nbsp;&nbsp;CanLeftPeriodProc
<LI><a href="#[1a6]">&gt;&gt;</a>&nbsp;&nbsp;&nbsp;LogicRunInfSaveProc
<LI><a href="#[1a5]">&gt;&gt;</a>&nbsp;&nbsp;&nbsp;LogicParamSaveProc
<LI><a href="#[191]">&gt;&gt;</a>&nbsp;&nbsp;&nbsp;InFlashWriteBuf
<LI><a href="#[35]">&gt;&gt;</a>&nbsp;&nbsp;&nbsp;CAN0_RX0_IRQHandler
<LI><a href="#[f9]">&gt;&gt;</a>&nbsp;&nbsp;&nbsp;readCanDriData
<LI><a href="#[159]">&gt;&gt;</a>&nbsp;&nbsp;&nbsp;WriteToSPI
<LI><a href="#[14b]">&gt;&gt;</a>&nbsp;&nbsp;&nbsp;ReadFromSPI
<LI><a href="#[1f1]">&gt;&gt;</a>&nbsp;&nbsp;&nbsp;RFID_GetFrame
<LI><a href="#[29]">&gt;&gt;</a>&nbsp;&nbsp;&nbsp;EXTI2_IRQHandler
</UL>

<P><STRONG><a name="[a4]"></a>__aeabi_memcpy4</STRONG> (Thumb, 0 bytes, Stack size 8 bytes, memmovea.o(.text))
<BR><BR>[Stack]<UL><LI>Max Depth = 8<LI>Call Chain = __aeabi_memcpy4
</UL>
<BR>[Called By]<UL><LI><a href="#[ca]">&gt;&gt;</a>&nbsp;&nbsp;&nbsp;ctrlUledTabValue_RED
<LI><a href="#[cb]">&gt;&gt;</a>&nbsp;&nbsp;&nbsp;ctrlUledTabValue_GREEN
<LI><a href="#[c9]">&gt;&gt;</a>&nbsp;&nbsp;&nbsp;ctrlUledTabValue_BLUE
<LI><a href="#[94]">&gt;&gt;</a>&nbsp;&nbsp;&nbsp;AncRxFinalFrameProcess
</UL>

<P><STRONG><a name="[1a3]"></a>__aeabi_memmove</STRONG> (Thumb, 0 bytes, Stack size 8 bytes, memmovea.o(.text))
<BR><BR>[Stack]<UL><LI>Max Depth = 8<LI>Call Chain = __aeabi_memmove
</UL>
<BR>[Called By]<UL><LI><a href="#[9]">&gt;&gt;</a>&nbsp;&nbsp;&nbsp;LogicGetModifyParamAllProc
<LI><a href="#[224]">&gt;&gt;</a>&nbsp;&nbsp;&nbsp;WL_ReceiveData
<LI><a href="#[bf]">&gt;&gt;</a>&nbsp;&nbsp;&nbsp;LogicInit
</UL>

<P><STRONG><a name="[226]"></a>__aeabi_memmove4</STRONG> (Thumb, 0 bytes, Stack size 8 bytes, memmovea.o(.text))
<BR><BR>[Stack]<UL><LI>Max Depth = 8<LI>Call Chain = __aeabi_memmove4
</UL>
<BR>[Called By]<UL><LI><a href="#[223]">&gt;&gt;</a>&nbsp;&nbsp;&nbsp;Wl_RxDataProc
</UL>

<P><STRONG><a name="[26c]"></a>__aeabi_memmove8</STRONG> (Thumb, 0 bytes, Stack size 8 bytes, memmovea.o(.text), UNUSED)

<P><STRONG><a name="[80]"></a>__aeabi_memset</STRONG> (Thumb, 14 bytes, Stack size 0 bytes, memseta.o(.text))
<BR><BR>[Called By]<UL><LI><a href="#[1a6]">&gt;&gt;</a>&nbsp;&nbsp;&nbsp;LogicRunInfSaveProc
<LI><a href="#[1a5]">&gt;&gt;</a>&nbsp;&nbsp;&nbsp;LogicParamSaveProc
<LI><a href="#[191]">&gt;&gt;</a>&nbsp;&nbsp;&nbsp;InFlashWriteBuf
<LI><a href="#[247]">&gt;&gt;</a>&nbsp;&nbsp;&nbsp;dmp_enable_lp_quat
<LI><a href="#[23b]">&gt;&gt;</a>&nbsp;&nbsp;&nbsp;dmp_enable_6x_lp_quat
<LI><a href="#[81]">&gt;&gt;</a>&nbsp;&nbsp;&nbsp;_memset$wrapper
<LI><a href="#[7f]">&gt;&gt;</a>&nbsp;&nbsp;&nbsp;__aeabi_memclr
</UL>

<P><STRONG><a name="[26d]"></a>__aeabi_memset4</STRONG> (Thumb, 0 bytes, Stack size 0 bytes, memseta.o(.text), UNUSED)

<P><STRONG><a name="[26e]"></a>__aeabi_memset8</STRONG> (Thumb, 0 bytes, Stack size 0 bytes, memseta.o(.text), UNUSED)

<P><STRONG><a name="[7f]"></a>__aeabi_memclr</STRONG> (Thumb, 4 bytes, Stack size 0 bytes, memseta.o(.text))
<BR><BR>[Calls]<UL><LI><a href="#[80]">&gt;&gt;</a>&nbsp;&nbsp;&nbsp;__aeabi_memset
</UL>
<BR>[Called By]<UL><LI><a href="#[17e]">&gt;&gt;</a>&nbsp;&nbsp;&nbsp;NewTagData
<LI><a href="#[165]">&gt;&gt;</a>&nbsp;&nbsp;&nbsp;DistDataStrInit
<LI><a href="#[b1]">&gt;&gt;</a>&nbsp;&nbsp;&nbsp;AngleSensorInit
</UL>

<P><STRONG><a name="[107]"></a>__aeabi_memclr4</STRONG> (Thumb, 0 bytes, Stack size 0 bytes, memseta.o(.text))
<BR><BR>[Called By]<UL><LI><a href="#[1a2]">&gt;&gt;</a>&nbsp;&nbsp;&nbsp;oListDataInit
<LI><a href="#[103]">&gt;&gt;</a>&nbsp;&nbsp;&nbsp;CanBusDataInit
<LI><a href="#[106]">&gt;&gt;</a>&nbsp;&nbsp;&nbsp;CanBufferDataInit
<LI><a href="#[116]">&gt;&gt;</a>&nbsp;&nbsp;&nbsp;CanRcvWlSendProc
<LI><a href="#[166]">&gt;&gt;</a>&nbsp;&nbsp;&nbsp;Dist_ListDataInit
</UL>

<P><STRONG><a name="[26f]"></a>__aeabi_memclr8</STRONG> (Thumb, 0 bytes, Stack size 0 bytes, memseta.o(.text), UNUSED)

<P><STRONG><a name="[81]"></a>_memset$wrapper</STRONG> (Thumb, 18 bytes, Stack size 8 bytes, memseta.o(.text), UNUSED)
<BR><BR>[Calls]<UL><LI><a href="#[80]">&gt;&gt;</a>&nbsp;&nbsp;&nbsp;__aeabi_memset
</UL>

<P><STRONG><a name="[259]"></a>memcmp</STRONG> (Thumb, 26 bytes, Stack size 12 bytes, memcmp.o(.text))
<BR><BR>[Stack]<UL><LI>Max Depth = 12<LI>Call Chain = memcmp
</UL>
<BR>[Called By]<UL><LI><a href="#[248]">&gt;&gt;</a>&nbsp;&nbsp;&nbsp;mpu_load_firmware
</UL>

<P><STRONG><a name="[82]"></a>__aeabi_dadd</STRONG> (Thumb, 322 bytes, Stack size 48 bytes, dadd.o(.text))
<BR><BR>[Stack]<UL><LI>Max Depth = 88<LI>Call Chain = __aeabi_dadd &rArr; _double_epilogue &rArr; _double_round
</UL>
<BR>[Calls]<UL><LI><a href="#[85]">&gt;&gt;</a>&nbsp;&nbsp;&nbsp;_double_round
<LI><a href="#[84]">&gt;&gt;</a>&nbsp;&nbsp;&nbsp;_double_epilogue
<LI><a href="#[7d]">&gt;&gt;</a>&nbsp;&nbsp;&nbsp;__aeabi_llsl
<LI><a href="#[83]">&gt;&gt;</a>&nbsp;&nbsp;&nbsp;__aeabi_lasr
</UL>
<BR>[Called By]<UL><LI><a href="#[86]">&gt;&gt;</a>&nbsp;&nbsp;&nbsp;__aeabi_dsub
<LI><a href="#[235]">&gt;&gt;</a>&nbsp;&nbsp;&nbsp;__mathlib_dbl_infnan2
<LI><a href="#[22c]">&gt;&gt;</a>&nbsp;&nbsp;&nbsp;__mathlib_dbl_infnan
<LI><a href="#[234]">&gt;&gt;</a>&nbsp;&nbsp;&nbsp;__hardfp_atan
<LI><a href="#[87]">&gt;&gt;</a>&nbsp;&nbsp;&nbsp;__aeabi_drsub
<LI><a href="#[1c3]">&gt;&gt;</a>&nbsp;&nbsp;&nbsp;__hardfp_asin
<LI><a href="#[231]">&gt;&gt;</a>&nbsp;&nbsp;&nbsp;__kernel_poly
</UL>

<P><STRONG><a name="[86]"></a>__aeabi_dsub</STRONG> (Thumb, 6 bytes, Stack size 0 bytes, dadd.o(.text))
<BR><BR>[Stack]<UL><LI>Max Depth = 88<LI>Call Chain = __aeabi_dsub &rArr; __aeabi_dadd &rArr; _double_epilogue &rArr; _double_round
</UL>
<BR>[Calls]<UL><LI><a href="#[82]">&gt;&gt;</a>&nbsp;&nbsp;&nbsp;__aeabi_dadd
</UL>
<BR>[Called By]<UL><LI><a href="#[234]">&gt;&gt;</a>&nbsp;&nbsp;&nbsp;__hardfp_atan
<LI><a href="#[1c4]">&gt;&gt;</a>&nbsp;&nbsp;&nbsp;__hardfp_atan2
<LI><a href="#[1c3]">&gt;&gt;</a>&nbsp;&nbsp;&nbsp;__hardfp_asin
</UL>

<P><STRONG><a name="[87]"></a>__aeabi_drsub</STRONG> (Thumb, 6 bytes, Stack size 0 bytes, dadd.o(.text))
<BR><BR>[Stack]<UL><LI>Max Depth = 88<LI>Call Chain = __aeabi_drsub &rArr; __aeabi_dadd &rArr; _double_epilogue &rArr; _double_round
</UL>
<BR>[Calls]<UL><LI><a href="#[82]">&gt;&gt;</a>&nbsp;&nbsp;&nbsp;__aeabi_dadd
</UL>
<BR>[Called By]<UL><LI><a href="#[234]">&gt;&gt;</a>&nbsp;&nbsp;&nbsp;__hardfp_atan
<LI><a href="#[1c4]">&gt;&gt;</a>&nbsp;&nbsp;&nbsp;__hardfp_atan2
<LI><a href="#[1c3]">&gt;&gt;</a>&nbsp;&nbsp;&nbsp;__hardfp_asin
</UL>

<P><STRONG><a name="[88]"></a>__aeabi_dmul</STRONG> (Thumb, 228 bytes, Stack size 48 bytes, dmul.o(.text))
<BR><BR>[Stack]<UL><LI>Max Depth = 88<LI>Call Chain = __aeabi_dmul &rArr; _double_epilogue &rArr; _double_round
</UL>
<BR>[Calls]<UL><LI><a href="#[84]">&gt;&gt;</a>&nbsp;&nbsp;&nbsp;_double_epilogue
</UL>
<BR>[Called By]<UL><LI><a href="#[bd]">&gt;&gt;</a>&nbsp;&nbsp;&nbsp;MPU6500_dmp_get_euler_angle
<LI><a href="#[230]">&gt;&gt;</a>&nbsp;&nbsp;&nbsp;__mathlib_dbl_underflow
<LI><a href="#[234]">&gt;&gt;</a>&nbsp;&nbsp;&nbsp;__hardfp_atan
<LI><a href="#[1c3]">&gt;&gt;</a>&nbsp;&nbsp;&nbsp;__hardfp_asin
<LI><a href="#[231]">&gt;&gt;</a>&nbsp;&nbsp;&nbsp;__kernel_poly
</UL>

<P><STRONG><a name="[89]"></a>__aeabi_ddiv</STRONG> (Thumb, 222 bytes, Stack size 32 bytes, ddiv.o(.text))
<BR><BR>[Stack]<UL><LI>Max Depth = 40<LI>Call Chain = __aeabi_ddiv &rArr; _double_round
</UL>
<BR>[Calls]<UL><LI><a href="#[85]">&gt;&gt;</a>&nbsp;&nbsp;&nbsp;_double_round
</UL>
<BR>[Called By]<UL><LI><a href="#[22e]">&gt;&gt;</a>&nbsp;&nbsp;&nbsp;__mathlib_dbl_invalid
<LI><a href="#[234]">&gt;&gt;</a>&nbsp;&nbsp;&nbsp;__hardfp_atan
<LI><a href="#[1c4]">&gt;&gt;</a>&nbsp;&nbsp;&nbsp;__hardfp_atan2
<LI><a href="#[1c3]">&gt;&gt;</a>&nbsp;&nbsp;&nbsp;__hardfp_asin
</UL>

<P><STRONG><a name="[1c2]"></a>__aeabi_f2d</STRONG> (Thumb, 38 bytes, Stack size 0 bytes, f2d.o(.text))
<BR><BR>[Called By]<UL><LI><a href="#[bd]">&gt;&gt;</a>&nbsp;&nbsp;&nbsp;MPU6500_dmp_get_euler_angle
</UL>

<P><STRONG><a name="[8a]"></a>__aeabi_d2f</STRONG> (Thumb, 56 bytes, Stack size 8 bytes, d2f.o(.text))
<BR><BR>[Stack]<UL><LI>Max Depth = 8<LI>Call Chain = __aeabi_d2f
</UL>
<BR>[Calls]<UL><LI><a href="#[8b]">&gt;&gt;</a>&nbsp;&nbsp;&nbsp;_float_round
</UL>
<BR>[Called By]<UL><LI><a href="#[bd]">&gt;&gt;</a>&nbsp;&nbsp;&nbsp;MPU6500_dmp_get_euler_angle
</UL>

<P><STRONG><a name="[7c]"></a>__aeabi_llsr</STRONG> (Thumb, 32 bytes, Stack size 0 bytes, llushr.o(.text))
<BR><BR>[Called By]<UL><LI><a href="#[84]">&gt;&gt;</a>&nbsp;&nbsp;&nbsp;_double_epilogue
<LI><a href="#[7b]">&gt;&gt;</a>&nbsp;&nbsp;&nbsp;__aeabi_uldivmod
<LI><a href="#[8d]">&gt;&gt;</a>&nbsp;&nbsp;&nbsp;_dsqrt
</UL>

<P><STRONG><a name="[270]"></a>_ll_ushift_r</STRONG> (Thumb, 0 bytes, Stack size 0 bytes, llushr.o(.text), UNUSED)

<P><STRONG><a name="[83]"></a>__aeabi_lasr</STRONG> (Thumb, 36 bytes, Stack size 0 bytes, llsshr.o(.text))
<BR><BR>[Called By]<UL><LI><a href="#[82]">&gt;&gt;</a>&nbsp;&nbsp;&nbsp;__aeabi_dadd
</UL>

<P><STRONG><a name="[271]"></a>_ll_sshift_r</STRONG> (Thumb, 0 bytes, Stack size 0 bytes, llsshr.o(.text), UNUSED)

<P><STRONG><a name="[272]"></a>__I$use$fp</STRONG> (Thumb, 0 bytes, Stack size 0 bytes, iusefp.o(.text), UNUSED)

<P><STRONG><a name="[8b]"></a>_float_round</STRONG> (Thumb, 18 bytes, Stack size 0 bytes, fepilogue.o(.text))
<BR><BR>[Called By]<UL><LI><a href="#[8a]">&gt;&gt;</a>&nbsp;&nbsp;&nbsp;__aeabi_d2f
</UL>

<P><STRONG><a name="[273]"></a>_float_epilogue</STRONG> (Thumb, 92 bytes, Stack size 4 bytes, fepilogue.o(.text), UNUSED)

<P><STRONG><a name="[85]"></a>_double_round</STRONG> (Thumb, 30 bytes, Stack size 8 bytes, depilogue.o(.text))
<BR><BR>[Stack]<UL><LI>Max Depth = 8<LI>Call Chain = _double_round
</UL>
<BR>[Called By]<UL><LI><a href="#[82]">&gt;&gt;</a>&nbsp;&nbsp;&nbsp;__aeabi_dadd
<LI><a href="#[89]">&gt;&gt;</a>&nbsp;&nbsp;&nbsp;__aeabi_ddiv
<LI><a href="#[84]">&gt;&gt;</a>&nbsp;&nbsp;&nbsp;_double_epilogue
<LI><a href="#[8d]">&gt;&gt;</a>&nbsp;&nbsp;&nbsp;_dsqrt
</UL>

<P><STRONG><a name="[84]"></a>_double_epilogue</STRONG> (Thumb, 156 bytes, Stack size 32 bytes, depilogue.o(.text))
<BR><BR>[Stack]<UL><LI>Max Depth = 40<LI>Call Chain = _double_epilogue &rArr; _double_round
</UL>
<BR>[Calls]<UL><LI><a href="#[85]">&gt;&gt;</a>&nbsp;&nbsp;&nbsp;_double_round
<LI><a href="#[7d]">&gt;&gt;</a>&nbsp;&nbsp;&nbsp;__aeabi_llsl
<LI><a href="#[7c]">&gt;&gt;</a>&nbsp;&nbsp;&nbsp;__aeabi_llsr
</UL>
<BR>[Called By]<UL><LI><a href="#[82]">&gt;&gt;</a>&nbsp;&nbsp;&nbsp;__aeabi_dadd
<LI><a href="#[88]">&gt;&gt;</a>&nbsp;&nbsp;&nbsp;__aeabi_dmul
</UL>

<P><STRONG><a name="[237]"></a>__aeabi_cdcmpeq</STRONG> (Thumb, 0 bytes, Stack size 0 bytes, cdcmple.o(.text))
<BR><BR>[Called By]<UL><LI><a href="#[1c4]">&gt;&gt;</a>&nbsp;&nbsp;&nbsp;__hardfp_atan2
</UL>

<P><STRONG><a name="[274]"></a>__aeabi_cdcmple</STRONG> (Thumb, 48 bytes, Stack size 0 bytes, cdcmple.o(.text), UNUSED)

<P><STRONG><a name="[7a]"></a>__scatterload</STRONG> (Thumb, 28 bytes, Stack size 0 bytes, init.o(.text))
<BR><BR>[Calls]<UL><LI><a href="#[8c]">&gt;&gt;</a>&nbsp;&nbsp;&nbsp;__main_after_scatterload
</UL>
<BR>[Called By]<UL><LI><a href="#[79]">&gt;&gt;</a>&nbsp;&nbsp;&nbsp;_main_scatterload
</UL>

<P><STRONG><a name="[275]"></a>__scatterload_rt2</STRONG> (Thumb, 0 bytes, Stack size 0 bytes, init.o(.text), UNUSED)

<P><STRONG><a name="[8d]"></a>_dsqrt</STRONG> (Thumb, 162 bytes, Stack size 32 bytes, dsqrt.o(.text))
<BR><BR>[Stack]<UL><LI>Max Depth = 40<LI>Call Chain = _dsqrt &rArr; _double_round
</UL>
<BR>[Calls]<UL><LI><a href="#[85]">&gt;&gt;</a>&nbsp;&nbsp;&nbsp;_double_round
<LI><a href="#[7c]">&gt;&gt;</a>&nbsp;&nbsp;&nbsp;__aeabi_llsr
</UL>
<BR>[Called By]<UL><LI><a href="#[233]">&gt;&gt;</a>&nbsp;&nbsp;&nbsp;sqrt
</UL>

<P><STRONG><a name="[276]"></a>__decompress</STRONG> (Thumb, 0 bytes, Stack size unknown bytes, __dczerorl2.o(.text), UNUSED)

<P><STRONG><a name="[277]"></a>__decompress1</STRONG> (Thumb, 86 bytes, Stack size unknown bytes, __dczerorl2.o(.text), UNUSED)

<P><STRONG><a name="[8e]"></a>AddDistData</STRONG> (Thumb, 158 bytes, Stack size 24 bytes, uwb_anchor.o(i.AddDistData))
<BR><BR>[Stack]<UL><LI>Max Depth = 252 + Unknown Stack Size
<LI>Call Chain = AddDistData &rArr; GetDistDataBuf &rArr; DeleteSecondListData &rArr; TagOffLineProcess &rArr; WriteReportInfo &rArr; CanBufferWrite &rArr; OSSemPost &rArr; OS_EventTaskRdy &rArr; OS_EventTaskRemove
</UL>
<BR>[Calls]<UL><LI><a href="#[91]">&gt;&gt;</a>&nbsp;&nbsp;&nbsp;WriteDistDataPro
<LI><a href="#[90]">&gt;&gt;</a>&nbsp;&nbsp;&nbsp;GetDistDataEqualBuf
<LI><a href="#[8f]">&gt;&gt;</a>&nbsp;&nbsp;&nbsp;GetDistDataBuf
</UL>
<BR>[Called By]<UL><LI><a href="#[94]">&gt;&gt;</a>&nbsp;&nbsp;&nbsp;AncRxFinalFrameProcess
</UL>

<P><STRONG><a name="[92]"></a>AncDataFrameProcess</STRONG> (Thumb, 84 bytes, Stack size 16 bytes, uwb_anchor.o(i.AncDataFrameProcess))
<BR><BR>[Stack]<UL><LI>Max Depth = 340 + Unknown Stack Size
<LI>Call Chain = AncDataFrameProcess &rArr; AncRxFinalFrameProcess &rArr; AddDistData &rArr; GetDistDataBuf &rArr; DeleteSecondListData &rArr; TagOffLineProcess &rArr; WriteReportInfo &rArr; CanBufferWrite &rArr; OSSemPost &rArr; OS_EventTaskRdy &rArr; OS_EventTaskRemove
</UL>
<BR>[Calls]<UL><LI><a href="#[95]">&gt;&gt;</a>&nbsp;&nbsp;&nbsp;DWT_SetRxTimeOut
<LI><a href="#[96]">&gt;&gt;</a>&nbsp;&nbsp;&nbsp;DWT_RxEnable
<LI><a href="#[97]">&gt;&gt;</a>&nbsp;&nbsp;&nbsp;RestartRxProcess
<LI><a href="#[93]">&gt;&gt;</a>&nbsp;&nbsp;&nbsp;AncRxPollFrameProcess
<LI><a href="#[94]">&gt;&gt;</a>&nbsp;&nbsp;&nbsp;AncRxFinalFrameProcess
</UL>
<BR>[Called By]<UL><LI><a href="#[75]">&gt;&gt;</a>&nbsp;&nbsp;&nbsp;UwbRxOkCb
</UL>

<P><STRONG><a name="[98]"></a>AncErrorProcess</STRONG> (Thumb, 14 bytes, Stack size 8 bytes, uwb_anchor.o(i.AncErrorProcess))
<BR><BR>[Stack]<UL><LI>Max Depth = 184<LI>Call Chain = AncErrorProcess &rArr; RestartRxProcess &rArr; DWT_RxEnable &rArr; DWT_ForceTRxOff &rArr; dwt_syncrxbufptrs &rArr; DWT_Write8BitOffsetReg &rArr; DWT_WriteToDevice &rArr; WriteToSPI &rArr; HAL_SPI_Transmit &rArr; spi_send_byte
</UL>
<BR>[Calls]<UL><LI><a href="#[97]">&gt;&gt;</a>&nbsp;&nbsp;&nbsp;RestartRxProcess
</UL>
<BR>[Called By]<UL><LI><a href="#[75]">&gt;&gt;</a>&nbsp;&nbsp;&nbsp;UwbRxOkCb
</UL>

<P><STRONG><a name="[99]"></a>AncIrqDeclareFrameProcess</STRONG> (Thumb, 172 bytes, Stack size 24 bytes, uwb_anchor.o(i.AncIrqDeclareFrameProcess))
<BR><BR>[Stack]<UL><LI>Max Depth = 184 + Unknown Stack Size
<LI>Call Chain = AncIrqDeclareFrameProcess &rArr; SetDelayTxTime &rArr; DWT_SetDelayedTRxTime &rArr; DWT_Write32BitOffsetReg &rArr; DWT_WriteToDevice &rArr; WriteToSPI &rArr; HAL_SPI_Transmit &rArr; spi_send_byte
</UL>
<BR>[Calls]<UL><LI><a href="#[a1]">&gt;&gt;</a>&nbsp;&nbsp;&nbsp;OSSemPost
<LI><a href="#[9a]">&gt;&gt;</a>&nbsp;&nbsp;&nbsp;GetRxTimeStamp_u64
<LI><a href="#[9d]">&gt;&gt;</a>&nbsp;&nbsp;&nbsp;FinalMsgSetTS
<LI><a href="#[9f]">&gt;&gt;</a>&nbsp;&nbsp;&nbsp;DWT_WriteTxfCtrl
<LI><a href="#[9e]">&gt;&gt;</a>&nbsp;&nbsp;&nbsp;DWT_WriteTxData
<LI><a href="#[a0]">&gt;&gt;</a>&nbsp;&nbsp;&nbsp;DWT_StartTx
<LI><a href="#[9c]">&gt;&gt;</a>&nbsp;&nbsp;&nbsp;SetDelayTxTime
<LI><a href="#[9b]">&gt;&gt;</a>&nbsp;&nbsp;&nbsp;GetBeaconAckDelay
</UL>
<BR>[Called By]<UL><LI><a href="#[75]">&gt;&gt;</a>&nbsp;&nbsp;&nbsp;UwbRxOkCb
</UL>

<P><STRONG><a name="[94]"></a>AncRxFinalFrameProcess</STRONG> (Thumb, 150 bytes, Stack size 72 bytes, uwb_anchor.o(i.AncRxFinalFrameProcess))
<BR><BR>[Stack]<UL><LI>Max Depth = 324 + Unknown Stack Size
<LI>Call Chain = AncRxFinalFrameProcess &rArr; AddDistData &rArr; GetDistDataBuf &rArr; DeleteSecondListData &rArr; TagOffLineProcess &rArr; WriteReportInfo &rArr; CanBufferWrite &rArr; OSSemPost &rArr; OS_EventTaskRdy &rArr; OS_EventTaskRemove
</UL>
<BR>[Calls]<UL><LI><a href="#[a2]">&gt;&gt;</a>&nbsp;&nbsp;&nbsp;GetTxTimeStamp_u64
<LI><a href="#[9a]">&gt;&gt;</a>&nbsp;&nbsp;&nbsp;GetRxTimeStamp_u64
<LI><a href="#[a3]">&gt;&gt;</a>&nbsp;&nbsp;&nbsp;FinalMsgGetTS_64
<LI><a href="#[a5]">&gt;&gt;</a>&nbsp;&nbsp;&nbsp;caculate_distance
<LI><a href="#[a6]">&gt;&gt;</a>&nbsp;&nbsp;&nbsp;DwLocSucProcess
<LI><a href="#[8e]">&gt;&gt;</a>&nbsp;&nbsp;&nbsp;AddDistData
<LI><a href="#[a4]">&gt;&gt;</a>&nbsp;&nbsp;&nbsp;__aeabi_memcpy4
</UL>
<BR>[Called By]<UL><LI><a href="#[92]">&gt;&gt;</a>&nbsp;&nbsp;&nbsp;AncDataFrameProcess
</UL>

<P><STRONG><a name="[93]"></a>AncRxPollFrameProcess</STRONG> (Thumb, 158 bytes, Stack size 24 bytes, uwb_anchor.o(i.AncRxPollFrameProcess))
<BR><BR>[Stack]<UL><LI>Max Depth = 208 + Unknown Stack Size
<LI>Call Chain = AncRxPollFrameProcess &rArr; AncWriteSendData &rArr; DwtWriteTxData &rArr; DWT_WriteTxfCtrl &rArr; DWT_Write32BitOffsetReg &rArr; DWT_WriteToDevice &rArr; WriteToSPI &rArr; HAL_SPI_Transmit &rArr; spi_send_byte
</UL>
<BR>[Calls]<UL><LI><a href="#[a7]">&gt;&gt;</a>&nbsp;&nbsp;&nbsp;SetFirstAddr
<LI><a href="#[a1]">&gt;&gt;</a>&nbsp;&nbsp;&nbsp;OSSemPost
<LI><a href="#[9a]">&gt;&gt;</a>&nbsp;&nbsp;&nbsp;GetRxTimeStamp_u64
<LI><a href="#[a0]">&gt;&gt;</a>&nbsp;&nbsp;&nbsp;DWT_StartTx
<LI><a href="#[95]">&gt;&gt;</a>&nbsp;&nbsp;&nbsp;DWT_SetRxTimeOut
<LI><a href="#[aa]">&gt;&gt;</a>&nbsp;&nbsp;&nbsp;DWT_SetRxAfterTxDelay
<LI><a href="#[ab]">&gt;&gt;</a>&nbsp;&nbsp;&nbsp;DWT_SetDelayedTRxTime
<LI><a href="#[a8]">&gt;&gt;</a>&nbsp;&nbsp;&nbsp;SetPollAckData
<LI><a href="#[a9]">&gt;&gt;</a>&nbsp;&nbsp;&nbsp;AncWriteSendData
</UL>
<BR>[Called By]<UL><LI><a href="#[92]">&gt;&gt;</a>&nbsp;&nbsp;&nbsp;AncDataFrameProcess
</UL>

<P><STRONG><a name="[a9]"></a>AncWriteSendData</STRONG> (Thumb, 26 bytes, Stack size 16 bytes, uwb_anchor.o(i.AncWriteSendData))
<BR><BR>[Stack]<UL><LI>Max Depth = 184<LI>Call Chain = AncWriteSendData &rArr; DwtWriteTxData &rArr; DWT_WriteTxfCtrl &rArr; DWT_Write32BitOffsetReg &rArr; DWT_WriteToDevice &rArr; WriteToSPI &rArr; HAL_SPI_Transmit &rArr; spi_send_byte
</UL>
<BR>[Calls]<UL><LI><a href="#[ac]">&gt;&gt;</a>&nbsp;&nbsp;&nbsp;DwtWriteTxData
</UL>
<BR>[Called By]<UL><LI><a href="#[93]">&gt;&gt;</a>&nbsp;&nbsp;&nbsp;AncRxPollFrameProcess
</UL>

<P><STRONG><a name="[ad]"></a>AnchorIdInit</STRONG> (Thumb, 38 bytes, Stack size 8 bytes, uwb_anchor.o(i.AnchorIdInit))
<BR><BR>[Stack]<UL><LI>Max Depth = 144<LI>Call Chain = AnchorIdInit &rArr; DWT_SetAddress16 &rArr; DWT_Write16BitOffsetReg &rArr; DWT_WriteToDevice &rArr; WriteToSPI &rArr; HAL_SPI_Transmit &rArr; spi_send_byte
</UL>
<BR>[Calls]<UL><LI><a href="#[ae]">&gt;&gt;</a>&nbsp;&nbsp;&nbsp;GetUwbId
<LI><a href="#[af]">&gt;&gt;</a>&nbsp;&nbsp;&nbsp;DWT_SetAddress16
<LI><a href="#[b0]">&gt;&gt;</a>&nbsp;&nbsp;&nbsp;SetAnchorAddr
</UL>
<BR>[Called By]<UL><LI><a href="#[120]">&gt;&gt;</a>&nbsp;&nbsp;&nbsp;CanRxParaProcess
</UL>

<P><STRONG><a name="[194]"></a>AngleSensorCalibrateXYFunction</STRONG> (Thumb, 58 bytes, Stack size 0 bytes, angle_sensor.o(i.AngleSensorCalibrateXYFunction))
<BR><BR>[Called By]<UL><LI><a href="#[123]">&gt;&gt;</a>&nbsp;&nbsp;&nbsp;NormalCanRxProc
<LI><a href="#[122]">&gt;&gt;</a>&nbsp;&nbsp;&nbsp;InitCanRxProc
</UL>

<P><STRONG><a name="[b1]"></a>AngleSensorInit</STRONG> (Thumb, 98 bytes, Stack size 8 bytes, angle_sensor.o(i.AngleSensorInit))
<BR><BR>[Stack]<UL><LI>Max Depth = 32 + Unknown Stack Size
<LI>Call Chain = AngleSensorInit &rArr; LogicRunInfApi
</UL>
<BR>[Calls]<UL><LI><a href="#[b3]">&gt;&gt;</a>&nbsp;&nbsp;&nbsp;LogicRunInfApi
<LI><a href="#[b2]">&gt;&gt;</a>&nbsp;&nbsp;&nbsp;LogicParamApi
<LI><a href="#[7f]">&gt;&gt;</a>&nbsp;&nbsp;&nbsp;__aeabi_memclr
</UL>
<BR>[Called By]<UL><LI><a href="#[71]">&gt;&gt;</a>&nbsp;&nbsp;&nbsp;AngleSensor_Task
</UL>

<P><STRONG><a name="[70]"></a>AngleSensorMNG_Task</STRONG> (Thumb, 518 bytes, Stack size 112 bytes, angle_sensor.o(i.AngleSensorMNG_Task))
<BR><BR>[Stack]<UL><LI>Max Depth = 220 + Unknown Stack Size
<LI>Call Chain = AngleSensorMNG_Task &rArr; CanLeftPeriodProc &rArr; STM32_CAN_Write &rArr; can_message_transmit
</UL>
<BR>[Calls]<UL><LI><a href="#[b6]">&gt;&gt;</a>&nbsp;&nbsp;&nbsp;OSTimeDly
<LI><a href="#[b7]">&gt;&gt;</a>&nbsp;&nbsp;&nbsp;Get_DevID
<LI><a href="#[b5]">&gt;&gt;</a>&nbsp;&nbsp;&nbsp;STM32_CAN_Write
<LI><a href="#[ba]">&gt;&gt;</a>&nbsp;&nbsp;&nbsp;OSTaskQuery
<LI><a href="#[b3]">&gt;&gt;</a>&nbsp;&nbsp;&nbsp;LogicRunInfApi
<LI><a href="#[bb]">&gt;&gt;</a>&nbsp;&nbsp;&nbsp;OSTaskResume
<LI><a href="#[b4]">&gt;&gt;</a>&nbsp;&nbsp;&nbsp;SendHeartData
<LI><a href="#[b9]">&gt;&gt;</a>&nbsp;&nbsp;&nbsp;CanTransAngleHeartBeatProc
<LI><a href="#[b8]">&gt;&gt;</a>&nbsp;&nbsp;&nbsp;CanLeftPeriodProc
</UL>
<BR>[Address Reference Count : 1]<UL><LI> main.o(i.TaskStart)
</UL>
<P><STRONG><a name="[bc]"></a>AngleSensorSampleXYZProc</STRONG> (Thumb, 2074 bytes, Stack size 80 bytes, angle_sensor.o(i.AngleSensorSampleXYZProc))
<BR><BR>[Stack]<UL><LI>Max Depth = 416 + Unknown Stack Size
<LI>Call Chain = AngleSensorSampleXYZProc &rArr; MPU6500_dmp_get_euler_angle &rArr; __hardfp_atan2 &rArr; atan &rArr; __hardfp_atan &rArr; __kernel_poly &rArr; __aeabi_dadd &rArr; _double_epilogue &rArr; _double_round
</UL>
<BR>[Calls]<UL><LI><a href="#[b3]">&gt;&gt;</a>&nbsp;&nbsp;&nbsp;LogicRunInfApi
<LI><a href="#[bd]">&gt;&gt;</a>&nbsp;&nbsp;&nbsp;MPU6500_dmp_get_euler_angle
<LI><a href="#[be]">&gt;&gt;</a>&nbsp;&nbsp;&nbsp;FilterAndSumMpu6500
</UL>
<BR>[Called By]<UL><LI><a href="#[71]">&gt;&gt;</a>&nbsp;&nbsp;&nbsp;AngleSensor_Task
</UL>

<P><STRONG><a name="[71]"></a>AngleSensor_Task</STRONG> (Thumb, 44 bytes, Stack size 8 bytes, angle_sensor.o(i.AngleSensor_Task))
<BR><BR>[Stack]<UL><LI>Max Depth = 424 + Unknown Stack Size
<LI>Call Chain = AngleSensor_Task &rArr; AngleSensorSampleXYZProc &rArr; MPU6500_dmp_get_euler_angle &rArr; __hardfp_atan2 &rArr; atan &rArr; __hardfp_atan &rArr; __kernel_poly &rArr; __aeabi_dadd &rArr; _double_epilogue &rArr; _double_round
</UL>
<BR>[Calls]<UL><LI><a href="#[b6]">&gt;&gt;</a>&nbsp;&nbsp;&nbsp;OSTimeDly
<LI><a href="#[b3]">&gt;&gt;</a>&nbsp;&nbsp;&nbsp;LogicRunInfApi
<LI><a href="#[c0]">&gt;&gt;</a>&nbsp;&nbsp;&nbsp;MPU6500Init
<LI><a href="#[bc]">&gt;&gt;</a>&nbsp;&nbsp;&nbsp;AngleSensorSampleXYZProc
<LI><a href="#[b1]">&gt;&gt;</a>&nbsp;&nbsp;&nbsp;AngleSensorInit
<LI><a href="#[bf]">&gt;&gt;</a>&nbsp;&nbsp;&nbsp;LogicInit
</UL>
<BR>[Address Reference Count : 1]<UL><LI> main.o(i.TaskStart)
</UL>
<P><STRONG><a name="[6c]"></a>AppTaskBeep</STRONG> (Thumb, 246 bytes, Stack size 0 bytes, beep_app.o(i.AppTaskBeep))
<BR><BR>[Stack]<UL><LI>Max Depth = 28 + Unknown Stack Size
<LI>Call Chain = AppTaskBeep &rArr; bsp_InitBeep &rArr; gpio_init
</UL>
<BR>[Calls]<UL><LI><a href="#[b6]">&gt;&gt;</a>&nbsp;&nbsp;&nbsp;OSTimeDly
<LI><a href="#[c3]">&gt;&gt;</a>&nbsp;&nbsp;&nbsp;gpio_bit_set
<LI><a href="#[c4]">&gt;&gt;</a>&nbsp;&nbsp;&nbsp;gpio_bit_reset
<LI><a href="#[c1]">&gt;&gt;</a>&nbsp;&nbsp;&nbsp;bsp_InitBeep
<LI><a href="#[c2]">&gt;&gt;</a>&nbsp;&nbsp;&nbsp;GetCurrentBeepSta
</UL>
<BR>[Address Reference Count : 1]<UL><LI> main.o(i.TaskStart)
</UL>
<P><STRONG><a name="[6d]"></a>AppTaskLight</STRONG> (Thumb, 2838 bytes, Stack size 16 bytes, led_app.o(i.AppTaskLight))
<BR><BR>[Stack]<UL><LI>Max Depth = 96 + Unknown Stack Size
<LI>Call Chain = AppTaskLight &rArr; ctrlUledTabValue_RED &rArr; ctrlUledPro &rArr; SW_SendByte
</UL>
<BR>[Calls]<UL><LI><a href="#[b6]">&gt;&gt;</a>&nbsp;&nbsp;&nbsp;OSTimeDly
<LI><a href="#[cc]">&gt;&gt;</a>&nbsp;&nbsp;&nbsp;Led_PowerOff
<LI><a href="#[d0]">&gt;&gt;</a>&nbsp;&nbsp;&nbsp;IfLightFlagChange
<LI><a href="#[c7]">&gt;&gt;</a>&nbsp;&nbsp;&nbsp;GetCurrentLightType
<LI><a href="#[cd]">&gt;&gt;</a>&nbsp;&nbsp;&nbsp;DM633_Internal_GCK
<LI><a href="#[f4]">&gt;&gt;</a>&nbsp;&nbsp;&nbsp;ctrlUled_RGBValue_Meteor_D8_D1_D2_D3
<LI><a href="#[ec]">&gt;&gt;</a>&nbsp;&nbsp;&nbsp;ctrlUled_RGBValue_Meteor_D8_D1_D2
<LI><a href="#[f3]">&gt;&gt;</a>&nbsp;&nbsp;&nbsp;ctrlUled_RGBValue_Meteor_D7_D8_D1_D2
<LI><a href="#[eb]">&gt;&gt;</a>&nbsp;&nbsp;&nbsp;ctrlUled_RGBValue_Meteor_D7_D8_D1
<LI><a href="#[f2]">&gt;&gt;</a>&nbsp;&nbsp;&nbsp;ctrlUled_RGBValue_Meteor_D6_D7_D8_D1
<LI><a href="#[ea]">&gt;&gt;</a>&nbsp;&nbsp;&nbsp;ctrlUled_RGBValue_Meteor_D6_D7_D8
<LI><a href="#[f1]">&gt;&gt;</a>&nbsp;&nbsp;&nbsp;ctrlUled_RGBValue_Meteor_D5_D6_D7_D8
<LI><a href="#[e9]">&gt;&gt;</a>&nbsp;&nbsp;&nbsp;ctrlUled_RGBValue_Meteor_D5_D6_D7
<LI><a href="#[f0]">&gt;&gt;</a>&nbsp;&nbsp;&nbsp;ctrlUled_RGBValue_Meteor_D4_D5_D6_D7
<LI><a href="#[e8]">&gt;&gt;</a>&nbsp;&nbsp;&nbsp;ctrlUled_RGBValue_Meteor_D4_D5_D6
<LI><a href="#[ef]">&gt;&gt;</a>&nbsp;&nbsp;&nbsp;ctrlUled_RGBValue_Meteor_D3_D4_D5_D6
<LI><a href="#[e7]">&gt;&gt;</a>&nbsp;&nbsp;&nbsp;ctrlUled_RGBValue_Meteor_D3_D4_D5
<LI><a href="#[ee]">&gt;&gt;</a>&nbsp;&nbsp;&nbsp;ctrlUled_RGBValue_Meteor_D2_D3_D4_D5
<LI><a href="#[e6]">&gt;&gt;</a>&nbsp;&nbsp;&nbsp;ctrlUled_RGBValue_Meteor_D2_D3_D4
<LI><a href="#[ed]">&gt;&gt;</a>&nbsp;&nbsp;&nbsp;ctrlUled_RGBValue_Meteor_D1_D2_D3_D4
<LI><a href="#[e5]">&gt;&gt;</a>&nbsp;&nbsp;&nbsp;ctrlUled_RGBValue_Meteor_D1_D2_D3
<LI><a href="#[d7]">&gt;&gt;</a>&nbsp;&nbsp;&nbsp;ctrlUled_RGBValue_D8
<LI><a href="#[db]">&gt;&gt;</a>&nbsp;&nbsp;&nbsp;ctrlUled_RGBValue_D7_D8
<LI><a href="#[d6]">&gt;&gt;</a>&nbsp;&nbsp;&nbsp;ctrlUled_RGBValue_D7
<LI><a href="#[d5]">&gt;&gt;</a>&nbsp;&nbsp;&nbsp;ctrlUled_RGBValue_D6
<LI><a href="#[da]">&gt;&gt;</a>&nbsp;&nbsp;&nbsp;ctrlUled_RGBValue_D5_D6
<LI><a href="#[d4]">&gt;&gt;</a>&nbsp;&nbsp;&nbsp;ctrlUled_RGBValue_D5
<LI><a href="#[d3]">&gt;&gt;</a>&nbsp;&nbsp;&nbsp;ctrlUled_RGBValue_D4
<LI><a href="#[d9]">&gt;&gt;</a>&nbsp;&nbsp;&nbsp;ctrlUled_RGBValue_D3_D4
<LI><a href="#[d2]">&gt;&gt;</a>&nbsp;&nbsp;&nbsp;ctrlUled_RGBValue_D3
<LI><a href="#[dd]">&gt;&gt;</a>&nbsp;&nbsp;&nbsp;ctrlUled_RGBValue_D2_D4_D6_D8
<LI><a href="#[d1]">&gt;&gt;</a>&nbsp;&nbsp;&nbsp;ctrlUled_RGBValue_D2
<LI><a href="#[dc]">&gt;&gt;</a>&nbsp;&nbsp;&nbsp;ctrlUled_RGBValue_D1_D3_D5_D7
<LI><a href="#[e3]">&gt;&gt;</a>&nbsp;&nbsp;&nbsp;ctrlUled_RGBValue_D1_D2_D3_D4_D5_D6_D7_D8
<LI><a href="#[e2]">&gt;&gt;</a>&nbsp;&nbsp;&nbsp;ctrlUled_RGBValue_D1_D2_D3_D4_D5_D6_D7
<LI><a href="#[e1]">&gt;&gt;</a>&nbsp;&nbsp;&nbsp;ctrlUled_RGBValue_D1_D2_D3_D4_D5_D6
<LI><a href="#[e0]">&gt;&gt;</a>&nbsp;&nbsp;&nbsp;ctrlUled_RGBValue_D1_D2_D3_D4_D5
<LI><a href="#[df]">&gt;&gt;</a>&nbsp;&nbsp;&nbsp;ctrlUled_RGBValue_D1_D2_D3_D4
<LI><a href="#[de]">&gt;&gt;</a>&nbsp;&nbsp;&nbsp;ctrlUled_RGBValue_D1_D2_D3
<LI><a href="#[d8]">&gt;&gt;</a>&nbsp;&nbsp;&nbsp;ctrlUled_RGBValue_D1_D2
<LI><a href="#[cf]">&gt;&gt;</a>&nbsp;&nbsp;&nbsp;ctrlUled_RGBValue_D1
<LI><a href="#[ca]">&gt;&gt;</a>&nbsp;&nbsp;&nbsp;ctrlUledTabValue_RED
<LI><a href="#[cb]">&gt;&gt;</a>&nbsp;&nbsp;&nbsp;ctrlUledTabValue_GREEN
<LI><a href="#[c9]">&gt;&gt;</a>&nbsp;&nbsp;&nbsp;ctrlUledTabValue_BLUE
<LI><a href="#[e4]">&gt;&gt;</a>&nbsp;&nbsp;&nbsp;ctrlUledRGBValueBreathe
<LI><a href="#[ce]">&gt;&gt;</a>&nbsp;&nbsp;&nbsp;ctrlUledRGBValue
<LI><a href="#[c8]">&gt;&gt;</a>&nbsp;&nbsp;&nbsp;TurnOnUledPro
<LI><a href="#[c6]">&gt;&gt;</a>&nbsp;&nbsp;&nbsp;TurnOffAllUledPro
<LI><a href="#[c5]">&gt;&gt;</a>&nbsp;&nbsp;&nbsp;DM633Init
</UL>
<BR>[Address Reference Count : 1]<UL><LI> main.o(i.TaskStart)
</UL>
<P><STRONG><a name="[1b]"></a>BusFault_Handler</STRONG> (Thumb, 4 bytes, Stack size 0 bytes, gd32f30x_it.o(i.BusFault_Handler))
<BR>[Address Reference Count : 1]<UL><LI> startup_gd32f30x_cl.o(RESET)
</UL>
<P><STRONG><a name="[35]"></a>CAN0_RX0_IRQHandler</STRONG> (Thumb, 120 bytes, Stack size 16 bytes, l4can.o(i.CAN0_RX0_IRQHandler))
<BR><BR>[Stack]<UL><LI>Max Depth = 140 + Unknown Stack Size
<LI>Call Chain = CAN0_RX0_IRQHandler &rArr; CAN_BusRxDataCallback &rArr; OSSemPost &rArr; OS_EventTaskRdy &rArr; OS_EventTaskRemove
</UL>
<BR>[Calls]<UL><LI><a href="#[f5]">&gt;&gt;</a>&nbsp;&nbsp;&nbsp;can_receive_message_length_get
<LI><a href="#[f6]">&gt;&gt;</a>&nbsp;&nbsp;&nbsp;can_message_receive
<LI><a href="#[f8]">&gt;&gt;</a>&nbsp;&nbsp;&nbsp;CAN_BusRxDataCallback
<LI><a href="#[f7]">&gt;&gt;</a>&nbsp;&nbsp;&nbsp;__aeabi_memcpy
</UL>
<BR>[Address Reference Count : 1]<UL><LI> startup_gd32f30x_cl.o(RESET)
</UL>
<P><STRONG><a name="[f8]"></a>CAN_BusRxDataCallback</STRONG> (Thumb, 186 bytes, Stack size 64 bytes, can_bus.o(i.CAN_BusRxDataCallback))
<BR><BR>[Stack]<UL><LI>Max Depth = 124 + Unknown Stack Size
<LI>Call Chain = CAN_BusRxDataCallback &rArr; OSSemPost &rArr; OS_EventTaskRdy &rArr; OS_EventTaskRemove
</UL>
<BR>[Calls]<UL><LI><a href="#[a1]">&gt;&gt;</a>&nbsp;&nbsp;&nbsp;OSSemPost
<LI><a href="#[f9]">&gt;&gt;</a>&nbsp;&nbsp;&nbsp;readCanDriData
</UL>
<BR>[Called By]<UL><LI><a href="#[35]">&gt;&gt;</a>&nbsp;&nbsp;&nbsp;CAN0_RX0_IRQHandler
</UL>

<P><STRONG><a name="[fa]"></a>CAN_Config</STRONG> (Thumb, 210 bytes, Stack size 40 bytes, l4can.o(i.CAN_Config))
<BR><BR>[Stack]<UL><LI>Max Depth = 136<LI>Call Chain = CAN_Config &rArr; rcu_clock_freq_get
</UL>
<BR>[Calls]<UL><LI><a href="#[fb]">&gt;&gt;</a>&nbsp;&nbsp;&nbsp;rcu_clock_freq_get
<LI><a href="#[fc]">&gt;&gt;</a>&nbsp;&nbsp;&nbsp;can_struct_para_init
<LI><a href="#[100]">&gt;&gt;</a>&nbsp;&nbsp;&nbsp;can_interrupt_enable
<LI><a href="#[fe]">&gt;&gt;</a>&nbsp;&nbsp;&nbsp;can_init
<LI><a href="#[ff]">&gt;&gt;</a>&nbsp;&nbsp;&nbsp;can_filter_init
<LI><a href="#[fd]">&gt;&gt;</a>&nbsp;&nbsp;&nbsp;can_deinit
<LI><a href="#[101]">&gt;&gt;</a>&nbsp;&nbsp;&nbsp;CanTrsDummy
</UL>
<BR>[Called By]<UL><LI><a href="#[78]">&gt;&gt;</a>&nbsp;&nbsp;&nbsp;TaskStart
</UL>

<P><STRONG><a name="[20f]"></a>CRC_8</STRONG> (Thumb, 118 bytes, Stack size 20 bytes, can_app.o(i.CRC_8))
<BR><BR>[Stack]<UL><LI>Max Depth = 20<LI>Call Chain = CRC_8
</UL>
<BR>[Called By]<UL><LI><a href="#[125]">&gt;&gt;</a>&nbsp;&nbsp;&nbsp;SendUwbData
</UL>

<P><STRONG><a name="[102]"></a>CanAppInit</STRONG> (Thumb, 120 bytes, Stack size 32 bytes, can_app.o(i.CanAppInit))
<BR><BR>[Stack]<UL><LI>Max Depth = 128 + Unknown Stack Size
<LI>Call Chain = CanAppInit &rArr; OSTaskCreateExt &rArr; OS_TCBInit
</UL>
<BR>[Calls]<UL><LI><a href="#[105]">&gt;&gt;</a>&nbsp;&nbsp;&nbsp;OSTaskNameSet
<LI><a href="#[104]">&gt;&gt;</a>&nbsp;&nbsp;&nbsp;OSTaskCreateExt
<LI><a href="#[b7]">&gt;&gt;</a>&nbsp;&nbsp;&nbsp;Get_DevID
<LI><a href="#[103]">&gt;&gt;</a>&nbsp;&nbsp;&nbsp;CanBusDataInit
</UL>
<BR>[Called By]<UL><LI><a href="#[78]">&gt;&gt;</a>&nbsp;&nbsp;&nbsp;TaskStart
</UL>

<P><STRONG><a name="[106]"></a>CanBufferDataInit</STRONG> (Thumb, 26 bytes, Stack size 8 bytes, can_buf.o(i.CanBufferDataInit))
<BR><BR>[Stack]<UL><LI>Max Depth = 24 + Unknown Stack Size
<LI>Call Chain = CanBufferDataInit &rArr; OSSemCreate
</UL>
<BR>[Calls]<UL><LI><a href="#[108]">&gt;&gt;</a>&nbsp;&nbsp;&nbsp;OSSemCreate
<LI><a href="#[107]">&gt;&gt;</a>&nbsp;&nbsp;&nbsp;__aeabi_memclr4
</UL>
<BR>[Called By]<UL><LI><a href="#[68]">&gt;&gt;</a>&nbsp;&nbsp;&nbsp;CanTx_Task
</UL>

<P><STRONG><a name="[127]"></a>CanBufferRead</STRONG> (Thumb, 74 bytes, Stack size 12 bytes, can_buf.o(i.CanBufferRead))
<BR><BR>[Stack]<UL><LI>Max Depth = 12<LI>Call Chain = CanBufferRead
</UL>
<BR>[Called By]<UL><LI><a href="#[68]">&gt;&gt;</a>&nbsp;&nbsp;&nbsp;CanTx_Task
</UL>

<P><STRONG><a name="[109]"></a>CanBufferWrite</STRONG> (Thumb, 92 bytes, Stack size 32 bytes, can_buf.o(i.CanBufferWrite))
<BR><BR>[Stack]<UL><LI>Max Depth = 92 + Unknown Stack Size
<LI>Call Chain = CanBufferWrite &rArr; OSSemPost &rArr; OS_EventTaskRdy &rArr; OS_EventTaskRemove
</UL>
<BR>[Calls]<UL><LI><a href="#[a1]">&gt;&gt;</a>&nbsp;&nbsp;&nbsp;OSSemPost
</UL>
<BR>[Called By]<UL><LI><a href="#[181]">&gt;&gt;</a>&nbsp;&nbsp;&nbsp;WriteReportInfo
</UL>

<P><STRONG><a name="[103]"></a>CanBusDataInit</STRONG> (Thumb, 52 bytes, Stack size 8 bytes, can_bus.o(i.CanBusDataInit))
<BR><BR>[Stack]<UL><LI>Max Depth = 24 + Unknown Stack Size
<LI>Call Chain = CanBusDataInit &rArr; OSSemCreate
</UL>
<BR>[Calls]<UL><LI><a href="#[108]">&gt;&gt;</a>&nbsp;&nbsp;&nbsp;OSSemCreate
<LI><a href="#[107]">&gt;&gt;</a>&nbsp;&nbsp;&nbsp;__aeabi_memclr4
</UL>
<BR>[Called By]<UL><LI><a href="#[102]">&gt;&gt;</a>&nbsp;&nbsp;&nbsp;CanAppInit
</UL>

<P><STRONG><a name="[10a]"></a>CanGpioInit</STRONG> (Thumb, 68 bytes, Stack size 8 bytes, l4can.o(i.CanGpioInit))
<BR><BR>[Stack]<UL><LI>Max Depth = 32<LI>Call Chain = CanGpioInit &rArr; nvic_irq_enable
</UL>
<BR>[Calls]<UL><LI><a href="#[10b]">&gt;&gt;</a>&nbsp;&nbsp;&nbsp;rcu_periph_clock_enable
<LI><a href="#[10c]">&gt;&gt;</a>&nbsp;&nbsp;&nbsp;gpio_init
<LI><a href="#[10d]">&gt;&gt;</a>&nbsp;&nbsp;&nbsp;nvic_irq_enable
</UL>
<BR>[Called By]<UL><LI><a href="#[78]">&gt;&gt;</a>&nbsp;&nbsp;&nbsp;TaskStart
</UL>

<P><STRONG><a name="[b8]"></a>CanLeftPeriodProc</STRONG> (Thumb, 492 bytes, Stack size 64 bytes, angle_sensor.o(i.CanLeftPeriodProc))
<BR><BR>[Stack]<UL><LI>Max Depth = 108 + Unknown Stack Size
<LI>Call Chain = CanLeftPeriodProc &rArr; STM32_CAN_Write &rArr; can_message_transmit
</UL>
<BR>[Calls]<UL><LI><a href="#[b5]">&gt;&gt;</a>&nbsp;&nbsp;&nbsp;STM32_CAN_Write
<LI><a href="#[b3]">&gt;&gt;</a>&nbsp;&nbsp;&nbsp;LogicRunInfApi
<LI><a href="#[f7]">&gt;&gt;</a>&nbsp;&nbsp;&nbsp;__aeabi_memcpy
</UL>
<BR>[Called By]<UL><LI><a href="#[70]">&gt;&gt;</a>&nbsp;&nbsp;&nbsp;AngleSensorMNG_Task
</UL>

<P><STRONG><a name="[117]"></a>CanRecvProgProc</STRONG> (Thumb, 1250 bytes, Stack size 32 bytes, caniap.o(i.CanRecvProgProc))
<BR><BR>[Stack]<UL><LI>Max Depth = 108 + Unknown Stack Size
<LI>Call Chain = CanRecvProgProc &rArr; IapWriteBuf &rArr; InFlashWriteBuf &rArr; fmc_word_program &rArr; fmc_bank1_ready_wait
</UL>
<BR>[Calls]<UL><LI><a href="#[b6]">&gt;&gt;</a>&nbsp;&nbsp;&nbsp;OSTimeDly
<LI><a href="#[11f]">&gt;&gt;</a>&nbsp;&nbsp;&nbsp;IapJumpToBoot
<LI><a href="#[119]">&gt;&gt;</a>&nbsp;&nbsp;&nbsp;FLASH_Unlock
<LI><a href="#[118]">&gt;&gt;</a>&nbsp;&nbsp;&nbsp;FLASH_SetLatency
<LI><a href="#[11e]">&gt;&gt;</a>&nbsp;&nbsp;&nbsp;FLASH_Lock
<LI><a href="#[11b]">&gt;&gt;</a>&nbsp;&nbsp;&nbsp;IapWriteBuf
<LI><a href="#[11d]">&gt;&gt;</a>&nbsp;&nbsp;&nbsp;IapReadBuf
<LI><a href="#[11c]">&gt;&gt;</a>&nbsp;&nbsp;&nbsp;IapExFlashCrc
<LI><a href="#[11a]">&gt;&gt;</a>&nbsp;&nbsp;&nbsp;IapEraserSector
</UL>
<BR>[Called By]<UL><LI><a href="#[123]">&gt;&gt;</a>&nbsp;&nbsp;&nbsp;NormalCanRxProc
<LI><a href="#[122]">&gt;&gt;</a>&nbsp;&nbsp;&nbsp;InitCanRxProc
</UL>

<P><STRONG><a name="[120]"></a>CanRxParaProcess</STRONG> (Thumb, 8 bytes, Stack size 8 bytes, uwb_anchor.o(i.CanRxParaProcess))
<BR><BR>[Stack]<UL><LI>Max Depth = 152<LI>Call Chain = CanRxParaProcess &rArr; AnchorIdInit &rArr; DWT_SetAddress16 &rArr; DWT_Write16BitOffsetReg &rArr; DWT_WriteToDevice &rArr; WriteToSPI &rArr; HAL_SPI_Transmit &rArr; spi_send_byte
</UL>
<BR>[Calls]<UL><LI><a href="#[ad]">&gt;&gt;</a>&nbsp;&nbsp;&nbsp;AnchorIdInit
</UL>
<BR>[Called By]<UL><LI><a href="#[123]">&gt;&gt;</a>&nbsp;&nbsp;&nbsp;NormalCanRxProc
</UL>

<P><STRONG><a name="[121]"></a>CanRxProc</STRONG> (Thumb, 40 bytes, Stack size 24 bytes, can_app.o(i.CanRxProc))
<BR><BR>[Stack]<UL><LI>Max Depth = 712 + Unknown Stack Size
<LI>Call Chain = CanRxProc &rArr; NormalCanRxProc &rArr; CanRcvWlSendProc &rArr; WL_SendData &rArr; RFID_SendData &rArr; RFTxSendPacket &rArr; SetRFChipIdle &rArr; RFID_Init &rArr; RFID_HardwareInit &rArr; RfidConfig &rArr; RfidWriteReg &rArr; RfidSpiWrite &rArr; SpiMcuWrite &rArr; DelayUs &rArr; rcu_clock_freq_get
</UL>
<BR>[Calls]<UL><LI><a href="#[123]">&gt;&gt;</a>&nbsp;&nbsp;&nbsp;NormalCanRxProc
<LI><a href="#[122]">&gt;&gt;</a>&nbsp;&nbsp;&nbsp;InitCanRxProc
</UL>
<BR>[Called By]<UL><LI><a href="#[67]">&gt;&gt;</a>&nbsp;&nbsp;&nbsp;CanRx_Task
</UL>

<P><STRONG><a name="[67]"></a>CanRx_Task</STRONG> (Thumb, 48 bytes, Stack size 0 bytes, can_app.o(i.CanRx_Task))
<BR><BR>[Stack]<UL><LI>Max Depth = 712 + Unknown Stack Size
<LI>Call Chain = CanRx_Task &rArr; CanRxProc &rArr; NormalCanRxProc &rArr; CanRcvWlSendProc &rArr; WL_SendData &rArr; RFID_SendData &rArr; RFTxSendPacket &rArr; SetRFChipIdle &rArr; RFID_Init &rArr; RFID_HardwareInit &rArr; RfidConfig &rArr; RfidWriteReg &rArr; RfidSpiWrite &rArr; SpiMcuWrite &rArr; DelayUs &rArr; rcu_clock_freq_get
</UL>
<BR>[Calls]<UL><LI><a href="#[124]">&gt;&gt;</a>&nbsp;&nbsp;&nbsp;DevBusRead
<LI><a href="#[121]">&gt;&gt;</a>&nbsp;&nbsp;&nbsp;CanRxProc
<LI><a href="#[108]">&gt;&gt;</a>&nbsp;&nbsp;&nbsp;OSSemCreate
</UL>
<BR>[Address Reference Count : 1]<UL><LI> can_app.o(i.CanAppInit)
</UL>
<P><STRONG><a name="[b9]"></a>CanTransAngleHeartBeatProc</STRONG> (Thumb, 182 bytes, Stack size 44 bytes, angle_sensor.o(i.CanTransAngleHeartBeatProc))
<BR><BR>[Stack]<UL><LI>Max Depth = 44<LI>Call Chain = CanTransAngleHeartBeatProc
</UL>
<BR>[Called By]<UL><LI><a href="#[70]">&gt;&gt;</a>&nbsp;&nbsp;&nbsp;AngleSensorMNG_Task
</UL>

<P><STRONG><a name="[101]"></a>CanTrsDummy</STRONG> (Thumb, 38 bytes, Stack size 24 bytes, l4can.o(i.CanTrsDummy))
<BR><BR>[Stack]<UL><LI>Max Depth = 36<LI>Call Chain = CanTrsDummy &rArr; can_message_transmit
</UL>
<BR>[Calls]<UL><LI><a href="#[10f]">&gt;&gt;</a>&nbsp;&nbsp;&nbsp;can_message_transmit
</UL>
<BR>[Called By]<UL><LI><a href="#[fa]">&gt;&gt;</a>&nbsp;&nbsp;&nbsp;CAN_Config
</UL>

<P><STRONG><a name="[68]"></a>CanTx_Task</STRONG> (Thumb, 176 bytes, Stack size 48 bytes, can_app.o(i.CanTx_Task))
<BR><BR>[Stack]<UL><LI>Max Depth = 124 + Unknown Stack Size
<LI>Call Chain = CanTx_Task &rArr; SendUwbData &rArr; CRC_8
</UL>
<BR>[Calls]<UL><LI><a href="#[b6]">&gt;&gt;</a>&nbsp;&nbsp;&nbsp;OSTimeDly
<LI><a href="#[b5]">&gt;&gt;</a>&nbsp;&nbsp;&nbsp;STM32_CAN_Write
<LI><a href="#[127]">&gt;&gt;</a>&nbsp;&nbsp;&nbsp;CanBufferRead
<LI><a href="#[106]">&gt;&gt;</a>&nbsp;&nbsp;&nbsp;CanBufferDataInit
<LI><a href="#[125]">&gt;&gt;</a>&nbsp;&nbsp;&nbsp;SendUwbData
<LI><a href="#[126]">&gt;&gt;</a>&nbsp;&nbsp;&nbsp;OSSemPend
</UL>
<BR>[Address Reference Count : 1]<UL><LI> can_app.o(i.CanAppInit)
</UL>
<P><STRONG><a name="[22b]"></a>CheckIsReport</STRONG> (Thumb, 42 bytes, Stack size 0 bytes, location_data_app.o(i.CheckIsReport))
<BR><BR>[Called By]<UL><LI><a href="#[21d]">&gt;&gt;</a>&nbsp;&nbsp;&nbsp;WriteTagData
</UL>

<P><STRONG><a name="[228]"></a>CheckTagOffLine</STRONG> (Thumb, 48 bytes, Stack size 0 bytes, location_data_app.o(i.CheckTagOffLine))
<BR><BR>[Called By]<UL><LI><a href="#[21d]">&gt;&gt;</a>&nbsp;&nbsp;&nbsp;WriteTagData
</UL>

<P><STRONG><a name="[22a]"></a>CheckTagState</STRONG> (Thumb, 18 bytes, Stack size 0 bytes, can_app.o(i.CheckTagState))
<BR><BR>[Called By]<UL><LI><a href="#[21d]">&gt;&gt;</a>&nbsp;&nbsp;&nbsp;WriteTagData
</UL>

<P><STRONG><a name="[129]"></a>ClrBreatheSta</STRONG> (Thumb, 32 bytes, Stack size 0 bytes, dm633.o(i.ClrBreatheSta))
<BR><BR>[Called By]<UL><LI><a href="#[128]">&gt;&gt;</a>&nbsp;&nbsp;&nbsp;ClrCurrentLightSta
</UL>

<P><STRONG><a name="[215]"></a>ClrCurrentBeepSta</STRONG> (Thumb, 14 bytes, Stack size 0 bytes, beep_app.o(i.ClrCurrentBeepSta))
<BR><BR>[Called By]<UL><LI><a href="#[20]">&gt;&gt;</a>&nbsp;&nbsp;&nbsp;SysTick_Handler
</UL>

<P><STRONG><a name="[128]"></a>ClrCurrentLightSta</STRONG> (Thumb, 82 bytes, Stack size 8 bytes, led_app.o(i.ClrCurrentLightSta))
<BR><BR>[Stack]<UL><LI>Max Depth = 8<LI>Call Chain = ClrCurrentLightSta
</UL>
<BR>[Calls]<UL><LI><a href="#[c7]">&gt;&gt;</a>&nbsp;&nbsp;&nbsp;GetCurrentLightType
<LI><a href="#[129]">&gt;&gt;</a>&nbsp;&nbsp;&nbsp;ClrBreatheSta
</UL>
<BR>[Called By]<UL><LI><a href="#[20]">&gt;&gt;</a>&nbsp;&nbsp;&nbsp;SysTick_Handler
</UL>

<P><STRONG><a name="[12a]"></a>DECA_Sleep</STRONG> (Thumb, 12 bytes, Stack size 8 bytes, deca_sleep.o(i.DECA_Sleep))
<BR><BR>[Stack]<UL><LI>Max Depth = 24<LI>Call Chain = DECA_Sleep &rArr; sleep_ms
</UL>
<BR>[Calls]<UL><LI><a href="#[12b]">&gt;&gt;</a>&nbsp;&nbsp;&nbsp;sleep_ms
</UL>
<BR>[Called By]<UL><LI><a href="#[147]">&gt;&gt;</a>&nbsp;&nbsp;&nbsp;_DWT_LoadUcodeFromRom
<LI><a href="#[143]">&gt;&gt;</a>&nbsp;&nbsp;&nbsp;DWT_SoftReset
</UL>

<P><STRONG><a name="[c5]"></a>DM633Init</STRONG> (Thumb, 138 bytes, Stack size 8 bytes, dm633.o(i.DM633Init))
<BR><BR>[Stack]<UL><LI>Max Depth = 36<LI>Call Chain = DM633Init &rArr; bsp_InitSWD &rArr; gpio_init
</UL>
<BR>[Calls]<UL><LI><a href="#[10b]">&gt;&gt;</a>&nbsp;&nbsp;&nbsp;rcu_periph_clock_enable
<LI><a href="#[10c]">&gt;&gt;</a>&nbsp;&nbsp;&nbsp;gpio_init
<LI><a href="#[12c]">&gt;&gt;</a>&nbsp;&nbsp;&nbsp;bsp_InitSWD
<LI><a href="#[12e]">&gt;&gt;</a>&nbsp;&nbsp;&nbsp;DM634_GBC
<LI><a href="#[12d]">&gt;&gt;</a>&nbsp;&nbsp;&nbsp;DM633_LATCH
<LI><a href="#[cd]">&gt;&gt;</a>&nbsp;&nbsp;&nbsp;DM633_Internal_GCK
</UL>
<BR>[Called By]<UL><LI><a href="#[6d]">&gt;&gt;</a>&nbsp;&nbsp;&nbsp;AppTaskLight
</UL>

<P><STRONG><a name="[cd]"></a>DM633_Internal_GCK</STRONG> (Thumb, 332 bytes, Stack size 8 bytes, bsp_iic.o(i.DM633_Internal_GCK))
<BR><BR>[Stack]<UL><LI>Max Depth = 8<LI>Call Chain = DM633_Internal_GCK
</UL>
<BR>[Calls]<UL><LI><a href="#[12f]">&gt;&gt;</a>&nbsp;&nbsp;&nbsp;SW_Delay
</UL>
<BR>[Called By]<UL><LI><a href="#[6d]">&gt;&gt;</a>&nbsp;&nbsp;&nbsp;AppTaskLight
<LI><a href="#[c5]">&gt;&gt;</a>&nbsp;&nbsp;&nbsp;DM633Init
</UL>

<P><STRONG><a name="[12d]"></a>DM633_LATCH</STRONG> (Thumb, 80 bytes, Stack size 8 bytes, bsp_iic.o(i.DM633_LATCH))
<BR><BR>[Stack]<UL><LI>Max Depth = 8<LI>Call Chain = DM633_LATCH
</UL>
<BR>[Calls]<UL><LI><a href="#[12f]">&gt;&gt;</a>&nbsp;&nbsp;&nbsp;SW_Delay
</UL>
<BR>[Called By]<UL><LI><a href="#[f4]">&gt;&gt;</a>&nbsp;&nbsp;&nbsp;ctrlUled_RGBValue_Meteor_D8_D1_D2_D3
<LI><a href="#[ec]">&gt;&gt;</a>&nbsp;&nbsp;&nbsp;ctrlUled_RGBValue_Meteor_D8_D1_D2
<LI><a href="#[f3]">&gt;&gt;</a>&nbsp;&nbsp;&nbsp;ctrlUled_RGBValue_Meteor_D7_D8_D1_D2
<LI><a href="#[eb]">&gt;&gt;</a>&nbsp;&nbsp;&nbsp;ctrlUled_RGBValue_Meteor_D7_D8_D1
<LI><a href="#[f2]">&gt;&gt;</a>&nbsp;&nbsp;&nbsp;ctrlUled_RGBValue_Meteor_D6_D7_D8_D1
<LI><a href="#[ea]">&gt;&gt;</a>&nbsp;&nbsp;&nbsp;ctrlUled_RGBValue_Meteor_D6_D7_D8
<LI><a href="#[f1]">&gt;&gt;</a>&nbsp;&nbsp;&nbsp;ctrlUled_RGBValue_Meteor_D5_D6_D7_D8
<LI><a href="#[e9]">&gt;&gt;</a>&nbsp;&nbsp;&nbsp;ctrlUled_RGBValue_Meteor_D5_D6_D7
<LI><a href="#[f0]">&gt;&gt;</a>&nbsp;&nbsp;&nbsp;ctrlUled_RGBValue_Meteor_D4_D5_D6_D7
<LI><a href="#[e8]">&gt;&gt;</a>&nbsp;&nbsp;&nbsp;ctrlUled_RGBValue_Meteor_D4_D5_D6
<LI><a href="#[ef]">&gt;&gt;</a>&nbsp;&nbsp;&nbsp;ctrlUled_RGBValue_Meteor_D3_D4_D5_D6
<LI><a href="#[e7]">&gt;&gt;</a>&nbsp;&nbsp;&nbsp;ctrlUled_RGBValue_Meteor_D3_D4_D5
<LI><a href="#[ee]">&gt;&gt;</a>&nbsp;&nbsp;&nbsp;ctrlUled_RGBValue_Meteor_D2_D3_D4_D5
<LI><a href="#[e6]">&gt;&gt;</a>&nbsp;&nbsp;&nbsp;ctrlUled_RGBValue_Meteor_D2_D3_D4
<LI><a href="#[ed]">&gt;&gt;</a>&nbsp;&nbsp;&nbsp;ctrlUled_RGBValue_Meteor_D1_D2_D3_D4
<LI><a href="#[e5]">&gt;&gt;</a>&nbsp;&nbsp;&nbsp;ctrlUled_RGBValue_Meteor_D1_D2_D3
<LI><a href="#[d7]">&gt;&gt;</a>&nbsp;&nbsp;&nbsp;ctrlUled_RGBValue_D8
<LI><a href="#[db]">&gt;&gt;</a>&nbsp;&nbsp;&nbsp;ctrlUled_RGBValue_D7_D8
<LI><a href="#[d6]">&gt;&gt;</a>&nbsp;&nbsp;&nbsp;ctrlUled_RGBValue_D7
<LI><a href="#[d5]">&gt;&gt;</a>&nbsp;&nbsp;&nbsp;ctrlUled_RGBValue_D6
<LI><a href="#[da]">&gt;&gt;</a>&nbsp;&nbsp;&nbsp;ctrlUled_RGBValue_D5_D6
<LI><a href="#[d4]">&gt;&gt;</a>&nbsp;&nbsp;&nbsp;ctrlUled_RGBValue_D5
<LI><a href="#[d3]">&gt;&gt;</a>&nbsp;&nbsp;&nbsp;ctrlUled_RGBValue_D4
<LI><a href="#[d9]">&gt;&gt;</a>&nbsp;&nbsp;&nbsp;ctrlUled_RGBValue_D3_D4
<LI><a href="#[d2]">&gt;&gt;</a>&nbsp;&nbsp;&nbsp;ctrlUled_RGBValue_D3
[...]
<LI><a href="#[1fb]">&gt;&gt;</a>&nbsp;&nbsp;&nbsp;spi_i2s_data_receive
</UL>
<BR>[Called By]<UL><LI><a href="#[18c]">&gt;&gt;</a>&nbsp;&nbsp;&nbsp;HAL_SPI_TransmitReceive
<LI><a href="#[189]">&gt;&gt;</a>&nbsp;&nbsp;&nbsp;HAL_SPI_Transmit
</UL>

<P><STRONG><a name="[207]"></a>spi_struct_para_init</STRONG> (Thumb, 18 bytes, Stack size 0 bytes, gd32f30x_spi.o(i.spi_struct_para_init))
<BR><BR>[Called By]<UL><LI><a href="#[1f6]">&gt;&gt;</a>&nbsp;&nbsp;&nbsp;RfidSpiInit
</UL>

<P><STRONG><a name="[233]"></a>sqrt</STRONG> (Thumb, 110 bytes, Stack size 32 bytes, sqrt.o(i.sqrt))
<BR><BR>[Stack]<UL><LI>Max Depth = 72<LI>Call Chain = sqrt &rArr; _dsqrt &rArr; _double_round
</UL>
<BR>[Calls]<UL><LI><a href="#[22d]">&gt;&gt;</a>&nbsp;&nbsp;&nbsp;__set_errno
<LI><a href="#[8d]">&gt;&gt;</a>&nbsp;&nbsp;&nbsp;_dsqrt
</UL>
<BR>[Called By]<UL><LI><a href="#[1c3]">&gt;&gt;</a>&nbsp;&nbsp;&nbsp;__hardfp_asin
</UL>

<P><STRONG><a name="[188]"></a>systick_config</STRONG> (Thumb, 78 bytes, Stack size 8 bytes, main.o(i.systick_config))
<BR><BR>[Stack]<UL><LI>Max Depth = 40 + Unknown Stack Size
<LI>Call Chain = systick_config &rArr; Error_Handler &rArr; OSTimeDly &rArr; OS_Sched
</UL>
<BR>[Calls]<UL><LI><a href="#[176]">&gt;&gt;</a>&nbsp;&nbsp;&nbsp;Error_Handler
<LI><a href="#[262]">&gt;&gt;</a>&nbsp;&nbsp;&nbsp;NVIC_SetPriority
</UL>
<BR>[Called By]<UL><LI><a href="#[186]">&gt;&gt;</a>&nbsp;&nbsp;&nbsp;HAL_Init
</UL>
<P>
<H3>
Local Symbols
</H3>
<P><STRONG><a name="[262]"></a>NVIC_SetPriority</STRONG> (Thumb, 32 bytes, Stack size 8 bytes, main.o(i.NVIC_SetPriority))
<BR><BR>[Stack]<UL><LI>Max Depth = 8<LI>Call Chain = NVIC_SetPriority
</UL>
<BR>[Called By]<UL><LI><a href="#[188]">&gt;&gt;</a>&nbsp;&nbsp;&nbsp;systick_config
</UL>

<P><STRONG><a name="[75]"></a>UwbRxOkCb</STRONG> (Thumb, 140 bytes, Stack size 16 bytes, uwb_anchor.o(i.UwbRxOkCb))
<BR><BR>[Stack]<UL><LI>Max Depth = 356 + Unknown Stack Size
<LI>Call Chain = UwbRxOkCb &rArr; AncDataFrameProcess &rArr; AncRxFinalFrameProcess &rArr; AddDistData &rArr; GetDistDataBuf &rArr; DeleteSecondListData &rArr; TagOffLineProcess &rArr; WriteReportInfo &rArr; CanBufferWrite &rArr; OSSemPost &rArr; OS_EventTaskRdy &rArr; OS_EventTaskRemove
</UL>
<BR>[Calls]<UL><LI><a href="#[14c]">&gt;&gt;</a>&nbsp;&nbsp;&nbsp;DWT_ReadRxData
<LI><a href="#[20b]">&gt;&gt;</a>&nbsp;&nbsp;&nbsp;RxElseBeaconProcess
<LI><a href="#[99]">&gt;&gt;</a>&nbsp;&nbsp;&nbsp;AncIrqDeclareFrameProcess
<LI><a href="#[98]">&gt;&gt;</a>&nbsp;&nbsp;&nbsp;AncErrorProcess
<LI><a href="#[92]">&gt;&gt;</a>&nbsp;&nbsp;&nbsp;AncDataFrameProcess
</UL>
<BR>[Address Reference Count : 1]<UL><LI> uwb_anchor.o(i.UwbAnchorIrqTask)
</UL>
<P><STRONG><a name="[72]"></a>else_err_cb</STRONG> (Thumb, 36 bytes, Stack size 8 bytes, uwb_anchor.o(i.else_err_cb))
<BR><BR>[Stack]<UL><LI>Max Depth = 176<LI>Call Chain = else_err_cb &rArr; DWT_RxEnable &rArr; DWT_ForceTRxOff &rArr; dwt_syncrxbufptrs &rArr; DWT_Write8BitOffsetReg &rArr; DWT_WriteToDevice &rArr; WriteToSPI &rArr; HAL_SPI_Transmit &rArr; spi_send_byte
</UL>
<BR>[Calls]<UL><LI><a href="#[95]">&gt;&gt;</a>&nbsp;&nbsp;&nbsp;DWT_SetRxTimeOut
<LI><a href="#[14f]">&gt;&gt;</a>&nbsp;&nbsp;&nbsp;DWT_RxReset
<LI><a href="#[96]">&gt;&gt;</a>&nbsp;&nbsp;&nbsp;DWT_RxEnable
<LI><a href="#[13d]">&gt;&gt;</a>&nbsp;&nbsp;&nbsp;DWT_ForceTRxOff
</UL>
<BR>[Address Reference Count : 1]<UL><LI> uwb_anchor.o(i.UwbAnchorIrqTask)
</UL>
<P><STRONG><a name="[73]"></a>rx_err_cb</STRONG> (Thumb, 18 bytes, Stack size 8 bytes, uwb_anchor.o(i.rx_err_cb))
<BR><BR>[Stack]<UL><LI>Max Depth = 176<LI>Call Chain = rx_err_cb &rArr; DWT_RxEnable &rArr; DWT_ForceTRxOff &rArr; dwt_syncrxbufptrs &rArr; DWT_Write8BitOffsetReg &rArr; DWT_WriteToDevice &rArr; WriteToSPI &rArr; HAL_SPI_Transmit &rArr; spi_send_byte
</UL>
<BR>[Calls]<UL><LI><a href="#[95]">&gt;&gt;</a>&nbsp;&nbsp;&nbsp;DWT_SetRxTimeOut
<LI><a href="#[96]">&gt;&gt;</a>&nbsp;&nbsp;&nbsp;DWT_RxEnable
</UL>
<BR>[Address Reference Count : 1]<UL><LI> uwb_anchor.o(i.UwbAnchorIrqTask)
</UL>
<P><STRONG><a name="[74]"></a>rx_to_cb</STRONG> (Thumb, 40 bytes, Stack size 8 bytes, uwb_anchor.o(i.rx_to_cb))
<BR><BR>[Stack]<UL><LI>Max Depth = 176<LI>Call Chain = rx_to_cb &rArr; DWT_RxEnable &rArr; DWT_ForceTRxOff &rArr; dwt_syncrxbufptrs &rArr; DWT_Write8BitOffsetReg &rArr; DWT_WriteToDevice &rArr; WriteToSPI &rArr; HAL_SPI_Transmit &rArr; spi_send_byte
</UL>
<BR>[Calls]<UL><LI><a href="#[95]">&gt;&gt;</a>&nbsp;&nbsp;&nbsp;DWT_SetRxTimeOut
<LI><a href="#[96]">&gt;&gt;</a>&nbsp;&nbsp;&nbsp;DWT_RxEnable
</UL>
<BR>[Address Reference Count : 1]<UL><LI> uwb_anchor.o(i.UwbAnchorIrqTask)
</UL>
<P><STRONG><a name="[76]"></a>tx_conf_cb</STRONG> (Thumb, 44 bytes, Stack size 8 bytes, uwb_anchor.o(i.tx_conf_cb))
<BR><BR>[Stack]<UL><LI>Max Depth = 176 + Unknown Stack Size
<LI>Call Chain = tx_conf_cb &rArr; DWT_RxEnable &rArr; DWT_ForceTRxOff &rArr; dwt_syncrxbufptrs &rArr; DWT_Write8BitOffsetReg &rArr; DWT_WriteToDevice &rArr; WriteToSPI &rArr; HAL_SPI_Transmit &rArr; spi_send_byte
</UL>
<BR>[Calls]<UL><LI><a href="#[a1]">&gt;&gt;</a>&nbsp;&nbsp;&nbsp;OSSemPost
<LI><a href="#[95]">&gt;&gt;</a>&nbsp;&nbsp;&nbsp;DWT_SetRxTimeOut
<LI><a href="#[96]">&gt;&gt;</a>&nbsp;&nbsp;&nbsp;DWT_RxEnable
</UL>
<BR>[Address Reference Count : 1]<UL><LI> uwb_anchor.o(i.UwbAnchorIrqTask)
</UL>
<P><STRONG><a name="[10e]"></a>CanRcvBusProc</STRONG> (Thumb, 574 bytes, Stack size 40 bytes, can_app.o(i.CanRcvBusProc))
<BR><BR>[Stack]<UL><LI>Max Depth = 416 + Unknown Stack Size
<LI>Call Chain = CanRcvBusProc &rArr; WL_SendData &rArr; RFID_SendData &rArr; RFTxSendPacket &rArr; SetRFChipIdle &rArr; RFID_Init &rArr; RFID_HardwareInit &rArr; RfidConfig &rArr; RfidWriteReg &rArr; RfidSpiWrite &rArr; SpiMcuWrite &rArr; DelayUs &rArr; rcu_clock_freq_get
</UL>
<BR>[Calls]<UL><LI><a href="#[10f]">&gt;&gt;</a>&nbsp;&nbsp;&nbsp;can_message_transmit
<LI><a href="#[110]">&gt;&gt;</a>&nbsp;&nbsp;&nbsp;WL_SendData
</UL>
<BR>[Called By]<UL><LI><a href="#[123]">&gt;&gt;</a>&nbsp;&nbsp;&nbsp;NormalCanRxProc
<LI><a href="#[122]">&gt;&gt;</a>&nbsp;&nbsp;&nbsp;InitCanRxProc
</UL>

<P><STRONG><a name="[111]"></a>CanRcvIrMatchProc</STRONG> (Thumb, 372 bytes, Stack size 40 bytes, can_app.o(i.CanRcvIrMatchProc))
<BR><BR>[Stack]<UL><LI>Max Depth = 232<LI>Call Chain = CanRcvIrMatchProc &rArr; SetWlAddr &rArr; RfidWriteReg &rArr; RfidSpiWrite &rArr; SpiMcuWrite &rArr; DelayUs &rArr; rcu_clock_freq_get
</UL>
<BR>[Calls]<UL><LI><a href="#[10f]">&gt;&gt;</a>&nbsp;&nbsp;&nbsp;can_message_transmit
<LI><a href="#[113]">&gt;&gt;</a>&nbsp;&nbsp;&nbsp;SetWlAddr
<LI><a href="#[112]">&gt;&gt;</a>&nbsp;&nbsp;&nbsp;SaveSRemoteCtrlInfo
</UL>
<BR>[Called By]<UL><LI><a href="#[123]">&gt;&gt;</a>&nbsp;&nbsp;&nbsp;NormalCanRxProc
<LI><a href="#[122]">&gt;&gt;</a>&nbsp;&nbsp;&nbsp;InitCanRxProc
</UL>

<P><STRONG><a name="[114]"></a>CanRcvSetPar</STRONG> (Thumb, 74 bytes, Stack size 24 bytes, can_app.o(i.CanRcvSetPar))
<BR><BR>[Stack]<UL><LI>Max Depth = 216<LI>Call Chain = CanRcvSetPar &rArr; SetWlAddr &rArr; RfidWriteReg &rArr; RfidSpiWrite &rArr; SpiMcuWrite &rArr; DelayUs &rArr; rcu_clock_freq_get
</UL>
<BR>[Calls]<UL><LI><a href="#[113]">&gt;&gt;</a>&nbsp;&nbsp;&nbsp;SetWlAddr
<LI><a href="#[115]">&gt;&gt;</a>&nbsp;&nbsp;&nbsp;RfidWriteReg
</UL>
<BR>[Called By]<UL><LI><a href="#[123]">&gt;&gt;</a>&nbsp;&nbsp;&nbsp;NormalCanRxProc
<LI><a href="#[122]">&gt;&gt;</a>&nbsp;&nbsp;&nbsp;InitCanRxProc
</UL>

<P><STRONG><a name="[116]"></a>CanRcvWlSendProc</STRONG> (Thumb, 346 bytes, Stack size 112 bytes, can_app.o(i.CanRcvWlSendProc))
<BR><BR>[Stack]<UL><LI>Max Depth = 488 + Unknown Stack Size
<LI>Call Chain = CanRcvWlSendProc &rArr; WL_SendData &rArr; RFID_SendData &rArr; RFTxSendPacket &rArr; SetRFChipIdle &rArr; RFID_Init &rArr; RFID_HardwareInit &rArr; RfidConfig &rArr; RfidWriteReg &rArr; RfidSpiWrite &rArr; SpiMcuWrite &rArr; DelayUs &rArr; rcu_clock_freq_get
</UL>
<BR>[Calls]<UL><LI><a href="#[10f]">&gt;&gt;</a>&nbsp;&nbsp;&nbsp;can_message_transmit
<LI><a href="#[110]">&gt;&gt;</a>&nbsp;&nbsp;&nbsp;WL_SendData
<LI><a href="#[112]">&gt;&gt;</a>&nbsp;&nbsp;&nbsp;SaveSRemoteCtrlInfo
<LI><a href="#[107]">&gt;&gt;</a>&nbsp;&nbsp;&nbsp;__aeabi_memclr4
</UL>
<BR>[Called By]<UL><LI><a href="#[123]">&gt;&gt;</a>&nbsp;&nbsp;&nbsp;NormalCanRxProc
<LI><a href="#[122]">&gt;&gt;</a>&nbsp;&nbsp;&nbsp;InitCanRxProc
</UL>

<P><STRONG><a name="[14]"></a>LogicGetAngleValueXProc</STRONG> (Thumb, 12 bytes, Stack size 0 bytes, logic.o(i.LogicGetAngleValueXProc))
<BR>[Address Reference Count : 1]<UL><LI> logic.o(.data)
</UL>
<P><STRONG><a name="[15]"></a>LogicGetAngleValueYProc</STRONG> (Thumb, 12 bytes, Stack size 0 bytes, logic.o(i.LogicGetAngleValueYProc))
<BR>[Address Reference Count : 1]<UL><LI> logic.o(.data)
</UL>
<P><STRONG><a name="[16]"></a>LogicGetAngleValueZProc</STRONG> (Thumb, 12 bytes, Stack size 0 bytes, logic.o(i.LogicGetAngleValueZProc))
<BR>[Address Reference Count : 1]<UL><LI> logic.o(.data)
</UL>
<P><STRONG><a name="[a]"></a>LogicGetCalibrateFlagProc</STRONG> (Thumb, 14 bytes, Stack size 0 bytes, logic.o(i.LogicGetCalibrateFlagProc))
<BR>[Address Reference Count : 1]<UL><LI> logic.o(.data)
</UL>
<P><STRONG><a name="[6]"></a>LogicGetDevTypeInfProc</STRONG> (Thumb, 40 bytes, Stack size 0 bytes, logic.o(i.LogicGetDevTypeInfProc))
<BR>[Address Reference Count : 1]<UL><LI> logic.o(.data)
</UL>
<P><STRONG><a name="[9]"></a>LogicGetModifyParamAllProc</STRONG> (Thumb, 20 bytes, Stack size 8 bytes, logic.o(i.LogicGetModifyParamAllProc))
<BR><BR>[Stack]<UL><LI>Max Depth = 16<LI>Call Chain = LogicGetModifyParamAllProc &rArr; __aeabi_memmove
</UL>
<BR>[Calls]<UL><LI><a href="#[1a3]">&gt;&gt;</a>&nbsp;&nbsp;&nbsp;__aeabi_memmove
</UL>
<BR>[Address Reference Count : 1]<UL><LI> logic.o(.data)
</UL>
<P><STRONG><a name="[7]"></a>LogicGetModifyParamNumbProc</STRONG> (Thumb, 20 bytes, Stack size 0 bytes, logic.o(i.LogicGetModifyParamNumbProc))
<BR>[Address Reference Count : 1]<UL><LI> logic.o(.data)
</UL>
<P><STRONG><a name="[8]"></a>LogicGetModifyParamProc</STRONG> (Thumb, 120 bytes, Stack size 0 bytes, logic.o(i.LogicGetModifyParamProc))
<BR>[Address Reference Count : 1]<UL><LI> logic.o(.data)
</UL>
<P><STRONG><a name="[13]"></a>LogicGetReportIntervalProc</STRONG> (Thumb, 12 bytes, Stack size 0 bytes, logic.o(i.LogicGetReportIntervalProc))
<BR>[Address Reference Count : 1]<UL><LI> logic.o(.data)
</UL>
<P><STRONG><a name="[11]"></a>LogicGetSystemStatusProc</STRONG> (Thumb, 12 bytes, Stack size 0 bytes, logic.o(i.LogicGetSystemStatusProc))
<BR>[Address Reference Count : 1]<UL><LI> logic.o(.data)
</UL>
<P><STRONG><a name="[12]"></a>LogicGetWorkModeProc</STRONG> (Thumb, 12 bytes, Stack size 0 bytes, logic.o(i.LogicGetWorkModeProc))
<BR>[Address Reference Count : 1]<UL><LI> logic.o(.data)
</UL>
<P><STRONG><a name="[5]"></a>LogicSaveParamMsgProc</STRONG> (Thumb, 12 bytes, Stack size 8 bytes, logic.o(i.LogicSaveParamMsgProc))
<BR><BR>[Stack]<UL><LI>Max Depth = 64<LI>Call Chain = LogicSaveParamMsgProc &rArr; LogicParamSaveProc &rArr; FLASH_ErasePage &rArr; fmc_page_erase &rArr; fmc_bank1_ready_wait
</UL>
<BR>[Calls]<UL><LI><a href="#[1a5]">&gt;&gt;</a>&nbsp;&nbsp;&nbsp;LogicParamSaveProc
</UL>
<BR>[Address Reference Count : 1]<UL><LI> logic.o(.data)
</UL>
<P><STRONG><a name="[e]"></a>LogicSetAngleValueXProc</STRONG> (Thumb, 14 bytes, Stack size 0 bytes, logic.o(i.LogicSetAngleValueXProc))
<BR>[Address Reference Count : 1]<UL><LI> logic.o(.data)
</UL>
<P><STRONG><a name="[f]"></a>LogicSetAngleValueYProc</STRONG> (Thumb, 14 bytes, Stack size 0 bytes, logic.o(i.LogicSetAngleValueYProc))
<BR>[Address Reference Count : 1]<UL><LI> logic.o(.data)
</UL>
<P><STRONG><a name="[10]"></a>LogicSetAngleValueZProc</STRONG> (Thumb, 14 bytes, Stack size 0 bytes, logic.o(i.LogicSetAngleValueZProc))
<BR>[Address Reference Count : 1]<UL><LI> logic.o(.data)
</UL>
<P><STRONG><a name="[4]"></a>LogicSetCalibrateFlagProc</STRONG> (Thumb, 14 bytes, Stack size 0 bytes, logic.o(i.LogicSetCalibrateFlagProc))
<BR>[Address Reference Count : 1]<UL><LI> logic.o(.data)
</UL>
<P><STRONG><a name="[1]"></a>LogicSetDevTypeInfProc</STRONG> (Thumb, 82 bytes, Stack size 0 bytes, logic.o(i.LogicSetDevTypeInfProc))
<BR>[Address Reference Count : 1]<UL><LI> logic.o(.data)
</UL>
<P><STRONG><a name="[2]"></a>LogicSetModifyParamNumbProc</STRONG> (Thumb, 56 bytes, Stack size 0 bytes, logic.o(i.LogicSetModifyParamNumbProc))
<BR>[Address Reference Count : 1]<UL><LI> logic.o(.data)
</UL>
<P><STRONG><a name="[3]"></a>LogicSetModifyParamProc</STRONG> (Thumb, 120 bytes, Stack size 0 bytes, logic.o(i.LogicSetModifyParamProc))
<BR>[Address Reference Count : 1]<UL><LI> logic.o(.data)
</UL>
<P><STRONG><a name="[d]"></a>LogicSetReportIntervalProc</STRONG> (Thumb, 18 bytes, Stack size 8 bytes, logic.o(i.LogicSetReportIntervalProc))
<BR><BR>[Stack]<UL><LI>Max Depth = 64<LI>Call Chain = LogicSetReportIntervalProc &rArr; LogicRunInfSaveProc &rArr; FLASH_ErasePage &rArr; fmc_page_erase &rArr; fmc_bank1_ready_wait
</UL>
<BR>[Calls]<UL><LI><a href="#[1a6]">&gt;&gt;</a>&nbsp;&nbsp;&nbsp;LogicRunInfSaveProc
</UL>
<BR>[Address Reference Count : 1]<UL><LI> logic.o(.data)
</UL>
<P><STRONG><a name="[b]"></a>LogicSetSystemStatusProc</STRONG> (Thumb, 12 bytes, Stack size 0 bytes, logic.o(i.LogicSetSystemStatusProc))
<BR>[Address Reference Count : 1]<UL><LI> logic.o(.data)
</UL>
<P><STRONG><a name="[c]"></a>LogicSetWorkModeProc</STRONG> (Thumb, 18 bytes, Stack size 8 bytes, logic.o(i.LogicSetWorkModeProc))
<BR><BR>[Stack]<UL><LI>Max Depth = 64<LI>Call Chain = LogicSetWorkModeProc &rArr; LogicRunInfSaveProc &rArr; FLASH_ErasePage &rArr; fmc_page_erase &rArr; fmc_bank1_ready_wait
</UL>
<BR>[Calls]<UL><LI><a href="#[1a6]">&gt;&gt;</a>&nbsp;&nbsp;&nbsp;LogicRunInfSaveProc
</UL>
<BR>[Address Reference Count : 1]<UL><LI> logic.o(.data)
</UL>
<P><STRONG><a name="[222]"></a>WlVarInit</STRONG> (Thumb, 62 bytes, Stack size 0 bytes, wireless.o(i.WlVarInit))
<BR><BR>[Called By]<UL><LI><a href="#[6f]">&gt;&gt;</a>&nbsp;&nbsp;&nbsp;WL_MNG_Task
</UL>

<P><STRONG><a name="[251]"></a>get_st_biases</STRONG> (Thumb, 1128 bytes, Stack size 64 bytes, inv_mpu.o(i.get_st_biases))
<BR><BR>[Stack]<UL><LI>Max Depth = 128<LI>Call Chain = get_st_biases &rArr; __aeabi_ldivmod &rArr; __aeabi_uldivmod
</UL>
<BR>[Calls]<UL><LI><a href="#[19b]">&gt;&gt;</a>&nbsp;&nbsp;&nbsp;delay_ms
<LI><a href="#[1c0]">&gt;&gt;</a>&nbsp;&nbsp;&nbsp;MPU6500_Write_Len
<LI><a href="#[1be]">&gt;&gt;</a>&nbsp;&nbsp;&nbsp;MPU6500_Read_Len
<LI><a href="#[7e]">&gt;&gt;</a>&nbsp;&nbsp;&nbsp;__aeabi_ldivmod
</UL>
<BR>[Called By]<UL><LI><a href="#[1c5]">&gt;&gt;</a>&nbsp;&nbsp;&nbsp;mpu_run_self_test
</UL>

<P><STRONG><a name="[253]"></a>set_int_enable</STRONG> (Thumb, 138 bytes, Stack size 16 bytes, inv_mpu.o(i.set_int_enable))
<BR><BR>[Stack]<UL><LI>Max Depth = 76<LI>Call Chain = set_int_enable &rArr; MPU6500_Write_Len &rArr; MPU6500_I2C_write_char &rArr; gpio_init
</UL>
<BR>[Calls]<UL><LI><a href="#[1c0]">&gt;&gt;</a>&nbsp;&nbsp;&nbsp;MPU6500_Write_Len
</UL>
<BR>[Called By]<UL><LI><a href="#[1b3]">&gt;&gt;</a>&nbsp;&nbsp;&nbsp;mpu_set_dmp_state
<LI><a href="#[1ab]">&gt;&gt;</a>&nbsp;&nbsp;&nbsp;mpu_configure_fifo
</UL>

<P><STRONG><a name="[24a]"></a>decode_gesture</STRONG> (Thumb, 94 bytes, Stack size 24 bytes, inv_mpu_dmp_motion_driver.o(i.decode_gesture))
<BR><BR>[Stack]<UL><LI>Max Depth = 24<LI>Call Chain = decode_gesture
</UL>
<BR>[Called By]<UL><LI><a href="#[1c1]">&gt;&gt;</a>&nbsp;&nbsp;&nbsp;dmp_read_fifo
</UL>

<P><STRONG><a name="[12f]"></a>SW_Delay</STRONG> (Thumb, 14 bytes, Stack size 0 bytes, bsp_iic.o(i.SW_Delay))
<BR><BR>[Called By]<UL><LI><a href="#[20e]">&gt;&gt;</a>&nbsp;&nbsp;&nbsp;SW_SendByte
<LI><a href="#[12e]">&gt;&gt;</a>&nbsp;&nbsp;&nbsp;DM634_GBC
<LI><a href="#[12d]">&gt;&gt;</a>&nbsp;&nbsp;&nbsp;DM633_LATCH
<LI><a href="#[cd]">&gt;&gt;</a>&nbsp;&nbsp;&nbsp;DM633_Internal_GCK
</UL>

<P><STRONG><a name="[1d3]"></a>OS_InitEventList</STRONG> (Thumb, 84 bytes, Stack size 16 bytes, os_core.o(i.OS_InitEventList))
<BR><BR>[Stack]<UL><LI>Max Depth = 16<LI>Call Chain = OS_InitEventList
</UL>
<BR>[Calls]<UL><LI><a href="#[1ea]">&gt;&gt;</a>&nbsp;&nbsp;&nbsp;OS_MemClr
</UL>
<BR>[Called By]<UL><LI><a href="#[1ce]">&gt;&gt;</a>&nbsp;&nbsp;&nbsp;OSInit
</UL>

<P><STRONG><a name="[1d0]"></a>OS_InitMisc</STRONG> (Thumb, 36 bytes, Stack size 0 bytes, os_core.o(i.OS_InitMisc))
<BR><BR>[Called By]<UL><LI><a href="#[1ce]">&gt;&gt;</a>&nbsp;&nbsp;&nbsp;OSInit
</UL>

<P><STRONG><a name="[1d1]"></a>OS_InitRdyList</STRONG> (Thumb, 44 bytes, Stack size 0 bytes, os_core.o(i.OS_InitRdyList))
<BR><BR>[Called By]<UL><LI><a href="#[1ce]">&gt;&gt;</a>&nbsp;&nbsp;&nbsp;OSInit
</UL>

<P><STRONG><a name="[1d2]"></a>OS_InitTCBList</STRONG> (Thumb, 104 bytes, Stack size 16 bytes, os_core.o(i.OS_InitTCBList))
<BR><BR>[Stack]<UL><LI>Max Depth = 16<LI>Call Chain = OS_InitTCBList
</UL>
<BR>[Calls]<UL><LI><a href="#[1ea]">&gt;&gt;</a>&nbsp;&nbsp;&nbsp;OS_MemClr
</UL>
<BR>[Called By]<UL><LI><a href="#[1ce]">&gt;&gt;</a>&nbsp;&nbsp;&nbsp;OSInit
</UL>

<P><STRONG><a name="[1d5]"></a>OS_InitTaskIdle</STRONG> (Thumb, 50 bytes, Stack size 32 bytes, os_core.o(i.OS_InitTaskIdle))
<BR><BR>[Stack]<UL><LI>Max Depth = 128 + Unknown Stack Size
<LI>Call Chain = OS_InitTaskIdle &rArr; OSTaskCreateExt &rArr; OS_TCBInit
</UL>
<BR>[Calls]<UL><LI><a href="#[105]">&gt;&gt;</a>&nbsp;&nbsp;&nbsp;OSTaskNameSet
<LI><a href="#[104]">&gt;&gt;</a>&nbsp;&nbsp;&nbsp;OSTaskCreateExt
</UL>
<BR>[Called By]<UL><LI><a href="#[1ce]">&gt;&gt;</a>&nbsp;&nbsp;&nbsp;OSInit
</UL>

<P><STRONG><a name="[1d7]"></a>OS_SchedNew</STRONG> (Thumb, 26 bytes, Stack size 0 bytes, os_core.o(i.OS_SchedNew))
<BR><BR>[Called By]<UL><LI><a href="#[171]">&gt;&gt;</a>&nbsp;&nbsp;&nbsp;OSIntExit
<LI><a href="#[1de]">&gt;&gt;</a>&nbsp;&nbsp;&nbsp;OSStart
<LI><a href="#[1db]">&gt;&gt;</a>&nbsp;&nbsp;&nbsp;OS_Sched
</UL>

<P><STRONG><a name="[261]"></a>system_clock_72m_hxtal</STRONG> (Thumb, 288 bytes, Stack size 0 bytes, system_gd32f30x.o(i.system_clock_72m_hxtal))
<BR><BR>[Called By]<UL><LI><a href="#[216]">&gt;&gt;</a>&nbsp;&nbsp;&nbsp;system_clock_config
</UL>

<P><STRONG><a name="[216]"></a>system_clock_config</STRONG> (Thumb, 8 bytes, Stack size 8 bytes, system_gd32f30x.o(i.system_clock_config))
<BR><BR>[Stack]<UL><LI>Max Depth = 8<LI>Call Chain = system_clock_config
</UL>
<BR>[Calls]<UL><LI><a href="#[261]">&gt;&gt;</a>&nbsp;&nbsp;&nbsp;system_clock_72m_hxtal
</UL>
<BR>[Called By]<UL><LI><a href="#[65]">&gt;&gt;</a>&nbsp;&nbsp;&nbsp;SystemInit
</UL>

<P><STRONG><a name="[203]"></a>SpiMcuRead</STRONG> (Thumb, 110 bytes, Stack size 24 bytes, rfid_cc1101.o(i.SpiMcuRead))
<BR><BR>[Stack]<UL><LI>Max Depth = 144<LI>Call Chain = SpiMcuRead &rArr; DelayUs &rArr; rcu_clock_freq_get
</UL>
<BR>[Calls]<UL><LI><a href="#[c3]">&gt;&gt;</a>&nbsp;&nbsp;&nbsp;gpio_bit_set
<LI><a href="#[c4]">&gt;&gt;</a>&nbsp;&nbsp;&nbsp;gpio_bit_reset
<LI><a href="#[1f9]">&gt;&gt;</a>&nbsp;&nbsp;&nbsp;RFID_SPI_SendByte
<LI><a href="#[15e]">&gt;&gt;</a>&nbsp;&nbsp;&nbsp;DelayUs
<LI><a href="#[20a]">&gt;&gt;</a>&nbsp;&nbsp;&nbsp;WaitGPIOReset
</UL>
<BR>[Called By]<UL><LI><a href="#[172]">&gt;&gt;</a>&nbsp;&nbsp;&nbsp;RfidReadStatusReg
<LI><a href="#[202]">&gt;&gt;</a>&nbsp;&nbsp;&nbsp;RfidReadFifo
</UL>

<P><STRONG><a name="[209]"></a>SpiMcuWrite</STRONG> (Thumb, 108 bytes, Stack size 24 bytes, rfid_cc1101.o(i.SpiMcuWrite))
<BR><BR>[Stack]<UL><LI>Max Depth = 144<LI>Call Chain = SpiMcuWrite &rArr; DelayUs &rArr; rcu_clock_freq_get
</UL>
<BR>[Calls]<UL><LI><a href="#[c3]">&gt;&gt;</a>&nbsp;&nbsp;&nbsp;gpio_bit_set
<LI><a href="#[c4]">&gt;&gt;</a>&nbsp;&nbsp;&nbsp;gpio_bit_reset
<LI><a href="#[1f9]">&gt;&gt;</a>&nbsp;&nbsp;&nbsp;RFID_SPI_SendByte
<LI><a href="#[15e]">&gt;&gt;</a>&nbsp;&nbsp;&nbsp;DelayUs
<LI><a href="#[20a]">&gt;&gt;</a>&nbsp;&nbsp;&nbsp;WaitGPIOReset
</UL>
<BR>[Called By]<UL><LI><a href="#[1ff]">&gt;&gt;</a>&nbsp;&nbsp;&nbsp;RfidWriteFifo
<LI><a href="#[208]">&gt;&gt;</a>&nbsp;&nbsp;&nbsp;RfidSpiWrite
</UL>
<P>
<H3>
Undefined Global Symbols
</H3><HR></body></html>
