<html>
<body>
<pre>
<h1>µVision Build Log</h1>
<h2>Tool Versions:</h2>
IDE-Version: ¦ÌVision V5.34.0.0
Copyright (C) 2021 ARM Ltd and ARM Germany GmbH. All rights reserved.
License Information: 11 ghy, 1, LIC=BUURY-ICJL8-GK1BG-VB70L-T45UA-XTSDC
 
Tool Versions:
Toolchain:       MDK-ARM Plus  Version: 5.34.0.0
Toolchain Path:  C:\Keil_v5\ARM\ARMCC\Bin
C Compiler:      Armcc.exe V5.06 update 7 (build 960)
Assembler:       Armasm.exe V5.06 update 7 (build 960)
Linker/Locator:  ArmLink.exe V5.06 update 7 (build 960)
Library Manager: ArmAr.exe V5.06 update 7 (build 960)
Hex Converter:   FromElf.exe V5.06 update 7 (build 960)
CPU DLL:         SARMCM3.DLL V5.34.0.0
Dialog DLL:      DCM.DLL V1.17.3.0
Target DLL:      Segger\JL2CM3.dll V2.99.38.0
Dialog DLL:      TCM.DLL V1.48.0.0
 
<h2>Project:</h2>
C:\Users\ghy\Desktop\Alarm_433Wire\alarm-app\MDK-ARM\UWB.uvprojx
Project File Date:  08/16/2023

<h2>Output:</h2>
*** Using Compiler 'V5.06 update 7 (build 960)', folder: 'C:\Keil_v5\ARM\ARMCC\Bin'
Build target 'UWB452'
compiling uwb_beb.c...
compiling location_data_app.c...
compiling gd32f30x_it.c...
compiling main.c...
compiling randomapp.c...
compiling uwb_common.c...
compiling uwb_debug.c...
compiling uwb_anchor.c...
compiling beep_app.c...
compiling led_app.c...
compiling dm633.c...
compiling can_app.c...
compiling logic.c...
compiling iwdg.c...
compiling wireless.c...
compiling deca_range_tables.c...
compiling angle_sensor.c...
compiling deca_params_init.c...
compiling deca_device.c...
compiling deca_mutex.c...
compiling dw1000_bus.c...
compiling port.c...
compiling deca_sleep.c...
compiling olist.c...
compiling deca_spi.c...
compiling math_fun.c...
compiling inv_mpu.c...
compiling inv_mpu_dmp_motion_driver.c...
compiling delay.c...
compiling mpu6500_driver.c...
compiling can_bus.c...
compiling can_buf.c...
compiling l4can.c...
compiling l4spi.c...
compiling spi_bus.c...
compiling l4x_flash.c...
compiling bsp_iic.c...
compiling CanIap.c...
compiling os_core.c...
compiling os_flag.c...
compiling os_mbox.c...
compiling os_mem.c...
compiling iapupdate.c...
compiling os_mutex.c...
compiling os_q.c...
compiling os_sem.c...
compiling os_time.c...
compiling os_task.c...
compiling os_tmr.c...
compiling os_dbg.c...
compiling os_cpu_c.c...
compiling system_gd32f30x.c...
compiling gd32f30x_adc.c...
compiling gd32f30x_bkp.c...
compiling gd32f30x_crc.c...
compiling gd32f30x_ctc.c...
compiling gd32f30x_can.c...
compiling gd32f30x_dac.c...
compiling gd32f30x_dbg.c...
compiling gd32f30x_dma.c...
compiling gd32f30x_exmc.c...
compiling gd32f30x_exti.c...
compiling gd32f30x_fmc.c...
compiling gd32f30x_fwdgt.c...
compiling gd32f30x_gpio.c...
compiling gd32f30x_i2c.c...
compiling gd32f30x_misc.c...
compiling gd32f30x_pmu.c...
compiling gd32f30x_rtc.c...
compiling gd32f30x_rcu.c...
compiling gd32f30x_sdio.c...
compiling gd32f30x_spi.c...
compiling gd32f30x_usart.c...
compiling gd32f30x_timer.c...
compiling gd32f30x_wwdgt.c...
compiling rfid_cc1101.c...
compiling rfid_driver.c...
linking...
Program Size: Code=73252 RO-data=7428 RW-data=736 ZI-data=32440  
FromELF: creating hex file...
".\UWB452\UWB.axf" - 0 Error(s), 0 Warning(s).

<h2>Software Packages used:</h2>

Package Vendor: ARM
                http://www.keil.com/pack/ARM.CMSIS.5.7.0.pack
                ARM.CMSIS.5.7.0
                CMSIS (Cortex Microcontroller Software Interface Standard)
   * Component: CORE Version: 5.4.0

Package Vendor: GigaDevice
                http://gd32mcu.com/data/documents/pack/GigaDevice.GD32F30x_DFP.2.2.0.pack
                GigaDevice.GD32F30x_DFP.2.2.0
                GigaDevice GD32F30x Series Device Support and Examples

<h2>Collection of Component include folders:</h2>
  .\RTE\_UWB452
  C:\Users\ghy\AppData\Local\Arm\Packs\ARM\CMSIS\5.7.0\CMSIS\Core\Include
  C:\Users\ghy\AppData\Local\Arm\Packs\GigaDevice\GD32F30x_DFP\2.2.0\Device\Include

<h2>Collection of Component Files used:</h2>

   * Component: ARM::CMSIS:CORE:5.4.0
Build Time Elapsed:  00:00:34
</pre>
</body>
</html>
