Component: ARM Compiler 5.06 update 7 (build 960) Tool: armlink [4d3601]

==============================================================================

Section Cross References

    main.o(i.DevID_Init) refers to gd32f30x_rcu.o(i.rcu_periph_clock_enable) for rcu_periph_clock_enable
    main.o(i.DevID_Init) refers to gd32f30x_gpio.o(i.gpio_init) for gpio_init
    main.o(i.DevID_Init) refers to gd32f30x_gpio.o(i.gpio_input_bit_get) for gpio_input_bit_get
    main.o(i.DevID_Init) refers to main.o(.data) for g_u32ID
    main.o(i.Error_Handler) refers to os_time.o(i.OSTimeDly) for OSTimeDly
    main.o(i.Get_DevID) refers to main.o(.data) for g_u32ID
    main.o(i.HAL_Init) refers to gd32f30x_misc.o(i.nvic_priority_group_set) for nvic_priority_group_set
    main.o(i.HAL_Init) refers to main.o(i.systick_config) for systick_config
    main.o(i.TaskStart) refers to gd32f30x_misc.o(i.nvic_vector_table_set) for nvic_vector_table_set
    main.o(i.TaskStart) refers to main.o(i.DevID_Init) for DevID_Init
    main.o(i.TaskStart) refers to main.o(i.HAL_Init) for HAL_Init
    main.o(i.TaskStart) refers to dw1000_bus.o(i.Dw1000Init) for Dw1000Init
    main.o(i.TaskStart) refers to port.o(i.Reset_DW1000) for Reset_DW1000
    main.o(i.TaskStart) refers to spi_bus.o(i.SpiBusInit) for SpiBusInit
    main.o(i.TaskStart) refers to port.o(i.SPI_DW1000_SetRateLow) for SPI_DW1000_SetRateLow
    main.o(i.TaskStart) refers to deca_device.o(i.DWT_Initialise) for DWT_Initialise
    main.o(i.TaskStart) refers to os_time.o(i.OSTimeDly) for OSTimeDly
    main.o(i.TaskStart) refers to os_task.o(i.OSTaskCreateExt) for OSTaskCreateExt
    main.o(i.TaskStart) refers to l4can.o(i.CanGpioInit) for CanGpioInit
    main.o(i.TaskStart) refers to l4can.o(i.CAN_Config) for CAN_Config
    main.o(i.TaskStart) refers to can_app.o(i.CanAppInit) for CanAppInit
    main.o(i.TaskStart) refers to os_task.o(i.OSTaskCreate) for OSTaskCreate
    main.o(i.TaskStart) refers to os_task.o(i.OSTaskDel) for OSTaskDel
    main.o(i.TaskStart) refers to main.o(.data) for g_u32ID
    main.o(i.TaskStart) refers to main.o(.bss) for AppTaskBeepStk
    main.o(i.TaskStart) refers to beep_app.o(i.AppTaskBeep) for AppTaskBeep
    main.o(i.TaskStart) refers to led_app.o(i.AppTaskLight) for AppTaskLight
    main.o(i.TaskStart) refers to uwb_anchor.o(i.UwbAnchorIrqTask) for UwbAnchorIrqTask
    main.o(i.TaskStart) refers to wireless.o(i.WL_MNG_Task) for WL_MNG_Task
    main.o(i.TaskStart) refers to angle_sensor.o(i.AngleSensorMNG_Task) for AngleSensorMNG_Task
    main.o(i.TaskStart) refers to angle_sensor.o(i.AngleSensor_Task) for AngleSensor_Task
    main.o(i.main) refers to os_core.o(i.OSInit) for OSInit
    main.o(i.main) refers to os_task.o(i.OSTaskCreateExt) for OSTaskCreateExt
    main.o(i.main) refers to os_core.o(i.OSStart) for OSStart
    main.o(i.main) refers to main.o(.bss) for TaskStartStk
    main.o(i.main) refers to main.o(i.TaskStart) for TaskStart
    main.o(i.systick_config) refers to main.o(i.NVIC_SetPriority) for NVIC_SetPriority
    main.o(i.systick_config) refers to main.o(i.Error_Handler) for Error_Handler
    main.o(i.systick_config) refers to system_gd32f30x.o(.data) for SystemCoreClock
    gd32f30x_it.o(i.HAL_GetTick) refers to gd32f30x_it.o(.data) for uwTick
    gd32f30x_it.o(i.HAL_IncTick) refers to gd32f30x_it.o(.data) for uwTick
    gd32f30x_it.o(i.SysTick_Handler) refers to os_core.o(i.OSIntEnter) for OSIntEnter
    gd32f30x_it.o(i.SysTick_Handler) refers to os_core.o(i.OSTimeTick) for OSTimeTick
    gd32f30x_it.o(i.SysTick_Handler) refers to gd32f30x_it.o(i.HAL_IncTick) for HAL_IncTick
    gd32f30x_it.o(i.SysTick_Handler) refers to os_cpu_a.o(.text) for OS_CPU_SR_Save
    gd32f30x_it.o(i.SysTick_Handler) refers to led_app.o(i.ClrCurrentLightSta) for ClrCurrentLightSta
    gd32f30x_it.o(i.SysTick_Handler) refers to beep_app.o(i.ClrCurrentBeepSta) for ClrCurrentBeepSta
    gd32f30x_it.o(i.SysTick_Handler) refers to os_core.o(i.OSIntExit) for OSIntExit
    gd32f30x_it.o(i.SysTick_Handler) refers to gd32f30x_it.o(.data) for BeepLightRxTimeoutTimer
    location_data_app.o(i.DeleteSecondListData) refers to location_data_app.o(i.TagOffLineProcess) for TagOffLineProcess
    location_data_app.o(i.DeleteSecondListData) refers to location_data_app.o(.bss) for gUwbListData
    location_data_app.o(i.FirstAddProcess) refers to location_data_app.o(i.EnterPeopleAdd) for EnterPeopleAdd
    location_data_app.o(i.FirstAddProcess) refers to location_data_app.o(i.NewTagData) for NewTagData
    location_data_app.o(i.FirstAddProcess) refers to olist.o(i.oList_Write_data) for oList_Write_data
    location_data_app.o(i.FirstAddProcess) refers to location_data_app.o(i.GetPeopleNum) for GetPeopleNum
    location_data_app.o(i.FirstAddProcess) refers to can_app.o(i.WriteReportInfo) for WriteReportInfo
    location_data_app.o(i.FirstAddProcess) refers to can_app.o(.data) for gUwbRunPara
[...]
    spi_crc_polynomial_set                   0x08015b9d   Thumb Code     4  gd32f30x_spi.o(i.spi_crc_polynomial_set)
    spi_enable                               0x08015ba1   Thumb Code    10  gd32f30x_spi.o(i.spi_enable)
    spi_i2s_data_receive                     0x08015bab   Thumb Code     8  gd32f30x_spi.o(i.spi_i2s_data_receive)
    spi_i2s_data_transmit                    0x08015bb3   Thumb Code     4  gd32f30x_spi.o(i.spi_i2s_data_transmit)
    spi_i2s_deinit                           0x08015bb9   Thumb Code    82  gd32f30x_spi.o(i.spi_i2s_deinit)
    spi_i2s_flag_get                         0x08015c11   Thumb Code    16  gd32f30x_spi.o(i.spi_i2s_flag_get)
    spi_init                                 0x08015c21   Thumb Code    50  gd32f30x_spi.o(i.spi_init)
    spi_send_byte                            0x08015c55   Thumb Code    50  spi_bus.o(i.spi_send_byte)
    spi_struct_para_init                     0x08015c8d   Thumb Code    18  gd32f30x_spi.o(i.spi_struct_para_init)
    sqrt                                     0x08015c9f   Thumb Code   110  sqrt.o(i.sqrt)
    systick_config                           0x08015e4d   Thumb Code    78  main.o(i.systick_config)
    chan_idx                                 0x08016710   Data           8  deca_params_init.o(.constdata)
    tx_config                                0x08016718   Data          24  deca_params_init.o(.constdata)
    fs_pll_cfg                               0x08016730   Data          24  deca_params_init.o(.constdata)
    fs_pll_tune                              0x08016748   Data           6  deca_params_init.o(.constdata)
    rx_config                                0x0801674e   Data           2  deca_params_init.o(.constdata)
    agc_config                               0x08016750   Data           8  deca_params_init.o(.constdata)
    dwnsSFDlen                               0x08016758   Data           3  deca_params_init.o(.constdata)
    sftsh                                    0x0801675c   Data          12  deca_params_init.o(.constdata)
    dtune1                                   0x08016768   Data           4  deca_params_init.o(.constdata)
    digital_bb_config                        0x0801676c   Data          32  deca_params_init.o(.constdata)
    lde_replicaCoeff                         0x0801678c   Data          50  deca_params_init.o(.constdata)
    txpwr_compensation                       0x080167c0   Data          48  deca_params_init.o(.constdata)
    reg                                      0x080167f0   Data          30  inv_mpu.o(.constdata)
    hw                                       0x0801680e   Data          12  inv_mpu.o(.constdata)
    test                                     0x0801681c   Data          40  inv_mpu.o(.constdata)
    u16Crc16tab                              0x0801762c   Data         512  iapupdate.o(.constdata)
    OSUnMapTbl                               0x0801782c   Data         256  os_core.o(.constdata)
    uc8Patabel                               0x0801792c   Data           8  rfid_cc1101.o(.constdata)
    st_RfConfigIndex                         0x08017934   Data          34  rfid_cc1101.o(.constdata)
    s_u8RFOutputPowerCfgTab                  0x08017956   Data           8  rfid_cc1101.o(.constdata)
    s_u8RFCReg_MCSM2                         0x08017964   Data           2  rfid_cc1101.o(.constdata)
    s_u8RFCReg_MDMCFG4                       0x08017966   Data           2  rfid_cc1101.o(.constdata)
    s_u8RFCReg_MDMCFG3                       0x08017968   Data           2  rfid_cc1101.o(.constdata)
    s_u8RFCReg_FSCAL3                        0x0801796a   Data           2  rfid_cc1101.o(.constdata)
    s_u8RFCReg_TEST2                         0x0801796c   Data           2  rfid_cc1101.o(.constdata)
    s_u8RFCReg_TEST1                         0x0801796e   Data           2  rfid_cc1101.o(.constdata)
    s_u8RFCReg_DEVIATN                       0x08017970   Data           2  rfid_cc1101.o(.constdata)
    __mathlib_zero                           0x08017a60   Data           8  qnan.o(.constdata)
    Region$$Table$$Base                      0x08017a68   Number         0  anon$$obj.o(Region$$Table)
    Region$$Table$$Limit                     0x08017a88   Number         0  anon$$obj.o(Region$$Table)
    g_u32ID                                  0x20000000   Data           4  main.o(.data)
    uwTick                                   0x20000004   Data           4  gd32f30x_it.o(.data)
    BeepLightRxTimeoutTimer                  0x20000008   Data           4  gd32f30x_it.o(.data)
    gUwbConInfo                              0x2000000c   Data           1  location_data_app.o(.data)
    gTimeReport                              0x20000010   Data           4  location_data_app.o(.data)
    tagIdTest                                0x20000018   Data           2  uwb_anchor.o(.data)
    gUwbAncState                             0x2000001c   Data           4  uwb_anchor.o(.data)
    gUwbAncErrState                          0x20000020   Data           4  uwb_anchor.o(.data)
    gDwSendSem                               0x20000024   Data           4  uwb_anchor.o(.data)
    gDwSendOkSem                             0x20000028   Data           4  uwb_anchor.o(.data)
    gDist                                    0x2000002c   Data           2  uwb_anchor.o(.data)
    gRight                                   0x2000002e   Data           1  uwb_anchor.o(.data)
    gAncErrorId                              0x20000030   Data           4  uwb_anchor.o(.data)
    gTestId                                  0x20000034   Data           2  uwb_anchor.o(.data)
    gTxTimeover                              0x20000038   Data           4  uwb_anchor.o(.data)
    gUwbTimeOver                             0x2000003c   Data           4  uwb_anchor.o(.data)
    gAnc_CommDecResp                         0x20000050   Data          22  uwb_anchor.o(.data)
    gTxRespMsg                               0x20000066   Data          15  uwb_anchor.o(.data)
    gUwbState                                0x20000078   Data           4  can_app.o(.data)
    gUwbRunPara                              0x2000007c   Data           8  can_app.o(.data)
    gUwbStart                                0x20000084   Data           4  can_app.o(.data)
    gACkframe                                0x20000088   Data           4  can_app.o(.data)
    gTtl                                     0x2000008c   Data           1  can_app.o(.data)
    gWlAddr                                  0x2000009e   Data           2  can_app.o(.data)
    grayscale_r                              0x200000b0   Data           2  dm633.o(.data)
    grayscale_g                              0x200000b2   Data           2  dm633.o(.data)
    grayscale_b                              0x200000b4   Data           2  dm633.o(.data)
    RGS                                      0x200000b6   Data           2  dm633.o(.data)
    GGS                                      0x200000b8   Data           2  dm633.o(.data)
    BGS                                      0x200000ba   Data           2  dm633.o(.data)
    StepUpDown                               0x200000bc   Data           2  dm633.o(.data)
    GrayscaleTAB_R                           0x200000be   Data           8  dm633.o(.data)
    GrayscaleTAB_G                           0x200000c6   Data           8  dm633.o(.data)
    GrayscaleTAB_B                           0x200000ce   Data           8  dm633.o(.data)
    LightFlag                                0x200000d6   Data           2  led_app.o(.data)
    LightType                                0x200000d8   Data           2  led_app.o(.data)
    RGrayScale                               0x200000da   Data           1  led_app.o(.data)
    GGrayScale                               0x200000db   Data           1  led_app.o(.data)
    BGrayScale                               0x200000dc   Data           1  led_app.o(.data)
    LED_NUM                                  0x200000dd   Data           1  led_app.o(.data)
    WaterFlow_Type                           0x200000de   Data           1  led_app.o(.data)
    Breathestep_R                            0x200000e0   Data           2  led_app.o(.data)
    Breathestep_G                            0x200000e2   Data           2  led_app.o(.data)
    Breathestep_B                            0x200000e4   Data           2  led_app.o(.data)
    u16LightOffTimer                         0x200000e6   Data           2  led_app.o(.data)
    u16LightOnTimer                          0x200000e8   Data           2  led_app.o(.data)
    BeepCaseFlag                             0x200000ea   Data           2  beep_app.o(.data)
    u16BeepOffTimer                          0x200000ec   Data           2  beep_app.o(.data)
    u16BeepOnTimer                           0x200000ee   Data           2  beep_app.o(.data)
    LogicParamApiProcFuncs                   0x200000f0   Data          40  logic.o(.data)
    LogicRunInfApiProcFuncs                  0x20000118   Data          48  logic.o(.data)
    s_stSensorType                           0x20000150   Data           1  angle_sensor.o(.data)
    u16CanLeftSendInterval                   0x20000158   Data           2  angle_sensor.o(.data)
    u32CanLeftPrgRecvTimer                   0x2000015c   Data           4  angle_sensor.o(.data)
    u16CanLeftLiuShuiNumb                    0x20000160   Data           2  angle_sensor.o(.data)
    u16CanLeftSendTimer                      0x20000162   Data           2  angle_sensor.o(.data)
    u16CanLeftSystemRunStatus                0x20000164   Data           2  angle_sensor.o(.data)
    u16LastLeftAngleValue_X                  0x2000016c   Data           2  angle_sensor.o(.data)
    u16LastLeftAngleValue_Y                  0x2000016e   Data           2  angle_sensor.o(.data)
    u8LeftAngleFlag                          0x20000170   Data           1  angle_sensor.o(.data)
    u8LeftAngleStateFlag                     0x20000171   Data           1  angle_sensor.o(.data)
    u32LeftReportRxDevId                     0x20000174   Data           4  angle_sensor.o(.data)
    eCanWLReportMode                         0x20000178   Data           1  wireless.o(.data)
    SRemoteCtrl                              0x2000017c   Data          16  wireless.o(.data)
    WL_RxBufCnt                              0x2000018c   Data           4  wireless.o(.data)
    WL_RxBufWpt                              0x20000190   Data           4  wireless.o(.data)
    WL_RxBufRpt                              0x20000194   Data           4  wireless.o(.data)
    WL_TxQueueCnt                            0x20000198   Data           2  wireless.o(.data)
    WL_TxQueueHead                           0x2000019a   Data           2  wireless.o(.data)
    WL_TxQueueTail                           0x2000019c   Data           2  wireless.o(.data)
    pdw1000local                             0x200001a8   Data           4  deca_device.o(.data)
    gDw1000Sem                               0x200001ac   Data           4  dw1000_bus.o(.data)
    gDw1000Config                            0x200001b0   Data          12  dw1000_bus.o(.data)
    gDwTxConfig                              0x200001bc   Data           8  dw1000_bus.o(.data)
    MPU_EXTI_flag                            0x200001f0   Data           1  mpu6500_driver.o(.data)
    TxData                                   0x200001fc   Data           8  l4can.o(.data)
    RxData                                   0x20000204   Data           8  l4can.o(.data)
    TxMailbox                                0x2000020c   Data           4  l4can.o(.data)
    gTclk                                    0x20000210   Data           4  l4can.o(.data)
    gSpiErrId                                0x20000214   Data           4  spi_bus.o(.data)
    u32RecvBaseAddr                          0x20000218   Data           4  caniap.o(.data)
    u32RecvOffsetAddr                        0x2000021c   Data           4  caniap.o(.data)
    u32RecvTotalPacketNumb                   0x20000220   Data           4  caniap.o(.data)
    u32NowRecvPacketNumb                     0x20000224   Data           4  caniap.o(.data)
    u32NowRecvPacketNumbBackup               0x20000228   Data           4  caniap.o(.data)
    u8NowRecvPacketNumbTimes                 0x2000022c   Data           1  caniap.o(.data)
    u32RecvProgLength                        0x20000230   Data           4  caniap.o(.data)
    u16BackupScId                            0x20000234   Data           2  caniap.o(.data)
    u16BackupScMinid                         0x20000236   Data           2  caniap.o(.data)
    u16BackupScMaxid                         0x20000238   Data           2  caniap.o(.data)
    u8BackupLeftErr                          0x2000023a   Data           1  caniap.o(.data)
    u8BackupRightErr                         0x2000023b   Data           1  caniap.o(.data)
    u32DevType                               0x2000023c   Data           4  caniap.o(.data)
    OSCtxSwCtr                               0x20000244   Data           4  os_core.o(.data)
    OSEventFreeList                          0x20000248   Data           4  os_core.o(.data)
    OSFlagFreeList                           0x2000024c   Data           4  os_core.o(.data)
    OSIntNesting                             0x20000250   Data           1  os_core.o(.data)
    OSLockNesting                            0x20000251   Data           1  os_core.o(.data)
    OSPrioCur                                0x20000252   Data           1  os_core.o(.data)
    OSPrioHighRdy                            0x20000253   Data           1  os_core.o(.data)
    OSRdyGrp                                 0x20000254   Data           1  os_core.o(.data)
    OSRdyTbl                                 0x20000255   Data           6  os_core.o(.data)
    OSRunning                                0x2000025b   Data           1  os_core.o(.data)
    OSTaskCtr                                0x2000025c   Data           1  os_core.o(.data)
    OSIdleCtr                                0x20000260   Data           4  os_core.o(.data)
    OSTCBCur                                 0x20000264   Data           4  os_core.o(.data)
    OSTCBFreeList                            0x20000268   Data           4  os_core.o(.data)
    OSTCBHighRdy                             0x2000026c   Data           4  os_core.o(.data)
    OSTCBList                                0x20000270   Data           4  os_core.o(.data)
    OSTickStepState                          0x20000274   Data           1  os_core.o(.data)
    OSTaskRegNextAvailID                     0x20000275   Data           1  os_core.o(.data)
    OSTime                                   0x20000278   Data           4  os_core.o(.data)
    OS_CPU_ExceptStkBase                     0x2000027c   Data           4  os_cpu_c.o(.data)
    SystemCoreClock                          0x20000280   Data           4  system_gd32f30x.o(.data)
    vu32GDO2IntFlag                          0x20000284   Data           4  rfid_cc1101.o(.data)
    vu32GDO0IntFlag                          0x20000288   Data           4  rfid_cc1101.o(.data)
    st_RfConfig                              0x2000028c   Data          34  rfid_cc1101.o(.data)
    g_u8RFVelocityIdx                        0x200002ae   Data           1  rfid_cc1101.o(.data)
    g_u16RunningMode                         0x200002b0   Data           2  rfid_cc1101.o(.data)
    st_RFChipPar                             0x200002b2   Data           6  rfid_cc1101.o(.data)
    u8RcvLength                              0x200002b8   Data           1  rfid_cc1101.o(.data)
    u32RcvFrmPoolWritePtr                    0x200002bc   Data           4  rfid_cc1101.o(.data)
    u32RcvFrmPoolReadPtr                     0x200002c0   Data           4  rfid_cc1101.o(.data)
    u32RcvFrmPoolCnt                         0x200002c4   Data           4  rfid_cc1101.o(.data)
    vu32CC1100State                          0x200002c8   Data           4  rfid_cc1101.o(.data)
    RcvedBackCallFunc                        0x200002cc   Data           4  rfid_cc1101.o(.data)
    SystemID                                 0x200002d0   Data           4  rfid_cc1101.o(.data)
    u8RssiSignalInf                          0x200002d4   Data           1  rfid_driver.o(.data)
    TaskStartStk                             0x200002dc   Data        1024  main.o(.bss)
    UWB_AnchorStk                            0x200006dc   Data        2048  main.o(.bss)
    AppTaskKLightStk                         0x20000edc   Data         640  main.o(.bss)
    AppTaskBeepStk                           0x2000115c   Data         512  main.o(.bss)
    anglesensor_task_stk                     0x2000135c   Data        1024  main.o(.bss)
    anglesensormng_task_stk                  0x2000175c   Data        1024  main.o(.bss)
    wl_manage_task_stk                       0x20001b5c   Data        1024  main.o(.bss)
    UWB_APPstk                               0x20001f5c   Data        1024  location_data_app.o(.bss)
    gUwbListData                             0x2000235c   Data         368  location_data_app.o(.bss)
    gAncRxBuff                               0x200024d0   Data          64  uwb_anchor.o(.bss)
    gAncDev                                  0x20002510   Data          56  uwb_anchor.o(.bss)
    gLocTime                                 0x20002548   Data          48  uwb_anchor.o(.bss)
    gDistDataBuf                             0x20002578   Data         468  uwb_anchor.o(.bss)
    gTagTime                                 0x20002750   Data          16  uwb_anchor.o(.bss)
    CanRx_stk                                0x20002760   Data        1536  can_app.o(.bss)
    CanTx_stk                                0x20002d60   Data        1536  can_app.o(.bss)
    gUwbCanTxBuf                             0x20003360   Data         268  can_app.o(.bss)
    gCanRxcData                              0x2000346c   Data          16  can_app.o(.bss)
    WLTxCan                                  0x2000347c   Data          20  can_app.o(.bss)
    WL_RxBuf                                 0x200040ac   Data          64  wireless.o(.bss)
    WlTxQueue                                0x200040ec   Data        5376  wireless.o(.bss)
    TxCan                                    0x200055ec   Data          20  wireless.o(.bss)
    gCAN_BUS_DEV                             0x2000564c   Data         340  can_bus.o(.bss)
    RxHeader                                 0x200057a0   Data          20  l4can.o(.bss)
    TxHeader                                 0x200057b4   Data          20  l4can.o(.bss)
    gSpiTxBuf                                0x200057c8   Data         256  spi_bus.o(.bss)
    gSpiRxBuf                                0x200058c8   Data         256  spi_bus.o(.bss)
    OSEventTbl                               0x20005a48   Data         480  os_core.o(.bss)
    OSFlagTbl                                0x20005c28   Data          80  os_core.o(.bss)
    OSTaskIdleStk                            0x20005c78   Data         512  os_core.o(.bss)
    OSTCBPrioTbl                             0x20005e78   Data         164  os_core.o(.bss)
    OSTCBTbl                                 0x20005f1c   Data        2604  os_core.o(.bss)
    OS_CPU_ExceptStk                         0x20006948   Data         512  os_cpu_c.o(.bss)
    u8RcvData                                0x20006b48   Data         264  rfid_cc1101.o(.bss)
    st_RFIDRcvFrmPool                        0x20006c50   Data        3400  rfid_cc1101.o(.bss)
    __initial_sp                             0x20008198   Data           0  startup_gd32f30x_cl.o(STACK)



==============================================================================

Memory Map of the image

  Image Entry point : 0x08004151

  Load Region LR_IROM1 (Base: 0x08004000, Size: 0x00013d64, Max: 0x0001d000, ABSOLUTE, COMPRESSED[0x00013b74])

    Execution Region ER_IROM1 (Exec base: 0x08004000, Load base: 0x08004000, Size: 0x00013a88, Max: 0x0001d000, ABSOLUTE)

    Exec Addr    Load Addr    Size         Type   Attr      Idx    E Section Name        Object

    0x08004000   0x08004000   0x00000150   Data   RO         8599    RESET               startup_gd32f30x_cl.o
    0x08004150   0x08004150   0x00000000   Code   RO         8935  * .ARM.Collect$$$$00000000  mc_w.l(entry.o)
    0x08004150   0x08004150   0x00000004   Code   RO         9285    .ARM.Collect$$$$00000001  mc_w.l(entry2.o)
    0x08004154   0x08004154   0x00000004   Code   RO         9288    .ARM.Collect$$$$00000004  mc_w.l(entry5.o)
    0x08004158   0x08004158   0x00000000   Code   RO         9290    .ARM.Collect$$$$00000008  mc_w.l(entry7b.o)
    0x08004158   0x08004158   0x00000000   Code   RO         9292    .ARM.Collect$$$$0000000A  mc_w.l(entry8b.o)
    0x08004158   0x08004158   0x00000008   Code   RO         9293    .ARM.Collect$$$$0000000B  mc_w.l(entry9a.o)
    0x08004160   0x08004160   0x00000004   Code   RO         9300    .ARM.Collect$$$$0000000E  mc_w.l(entry12b.o)
    0x08004164   0x08004164   0x00000000   Code   RO         9295    .ARM.Collect$$$$0000000F  mc_w.l(entry10a.o)
    0x08004164   0x08004164   0x00000000   Code   RO         9297    .ARM.Collect$$$$00000011  mc_w.l(entry11a.o)
    0x08004164   0x08004164   0x00000004   Code   RO         9286    .ARM.Collect$$$$00002712  mc_w.l(entry2.o)
    0x08004168   0x08004168   0x000000b8   Code   RO         4642    .text               os_cpu_a.o
    0x08004220   0x08004220   0x00000024   Code   RO         8600    .text               startup_gd32f30x_cl.o
    0x08004244   0x08004244   0x00000062   Code   RO         8938    .text               mc_w.l(uldiv.o)
    0x080042a6   0x080042a6   0x00000062   Code   RO         8940    .text               mc_w.l(ldiv.o)
    0x08004308   0x08004308   0x0000001e   Code   RO         8942    .text               mc_w.l(llshl.o)
    0x08004326   0x08004326   0x00000040   Code   RO         8949    .text               mc_w.l(memmovea.o)
    0x08004366   0x08004366   0x00000024   Code   RO         8951    .text               mc_w.l(memseta.o)
    0x0800438a   0x0800438a   0x0000001a   Code   RO         8953    .text               mc_w.l(memcmp.o)
    0x080043a4   0x080043a4   0x0000014e   Code   RO         9220    .text               mf_w.l(dadd.o)
    0x080044f2   0x080044f2   0x000000e4   Code   RO         9222    .text               mf_w.l(dmul.o)
    0x080045d6   0x080045d6   0x000000de   Code   RO         9224    .text               mf_w.l(ddiv.o)
    0x080046b4   0x080046b4   0x00000026   Code   RO         9230    .text               mf_w.l(f2d.o)
    0x080046da   0x080046da   0x00000038   Code   RO         9232    .text               mf_w.l(d2f.o)
    0x08004712   0x08004712   0x00000020   Code   RO         9306    .text               mc_w.l(llushr.o)
    0x08004732   0x08004732   0x00000024   Code   RO         9308    .text               mc_w.l(llsshr.o)
    0x08004756   0x08004756   0x00000000   Code   RO         9317    .text               mc_w.l(iusefp.o)
    0x08004756   0x08004756   0x0000006e   Code   RO         9318    .text               mf_w.l(fepilogue.o)
    0x080047c4   0x080047c4   0x000000ba   Code   RO         9320    .text               mf_w.l(depilogue.o)
    0x0800487e   0x0800487e   0x00000002   PAD
    0x08004880   0x08004880   0x00000030   Code   RO         9326    .text               mf_w.l(cdcmple.o)
    0x080048b0   0x080048b0   0x00000024   Code   RO         9330    .text               mc_w.l(init.o)
    0x080048d4   0x080048d4   0x000000a2   Code   RO         9334    .text               mf_w.l(dsqrt.o)
    0x08004976   0x08004976   0x00000056   Code   RO         9344    .text               mc_w.l(__dczerorl2.o)
    0x080049cc   0x080049cc   0x000000a4   Code   RO          578    i.AddDistData       uwb_anchor.o
    0x08004a70   0x08004a70   0x00000058   Code   RO          579    i.AncDataFrameProcess  uwb_anchor.o
    0x08004ac8   0x08004ac8   0x00000014   Code   RO          580    i.AncErrorProcess   uwb_anchor.o
    0x08004adc   0x08004adc   0x000000c0   Code   RO          581    i.AncIrqDeclareFrameProcess  uwb_anchor.o
    0x08004b9c   0x08004b9c   0x000000a8   Code   RO          582    i.AncRxFinalFrameProcess  uwb_anchor.o
    0x08004c44   0x08004c44   0x000000b8   Code   RO          583    i.AncRxPollFrameProcess  uwb_anchor.o
    0x08004cfc   0x08004cfc   0x00000020   Code   RO          584    i.AncWriteSendData  uwb_anchor.o
    0x08004d1c   0x08004d1c   0x00000034   Code   RO          585    i.AnchorIdInit      uwb_anchor.o
    0x08004d50   0x08004d50   0x00000048   Code   RO         1622    i.AngleSensorCalibrateXYFunction  angle_sensor.o
    0x08004d98   0x08004d98   0x00000090   Code   RO         1623    i.AngleSensorInit   angle_sensor.o
    0x08004e28   0x08004e28   0x00000218   Code   RO         1624    i.AngleSensorMNG_Task  angle_sensor.o
    0x08005040   0x08005040   0x00000838   Code   RO         1625    i.AngleSensorSampleXYZProc  angle_sensor.o
    0x08005878   0x08005878   0x0000002c   Code   RO         1626    i.AngleSensor_Task  angle_sensor.o
    0x080058a4   0x080058a4   0x00000104   Code   RO         1403    i.AppTaskBeep       beep_app.o
    0x080059a8   0x080059a8   0x00000b30   Code   RO         1340    i.AppTaskLight      led_app.o
    0x080064d8   0x080064d8   0x00000004   Code   RO          301    i.BusFault_Handler  gd32f30x_it.o
    0x080064dc   0x080064dc   0x00000084   Code   RO         3526    i.CAN0_RX0_IRQHandler  l4can.o
    0x08006560   0x08006560   0x000000c0   Code   RO         3441    i.CAN_BusRxDataCallback  can_bus.o
    0x08006620   0x08006620   0x000000dc   Code   RO         3528    i.CAN_Config        l4can.o
    0x080066fc   0x080066fc   0x0000007c   Code   RO          889    i.CRC_8             can_app.o
    0x08006778   0x08006778   0x000000a8   Code   RO          890    i.CanAppInit        can_app.o
    0x08006820   0x08006820   0x0000001a   Code   RO         3488    i.CanBufferDataInit  can_buf.o
    0x0800683a   0x0800683a   0x0000004a   Code   RO         3489    i.CanBufferRead     can_buf.o
    0x08006884   0x08006884   0x0000005c   Code   RO         3490    i.CanBufferWrite    can_buf.o
    0x080068e0   0x080068e0   0x00000038   Code   RO         3442    i.CanBusDataInit    can_bus.o
    0x08006918   0x08006918   0x00000048   Code   RO         3530    i.CanGpioInit       l4can.o
    0x08006960   0x08006960   0x00000208   Code   RO         1627    i.CanLeftPeriodProc  angle_sensor.o
    0x08006b68   0x08006b68   0x00000258   Code   RO          891    i.CanRcvBusProc     can_app.o
    0x08006dc0   0x08006dc0   0x00000184   Code   RO          892    i.CanRcvIrMatchProc  can_app.o
    0x08006f44   0x08006f44   0x00000050   Code   RO          893    i.CanRcvSetPar      can_app.o
    0x08006f94   0x08006f94   0x00000164   Code   RO          894    i.CanRcvWlSendProc  can_app.o
    0x080070f8   0x080070f8   0x00000500   Code   RO         3787    i.CanRecvProgProc   caniap.o
    0x080075f8   0x080075f8   0x00000008   Code   RO          586    i.CanRxParaProcess  uwb_anchor.o
    0x08007600   0x08007600   0x0000002c   Code   RO          896    i.CanRxProc         can_app.o
    0x0800762c   0x0800762c   0x0000003c   Code   RO          897    i.CanRx_Task        can_app.o
    0x08007668   0x08007668   0x000000b6   Code   RO         1628    i.CanTransAngleHeartBeatProc  angle_sensor.o
    0x0800771e   0x0800771e   0x00000002   PAD
    0x08007720   0x08007720   0x0000002c   Code   RO         3531    i.CanTrsDummy       l4can.o
    0x0800774c   0x0800774c   0x000000b8   Code   RO          898    i.CanTx_Task        can_app.o
    0x08007804   0x08007804   0x0000002a   Code   RO          389    i.CheckIsReport     location_data_app.o
    0x0800782e   0x0800782e   0x00000030   Code   RO          390    i.CheckTagOffLine   location_data_app.o
    0x0800785e   0x0800785e   0x00000002   PAD
    0x08007860   0x08007860   0x00000018   Code   RO          899    i.CheckTagState     can_app.o
    0x08007878   0x08007878   0x0000003c   Code   RO         1034    i.ClrBreatheSta     dm633.o
    0x080078b4   0x080078b4   0x00000014   Code   RO         1404    i.ClrCurrentBeepSta  beep_app.o
    0x080078c8   0x080078c8   0x00000084   Code   RO         1341    i.ClrCurrentLightSta  led_app.o
    0x0800794c   0x0800794c   0x0000000c   Code   RO         2679    i.DECA_Sleep        deca_sleep.o
    0x08007958   0x08007958   0x00000094   Code   RO         1035    i.DM633Init         dm633.o
    0x080079ec   0x080079ec   0x00000150   Code   RO         3731    i.DM633_Internal_GCK  bsp_iic.o
    0x08007b3c   0x08007b3c   0x00000054   Code   RO         3732    i.DM633_LATCH       bsp_iic.o
    0x08007b90   0x08007b90   0x00000128   Code   RO         3733    i.DM634_GBC         bsp_iic.o
    0x08007cb8   0x08007cb8   0x0000009c   Code   RO         2572    i.DW1000GpioInit    port.o
    0x08007d54   0x08007d54   0x00000014   Code   RO         2495    i.DW1000SemInit     dw1000_bus.o
    0x08007d68   0x08007d68   0x00000260   Code   RO         1843    i.DWT_Configure     deca_device.o
    0x08007fc8   0x08007fc8   0x0000001a   Code   RO         1844    i.DWT_ConfigureTxRF  deca_device.o
    0x08007fe2   0x08007fe2   0x00000002   PAD
    0x08007fe4   0x08007fe4   0x00000040   Code   RO         1846    i.DWT_EnableFrameFilter  deca_device.o
    0x08008024   0x08008024   0x00000058   Code   RO         1847    i.DWT_ForceTRxOff   deca_device.o
    0x0800807c   0x0800807c   0x0000000c   Code   RO         1850    i.DWT_GetPartID     deca_device.o
    0x08008088   0x08008088   0x00000130   Code   RO         1851    i.DWT_Initialise    deca_device.o
    0x080081b8   0x080081b8   0x00000026   Code   RO         1854    i.DWT_Read16BitOffsetReg  deca_device.o
    0x080081de   0x080081de   0x0000002a   Code   RO         1855    i.DWT_Read32BitOffsetReg  deca_device.o
    0x08008208   0x08008208   0x00000018   Code   RO         1856    i.DWT_Read8BitOffsetReg  deca_device.o
    0x08008220   0x08008220   0x0000000c   Code   RO         1859    i.DWT_ReadDevID     deca_device.o
    0x0800822c   0x0800822c   0x00000064   Code   RO         1862    i.DWT_ReadFromDevice  deca_device.o
    0x08008290   0x08008290   0x00000016   Code   RO         1863    i.DWT_ReadRxData    deca_device.o
    0x080082a6   0x080082a6   0x00000012   Code   RO         1864    i.DWT_ReadRxTimeStamp  deca_device.o
    0x080082b8   0x080082b8   0x00000012   Code   RO         1869    i.DWT_ReadTxTimestamp  deca_device.o
    0x080082ca   0x080082ca   0x0000005c   Code   RO         1872    i.DWT_RxEnable      deca_device.o
    0x08008326   0x08008326   0x00000018   Code   RO         1873    i.DWT_RxReset       deca_device.o
    0x0800833e   0x0800833e   0x00000010   Code   RO         1874    i.DWT_SetAddress16  deca_device.o
    0x0800834e   0x0800834e   0x00000002   PAD
    0x08008350   0x08008350   0x00000030   Code   RO         1875    i.DWT_SetAutoRxReEnable  deca_device.o
    0x08008380   0x08008380   0x00000010   Code   RO         1876    i.DWT_SetDelayedTRxTime  deca_device.o
    0x08008390   0x08008390   0x00000012   Code   RO         1877    i.DWT_SetEUI        deca_device.o
    0x080083a2   0x080083a2   0x00000034   Code   RO         1881    i.DWT_SetInterrupt  deca_device.o
    0x080083d6   0x080083d6   0x00000010   Code   RO         1884    i.DWT_SetPanID      deca_device.o
    0x080083e6   0x080083e6   0x00000024   Code   RO         1885    i.DWT_SetRxAfterTxDelay  deca_device.o
    0x0800840a   0x0800840a   0x00000012   Code   RO         1886    i.DWT_SetRxAntennaDelay  deca_device.o
    0x0800841c   0x0800841c   0x00000060   Code   RO         1887    i.DWT_SetRxTimeOut  deca_device.o
    0x0800847c   0x0800847c   0x00000010   Code   RO         1888    i.DWT_SetTxAntennaDelay  deca_device.o
    0x0800848c   0x0800848c   0x00000018   Code   RO         1889    i.DWT_SetXtalTrim   deca_device.o
    0x080084a4   0x080084a4   0x00000048   Code   RO         1890    i.DWT_SoftReset     deca_device.o
    0x080084ec   0x080084ec   0x00000080   Code   RO         1891    i.DWT_StartTx       deca_device.o
    0x0800856c   0x0800856c   0x00000022   Code   RO         1892    i.DWT_Write16BitOffsetReg  deca_device.o
    0x0800858e   0x0800858e   0x00000028   Code   RO         1893    i.DWT_Write32BitOffsetReg  deca_device.o
    0x080085b6   0x080085b6   0x00000014   Code   RO         1894    i.DWT_Write8BitOffsetReg  deca_device.o
    0x080085ca   0x080085ca   0x00000068   Code   RO         1895    i.DWT_WriteToDevice  deca_device.o
    0x08008632   0x08008632   0x00000026   Code   RO         1896    i.DWT_WriteTxData   deca_device.o
    0x08008658   0x08008658   0x0000002c   Code   RO         1897    i.DWT_WriteTxfCtrl  deca_device.o
    0x08008684   0x08008684   0x00000002   Code   RO          302    i.DebugMon_Handler  gd32f30x_it.o
    0x08008686   0x08008686   0x00000012   Code   RO         2653    i.DecaMutexOFF      deca_mutex.o
    0x08008698   0x08008698   0x00000016   Code   RO         2654    i.DecaMutexON       deca_mutex.o
    0x080086ae   0x080086ae   0x00000002   PAD
    0x080086b0   0x080086b0   0x00000018   Code   RO          588    i.DelDistBufData    uwb_anchor.o
    0x080086c8   0x080086c8   0x00000038   Code   RO         8607    i.DelayUs           rfid_cc1101.o
    0x08008700   0x08008700   0x0000007c   Code   RO          391    i.DeleteSecondListData  location_data_app.o
    0x0800877c   0x0800877c   0x000000d0   Code   RO         3444    i.DevBusRead        can_bus.o
    0x0800884c   0x0800884c   0x000000b8   Code   RO            3    i.DevID_Init        main.o
    0x08008904   0x08008904   0x00000072   Code   RO          589    i.DistBufDataCount  uwb_anchor.o
    0x08008976   0x08008976   0x00000012   Code   RO          590    i.DistDataStrInit   uwb_anchor.o
    0x08008988   0x08008988   0x00000024   Code   RO          591    i.Dist_Delete_List  uwb_anchor.o
    0x080089ac   0x080089ac   0x0000005a   Code   RO          592    i.Dist_ListDataInit  uwb_anchor.o
    0x08008a06   0x08008a06   0x00000010   Code   RO         2497    i.Dw1000Init        dw1000_bus.o
    0x08008a16   0x08008a16   0x00000002   PAD
    0x08008a18   0x08008a18   0x00000030   Code   RO         2498    i.Dw1000InitConfig  dw1000_bus.o
    0x08008a48   0x08008a48   0x00000014   Code   RO          594    i.DwLocSucProcess   uwb_anchor.o
    0x08008a5c   0x08008a5c   0x0000001c   Code   RO         2500    i.DwtWriteTxData    dw1000_bus.o
    0x08008a78   0x08008a78   0x000000f8   Code   RO         8608    i.EXTI2_IRQHandler  rfid_cc1101.o
    0x08008b70   0x08008b70   0x0000006c   Code   RO         8609    i.EXTI3_IRQHandler  rfid_cc1101.o
    0x08008bdc   0x08008bdc   0x00000012   Code   RO         2573    i.EXTI4_IRQHandler  port.o
    0x08008bee   0x08008bee   0x00000002   PAD
    0x08008bf0   0x08008bf0   0x00000028   Code   RO         1629    i.EXTI5_9_IRQHandler  angle_sensor.o
    0x08008c18   0x08008c18   0x0000001c   Code   RO         2574    i.EXTI_GetITEnStatus  port.o
    0x08008c34   0x08008c34   0x00000010   Code   RO          492    i.EnterPeopleAdd    location_data_app.o
    0x08008c44   0x08008c44   0x0000000c   Code   RO            4    i.Error_Handler     main.o
    0x08008c50   0x08008c50   0x0000001c   Code   RO          497    i.ExitPeoplePlus    location_data_app.o
    0x08008c6c   0x08008c6c   0x0000000c   Code   RO         3680    i.FLASH_ErasePage   l4x_flash.o
    0x08008c78   0x08008c78   0x00000008   Code   RO         3681    i.FLASH_Lock        l4x_flash.o
    0x08008c80   0x08008c80   0x0000000c   Code   RO         3682    i.FLASH_SetLatency  l4x_flash.o
    0x08008c8c   0x08008c8c   0x00000008   Code   RO         3683    i.FLASH_Unlock      l4x_flash.o
    0x08008c94   0x08008c94   0x00000042   Code   RO         1631    i.FilterAndSumMpu6500  angle_sensor.o
    0x08008cd6   0x08008cd6   0x0000004c   Code   RO          837    i.FinalMsgGetTS_64  uwb_common.o
    0x08008d22   0x08008d22   0x0000001a   Code   RO          838    i.FinalMsgSetTS     uwb_common.o
    0x08008d3c   0x08008d3c   0x00000058   Code   RO          392    i.FirstAddProcess   location_data_app.o
    0x08008d94   0x08008d94   0x00000020   Code   RO          596    i.GetBeaconAckDelay  uwb_anchor.o
    0x08008db4   0x08008db4   0x0000003c   Code   RO         1036    i.GetColorNum       dm633.o
    0x08008df0   0x08008df0   0x0000002c   Code   RO         1405    i.GetCurrentBeepSta  beep_app.o
    0x08008e1c   0x08008e1c   0x0000000c   Code   RO         1342    i.GetCurrentLightType  led_app.o
    0x08008e28   0x08008e28   0x0000000c   Code   RO          597    i.GetDistBufPoint   uwb_anchor.o
    0x08008e34   0x08008e34   0x00000094   Code   RO          598    i.GetDistDataBuf    uwb_anchor.o
    0x08008ec8   0x08008ec8   0x00000028   Code   RO          599    i.GetDistDataEqualBuf  uwb_anchor.o
    0x08008ef0   0x08008ef0   0x00000024   Code   RO          600    i.GetDistDataPoint  uwb_anchor.o
    0x08008f14   0x08008f14   0x0000000c   Code   RO          502    i.GetPeopleNum      location_data_app.o
    0x08008f20   0x08008f20   0x00000092   Code   RO          601    i.GetRelativeRealDist  uwb_anchor.o
    0x08008fb2   0x08008fb2   0x00000008   Code   RO         8815    i.GetRfidCurStatus  rfid_driver.o
    0x08008fba   0x08008fba   0x0000002c   Code   RO         2501    i.GetRxTimeStamp_u64  dw1000_bus.o
    0x08008fe6   0x08008fe6   0x0000002c   Code   RO         2503    i.GetTxTimeStamp_u64  dw1000_bus.o
    0x08009012   0x08009012   0x00000002   PAD
    0x08009014   0x08009014   0x0000000c   Code   RO          900    i.GetUwbId          can_app.o
    0x08009020   0x08009020   0x00000010   Code   RO         1012    i.GetUwbReportTime  can_app.o
    0x08009030   0x08009030   0x0000000c   Code   RO          901    i.GetWLMId          can_app.o
    0x0800903c   0x0800903c   0x0000000c   Code   RO            5    i.Get_DevID         main.o
    0x08009048   0x08009048   0x00000008   Code   RO         2748    i.Get_Timer2_ms     inv_mpu.o
    0x08009050   0x08009050   0x0000000e   Code   RO         2504    i.HAL_GPIO_EXTI_Callback  dw1000_bus.o
    0x0800905e   0x0800905e   0x0000001a   Code   RO         2575    i.HAL_GPIO_EXTI_IRQHandler  port.o
    0x08009078   0x08009078   0x00000010   Code   RO          304    i.HAL_IncTick       gd32f30x_it.o
    0x08009088   0x08009088   0x00000010   Code   RO            7    i.HAL_Init          main.o
    0x08009098   0x08009098   0x00000084   Code   RO         3591    i.HAL_SPI_Transmit  spi_bus.o
    0x0800911c   0x0800911c   0x00000098   Code   RO         3592    i.HAL_SPI_TransmitReceive  spi_bus.o
    0x080091b4   0x080091b4   0x00000004   Code   RO          305    i.HardFault_Handler  gd32f30x_it.o
    0x080091b8   0x080091b8   0x00000030   Code   RO          393    i.HeartReportProcess  location_data_app.o
    0x080091e8   0x080091e8   0x00000014   Code   RO         3823    i.IapEraserSector   iapupdate.o
    0x080091fc   0x080091fc   0x00000070   Code   RO         3824    i.IapExFlashCrc     iapupdate.o
    0x0800926c   0x0800926c   0x00000048   Code   RO         3830    i.IapJumpToBoot     iapupdate.o
    0x080092b4   0x080092b4   0x0000001a   Code   RO         3832    i.IapReadBuf        iapupdate.o
    0x080092ce   0x080092ce   0x0000001e   Code   RO         3836    i.IapWriteBuf       iapupdate.o
    0x080092ec   0x080092ec   0x00000018   Code   RO         1343    i.IfLightFlagChange  led_app.o
    0x08009304   0x08009304   0x00000018   Code   RO         3684    i.InFlashErasePage  l4x_flash.o
    0x0800931c   0x0800931c   0x0000002c   Code   RO         3840    i.InFlashReadBuf    iapupdate.o
    0x08009348   0x08009348   0x00000078   Code   RO         3685    i.InFlashWriteBuf   l4x_flash.o
    0x080093c0   0x080093c0   0x00000d4e   Code   RO          902    i.InitCanRxProc     can_app.o
    0x0800a10e   0x0800a10e   0x0000009a   Code   RO         3238    i.InitMPU6050       mpu6500_driver.o
    0x0800a1a8   0x0800a1a8   0x00000020   Code   RO         1753    i.IsMessageForRfidRcved  wireless.o
    0x0800a1c8   0x0800a1c8   0x00000010   Code   RO         1344    i.Led_PowerOff      led_app.o
    0x0800a1d8   0x0800a1d8   0x00000010   Code   RO         1345    i.Led_PowerOn       led_app.o
    0x0800a1e8   0x0800a1e8   0x00000060   Code   RO          394    i.LocationDataAppInit  location_data_app.o
    0x0800a248   0x0800a248   0x00000010   Code   RO         1449    i.LogicGetAngleValueXProc  logic.o
    0x0800a258   0x0800a258   0x00000010   Code   RO         1450    i.LogicGetAngleValueYProc  logic.o
    0x0800a268   0x0800a268   0x00000010   Code   RO         1451    i.LogicGetAngleValueZProc  logic.o
    0x0800a278   0x0800a278   0x00000014   Code   RO         1452    i.LogicGetCalibrateFlagProc  logic.o
    0x0800a28c   0x0800a28c   0x0000002c   Code   RO         1453    i.LogicGetDevTypeInfProc  logic.o
    0x0800a2b8   0x0800a2b8   0x00000018   Code   RO         1454    i.LogicGetModifyParamAllProc  logic.o
    0x0800a2d0   0x0800a2d0   0x00000018   Code   RO         1455    i.LogicGetModifyParamNumbProc  logic.o
    0x0800a2e8   0x0800a2e8   0x00000088   Code   RO         1456    i.LogicGetModifyParamProc  logic.o
    0x0800a370   0x0800a370   0x00000010   Code   RO         1457    i.LogicGetReportIntervalProc  logic.o
    0x0800a380   0x0800a380   0x00000010   Code   RO         1458    i.LogicGetSystemStatusProc  logic.o
    0x0800a390   0x0800a390   0x00000010   Code   RO         1459    i.LogicGetWorkModeProc  logic.o
    0x0800a3a0   0x0800a3a0   0x000000f0   Code   RO         1460    i.LogicInit         logic.o
    0x0800a490   0x0800a490   0x0000003c   Code   RO         1461    i.LogicParamApi     logic.o
    0x0800a4cc   0x0800a4cc   0x00000090   Code   RO         1462    i.LogicParamSaveProc  logic.o
    0x0800a55c   0x0800a55c   0x0000003c   Code   RO         1463    i.LogicRunInfApi    logic.o
    0x0800a598   0x0800a598   0x0000008c   Code   RO         1464    i.LogicRunInfSaveProc  logic.o
    0x0800a624   0x0800a624   0x0000000c   Code   RO         1465    i.LogicSaveParamMsgProc  logic.o
    0x0800a630   0x0800a630   0x00000014   Code   RO         1466    i.LogicSetAngleValueXProc  logic.o
    0x0800a644   0x0800a644   0x00000014   Code   RO         1467    i.LogicSetAngleValueYProc  logic.o
    0x0800a658   0x0800a658   0x00000014   Code   RO         1468    i.LogicSetAngleValueZProc  logic.o
    0x0800a66c   0x0800a66c   0x00000014   Code   RO         1469    i.LogicSetCalibrateFlagProc  logic.o
    0x0800a680   0x0800a680   0x00000058   Code   RO         1470    i.LogicSetDevTypeInfProc  logic.o
    0x0800a6d8   0x0800a6d8   0x0000003c   Code   RO         1471    i.LogicSetModifyParamNumbProc  logic.o
    0x0800a714   0x0800a714   0x00000088   Code   RO         1472    i.LogicSetModifyParamProc  logic.o
    0x0800a79c   0x0800a79c   0x00000018   Code   RO         1473    i.LogicSetReportIntervalProc  logic.o
    0x0800a7b4   0x0800a7b4   0x00000010   Code   RO         1474    i.LogicSetSystemStatusProc  logic.o
    0x0800a7c4   0x0800a7c4   0x00000018   Code   RO         1475    i.LogicSetWorkModeProc  logic.o
    0x0800a7dc   0x0800a7dc   0x00000010   Code   RO         1632    i.MPU6500Init       angle_sensor.o
    0x0800a7ec   0x0800a7ec   0x000000a8   Code   RO         3239    i.MPU6500_DMP_Init  mpu6500_driver.o
    0x0800a894   0x0800a894   0x00000048   Code   RO         3243    i.MPU6500_I2C_NoAck  mpu6500_driver.o
    0x0800a8dc   0x0800a8dc   0x00000038   Code   RO         3244    i.MPU6500_I2C_PORT_Init  mpu6500_driver.o
    0x0800a914   0x0800a914   0x00000050   Code   RO         3245    i.MPU6500_I2C_ack   mpu6500_driver.o
    0x0800a964   0x0800a964   0x00000068   Code   RO         3246    i.MPU6500_I2C_check_ack  mpu6500_driver.o
    0x0800a9cc   0x0800a9cc   0x0000000e   Code   RO         3247    i.MPU6500_I2C_delay  mpu6500_driver.o
    0x0800a9da   0x0800a9da   0x00000002   PAD
    0x0800a9dc   0x0800a9dc   0x00000060   Code   RO         3248    i.MPU6500_I2C_read_char  mpu6500_driver.o
    0x0800aa3c   0x0800aa3c   0x00000050   Code   RO         3249    i.MPU6500_I2C_start  mpu6500_driver.o
    0x0800aa8c   0x0800aa8c   0x00000044   Code   RO         3250    i.MPU6500_I2C_stop  mpu6500_driver.o
    0x0800aad0   0x0800aad0   0x0000006c   Code   RO         3251    i.MPU6500_I2C_write_char  mpu6500_driver.o
    0x0800ab3c   0x0800ab3c   0x0000004c   Code   RO         3252    i.MPU6500_Port_EXIT_Init  mpu6500_driver.o
    0x0800ab88   0x0800ab88   0x00000078   Code   RO         3253    i.MPU6500_Read_Len  mpu6500_driver.o
    0x0800ac00   0x0800ac00   0x00000010   Code   RO         3254    i.MPU6500_Set_Accel_Fsr  mpu6500_driver.o
    0x0800ac10   0x0800ac10   0x00000010   Code   RO         3255    i.MPU6500_Set_Gyro_Fsr  mpu6500_driver.o
    0x0800ac20   0x0800ac20   0x0000003a   Code   RO         3256    i.MPU6500_Set_LPF   mpu6500_driver.o
    0x0800ac5a   0x0800ac5a   0x0000003a   Code   RO         3257    i.MPU6500_Set_Rate  mpu6500_driver.o
    0x0800ac94   0x0800ac94   0x00000060   Code   RO         3258    i.MPU6500_Write_Len  mpu6500_driver.o
    0x0800acf4   0x0800acf4   0x00000230   Code   RO         3259    i.MPU6500_dmp_get_euler_angle  mpu6500_driver.o
    0x0800af24   0x0800af24   0x00000048   Code   RO         3260    i.MPU6500_read_byte  mpu6500_driver.o
    0x0800af6c   0x0800af6c   0x0000009e   Code   RO         3261    i.MPU6500_run_self_test  mpu6500_driver.o
    0x0800b00a   0x0800b00a   0x0000003a   Code   RO         3262    i.MPU6500_write_byte  mpu6500_driver.o
    0x0800b044   0x0800b044   0x00000078   Code   RO         3654    i.MX_SPI1_Init      l4spi.o
    0x0800b0bc   0x0800b0bc   0x00000030   Code   RO          602    i.MaxDistProcess    uwb_anchor.o
    0x0800b0ec   0x0800b0ec   0x00000004   Code   RO          306    i.MemManage_Handler  gd32f30x_it.o
    0x0800b0f0   0x0800b0f0   0x00000010   Code   RO         1754    i.MessageForRfidRcved  wireless.o
    0x0800b100   0x0800b100   0x00000002   Code   RO          307    i.NMI_Handler       gd32f30x_it.o
    0x0800b102   0x0800b102   0x00000002   PAD
    0x0800b104   0x0800b104   0x00000028   Code   RO            8    i.NVIC_SetPriority  main.o
    0x0800b12c   0x0800b12c   0x00000020   Code   RO         1755    i.NewCanTxSn        wireless.o
    0x0800b14c   0x0800b14c   0x00000030   Code   RO          395    i.NewTagData        location_data_app.o
    0x0800b17c   0x0800b17c   0x00000d8e   Code   RO          903    i.NormalCanRxProc   can_app.o
    0x0800bf0a   0x0800bf0a   0x00000024   Code   RO         3980    i.OSInit            os_core.o
    0x0800bf2e   0x0800bf2e   0x00000002   PAD
    0x0800bf30   0x0800bf30   0x00000030   Code   RO         4519    i.OSInitHookBegin   os_cpu_c.o
    0x0800bf60   0x0800bf60   0x00000002   Code   RO         4520    i.OSInitHookEnd     os_cpu_c.o
    0x0800bf62   0x0800bf62   0x00000002   PAD
    0x0800bf64   0x0800bf64   0x00000024   Code   RO         3981    i.OSIntEnter        os_core.o
    0x0800bf88   0x0800bf88   0x00000090   Code   RO         3982    i.OSIntExit         os_core.o
    0x0800c018   0x0800c018   0x00000054   Code   RO         4332    i.OSSemCreate       os_sem.o
    0x0800c06c   0x0800c06c   0x000000ec   Code   RO         4334    i.OSSemPend         os_sem.o
    0x0800c158   0x0800c158   0x00000058   Code   RO         4336    i.OSSemPost         os_sem.o
    0x0800c1b0   0x0800c1b0   0x00000048   Code   RO         3983    i.OSStart           os_core.o
    0x0800c1f8   0x0800c1f8   0x00000002   Code   RO         4521    i.OSTCBInitHook     os_cpu_c.o
    0x0800c1fa   0x0800c1fa   0x00000002   PAD
    0x0800c1fc   0x0800c1fc   0x000000a0   Code   RO         4385    i.OSTaskCreate      os_task.o
    0x0800c29c   0x0800c29c   0x000000ac   Code   RO         4386    i.OSTaskCreateExt   os_task.o
    0x0800c348   0x0800c348   0x00000002   Code   RO         4522    i.OSTaskCreateHook  os_cpu_c.o
    0x0800c34a   0x0800c34a   0x00000002   PAD
    0x0800c34c   0x0800c34c   0x00000154   Code   RO         4387    i.OSTaskDel         os_task.o
    0x0800c4a0   0x0800c4a0   0x00000002   Code   RO         4523    i.OSTaskDelHook     os_cpu_c.o
    0x0800c4a2   0x0800c4a2   0x00000002   Code   RO         4524    i.OSTaskIdleHook    os_cpu_c.o
    0x0800c4a4   0x0800c4a4   0x00000070   Code   RO         4390    i.OSTaskNameSet     os_task.o
    0x0800c514   0x0800c514   0x0000005c   Code   RO         4391    i.OSTaskQuery       os_task.o
    0x0800c570   0x0800c570   0x000000ac   Code   RO         4395    i.OSTaskResume      os_task.o
    0x0800c61c   0x0800c61c   0x00000002   Code   RO         4525    i.OSTaskReturnHook  os_cpu_c.o
    0x0800c61e   0x0800c61e   0x00000002   PAD
    0x0800c620   0x0800c620   0x000001b4   Code   RO         4527    i.OSTaskStkInit     os_cpu_c.o
    0x0800c7d4   0x0800c7d4   0x000000a8   Code   RO         4396    i.OSTaskSuspend     os_task.o
    0x0800c87c   0x0800c87c   0x00000002   Code   RO         4528    i.OSTaskSwHook      os_cpu_c.o
    0x0800c87e   0x0800c87e   0x00000002   PAD
    0x0800c880   0x0800c880   0x00000078   Code   RO         4475    i.OSTimeDly         os_time.o
    0x0800c8f8   0x0800c8f8   0x000000ec   Code   RO         3984    i.OSTimeTick        os_core.o
    0x0800c9e4   0x0800c9e4   0x00000002   Code   RO         4529    i.OSTimeTickHook    os_cpu_c.o
    0x0800c9e6   0x0800c9e6   0x00000002   Code   RO         3986    i.OS_Dummy          os_core.o
    0x0800c9e8   0x0800c9e8   0x00000084   Code   RO         3987    i.OS_EventTaskRdy   os_core.o
    0x0800ca6c   0x0800ca6c   0x0000002a   Code   RO         3988    i.OS_EventTaskRemove  os_core.o
    0x0800ca96   0x0800ca96   0x00000002   PAD
    0x0800ca98   0x0800ca98   0x0000007c   Code   RO         3989    i.OS_EventTaskWait  os_core.o
    0x0800cb14   0x0800cb14   0x0000001c   Code   RO         3990    i.OS_EventWaitListInit  os_core.o
    0x0800cb30   0x0800cb30   0x00000058   Code   RO         4146    i.OS_FlagInit       os_flag.o
    0x0800cb88   0x0800cb88   0x00000024   Code   RO         4148    i.OS_FlagUnlink     os_flag.o
    0x0800cbac   0x0800cbac   0x00000060   Code   RO         3991    i.OS_InitEventList  os_core.o
    0x0800cc0c   0x0800cc0c   0x00000044   Code   RO         3992    i.OS_InitMisc       os_core.o
    0x0800cc50   0x0800cc50   0x00000044   Code   RO         3993    i.OS_InitRdyList    os_core.o
    0x0800cc94   0x0800cc94   0x0000007c   Code   RO         3994    i.OS_InitTCBList    os_core.o
    0x0800cd10   0x0800cd10   0x00000050   Code   RO         3995    i.OS_InitTaskIdle   os_core.o
    0x0800cd60   0x0800cd60   0x00000012   Code   RO         3996    i.OS_MemClr         os_core.o
    0x0800cd72   0x0800cd72   0x00000014   Code   RO         3997    i.OS_MemCopy        os_core.o
    0x0800cd86   0x0800cd86   0x00000002   PAD
    0x0800cd88   0x0800cd88   0x00000074   Code   RO         3998    i.OS_Sched          os_core.o
    0x0800cdfc   0x0800cdfc   0x0000002c   Code   RO         3999    i.OS_SchedNew       os_core.o
    0x0800ce28   0x0800ce28   0x00000140   Code   RO         4001    i.OS_TCBInit        os_core.o
    0x0800cf68   0x0800cf68   0x00000028   Code   RO         4002    i.OS_TaskIdle       os_core.o
    0x0800cf90   0x0800cf90   0x00000018   Code   RO         4398    i.OS_TaskReturn     os_task.o
    0x0800cfa8   0x0800cfa8   0x0000002e   Code   RO         8610    i.RFCtrlSetIDLE     rfid_cc1101.o
    0x0800cfd6   0x0800cfd6   0x00000002   PAD
    0x0800cfd8   0x0800cfd8   0x00000068   Code   RO         8611    i.RFID_GetFrame     rfid_cc1101.o
    0x0800d040   0x0800d040   0x00000054   Code   RO         8612    i.RFID_HardwareInit  rfid_cc1101.o
    0x0800d094   0x0800d094   0x00000014   Code   RO         8817    i.RFID_Init         rfid_driver.o
    0x0800d0a8   0x0800d0a8   0x0000004c   Code   RO         8613    i.RFID_SPI_SendByte  rfid_cc1101.o
    0x0800d0f4   0x0800d0f4   0x00000044   Code   RO         8818    i.RFID_SendData     rfid_driver.o
    0x0800d138   0x0800d138   0x00000060   Code   RO         8614    i.RFTxSendPacket    rfid_cc1101.o
    0x0800d198   0x0800d198   0x0000006c   Code   RO         3593    i.ReadFromSPI       spi_bus.o
    0x0800d204   0x0800d204   0x00000030   Code   RO         2577    i.Reset_DW1000      port.o
    0x0800d234   0x0800d234   0x00000010   Code   RO          814    i.RestartRxProcess  uwb_anchor.o
    0x0800d244   0x0800d244   0x0000000e   Code   RO         8615    i.RfidChipReset     rfid_cc1101.o
    0x0800d252   0x0800d252   0x00000002   PAD
    0x0800d254   0x0800d254   0x000000a8   Code   RO         8616    i.RfidConfig        rfid_cc1101.o
    0x0800d2fc   0x0800d2fc   0x00000078   Code   RO         8819    i.RfidGDOxIntInit   rfid_driver.o
    0x0800d374   0x0800d374   0x0000000a   Code   RO         8617    i.RfidGetTxStatus   rfid_cc1101.o
    0x0800d37e   0x0800d37e   0x00000012   Code   RO         8619    i.RfidReadFifo      rfid_cc1101.o
    0x0800d390   0x0800d390   0x00000086   Code   RO         8620    i.RfidReadFifoProc  rfid_cc1101.o
    0x0800d416   0x0800d416   0x00000016   Code   RO         8621    i.RfidReadStatusReg  rfid_cc1101.o
    0x0800d42c   0x0800d42c   0x00000058   Code   RO         8622    i.RfidRxRegInit     rfid_cc1101.o
    0x0800d484   0x0800d484   0x000000d4   Code   RO         8820    i.RfidSpiInit       rfid_driver.o
    0x0800d558   0x0800d558   0x0000001c   Code   RO         8623    i.RfidSpiWrite      rfid_cc1101.o
    0x0800d574   0x0800d574   0x0000008c   Code   RO         8624    i.RfidStrobe        rfid_cc1101.o
    0x0800d600   0x0800d600   0x00000012   Code   RO         8626    i.RfidWriteFifo     rfid_cc1101.o
    0x0800d612   0x0800d612   0x00000010   Code   RO         8627    i.RfidWriteReg      rfid_cc1101.o
    0x0800d622   0x0800d622   0x00000014   Code   RO          603    i.RxElseBeaconProcess  uwb_anchor.o
    0x0800d636   0x0800d636   0x00000002   PAD
    0x0800d638   0x0800d638   0x00000034   Code   RO         2578    i.SPI_ChangeRate    port.o
    0x0800d66c   0x0800d66c   0x0000000a   Code   RO         2579    i.SPI_DW1000_SetRateHigh  port.o
    0x0800d676   0x0800d676   0x0000000a   Code   RO         2580    i.SPI_DW1000_SetRateLow  port.o
    0x0800d680   0x0800d680   0x00000054   Code   RO         3533    i.STM32_CAN_Write   l4can.o
    0x0800d6d4   0x0800d6d4   0x00000002   Code   RO          308    i.SVC_Handler       gd32f30x_it.o
    0x0800d6d6   0x0800d6d6   0x0000000e   Code   RO         3734    i.SW_Delay          bsp_iic.o
    0x0800d6e4   0x0800d6e4   0x000000c0   Code   RO         3735    i.SW_SendByte       bsp_iic.o
    0x0800d7a4   0x0800d7a4   0x00000010   Code   RO         1757    i.SaveSRemoteCtrlInfo  wireless.o
    0x0800d7b4   0x0800d7b4   0x00000584   Code   RO          904    i.SendAngleData     can_app.o
    0x0800dd38   0x0800dd38   0x000000c0   Code   RO         1633    i.SendHeartData     angle_sensor.o
    0x0800ddf8   0x0800ddf8   0x0000010c   Code   RO          905    i.SendUwbData       can_app.o
    0x0800df04   0x0800df04   0x0000000c   Code   RO          604    i.SetAnchorAddr     uwb_anchor.o
    0x0800df10   0x0800df10   0x0000000c   Code   RO         1346    i.SetCurrentLightType  led_app.o
    0x0800df1c   0x0800df1c   0x0000003a   Code   RO          605    i.SetDelayTxTime    uwb_anchor.o
    0x0800df56   0x0800df56   0x0000000c   Code   RO          839    i.SetFirstAddr      uwb_common.o
    0x0800df62   0x0800df62   0x00000002   PAD
    0x0800df64   0x0800df64   0x0000004c   Code   RO          606    i.SetPollAckData    uwb_anchor.o
    0x0800dfb0   0x0800dfb0   0x00000052   Code   RO         8628    i.SetRFChipIdle     rfid_cc1101.o
    0x0800e002   0x0800e002   0x00000002   PAD
    0x0800e004   0x0800e004   0x0000000c   Code   RO         8821    i.SetRcvedBackCallFunc  rfid_driver.o
    0x0800e010   0x0800e010   0x0000000a   Code   RO         8823    i.SetRfidSRX        rfid_driver.o
    0x0800e01a   0x0800e01a   0x00000030   Code   RO         8632    i.SetRxMode         rfid_cc1101.o
    0x0800e04a   0x0800e04a   0x00000002   PAD
    0x0800e04c   0x0800e04c   0x00000024   Code   RO         8824    i.SetWlAddr         rfid_driver.o
    0x0800e070   0x0800e070   0x00000004   Code   RO         3594    i.SpiBusError_Handler  spi_bus.o
    0x0800e074   0x0800e074   0x00000008   Code   RO         3595    i.SpiBusInit        spi_bus.o
    0x0800e07c   0x0800e07c   0x00000078   Code   RO         8634    i.SpiMcuRead        rfid_cc1101.o
    0x0800e0f4   0x0800e0f4   0x00000074   Code   RO         8635    i.SpiMcuWrite       rfid_cc1101.o
    0x0800e168   0x0800e168   0x00000054   Code   RO         8636    i.SpiResetChipSingle  rfid_cc1101.o
    0x0800e1bc   0x0800e1bc   0x00000054   Code   RO          309    i.SysTick_Handler   gd32f30x_it.o
    0x0800e210   0x0800e210   0x00000070   Code   RO         4648    i.SystemInit        system_gd32f30x.o
    0x0800e280   0x0800e280   0x0000007e   Code   RO          398    i.TagDataProcess    location_data_app.o
    0x0800e2fe   0x0800e2fe   0x00000020   Code   RO          399    i.TagExitProcess    location_data_app.o
    0x0800e31e   0x0800e31e   0x00000020   Code   RO          400    i.TagOffLineProcess  location_data_app.o
    0x0800e33e   0x0800e33e   0x00000002   PAD
    0x0800e340   0x0800e340   0x00000170   Code   RO            9    i.TaskStart         main.o
    0x0800e4b0   0x0800e4b0   0x00000022   Code   RO         1037    i.TurnOffAllUledPro  dm633.o
    0x0800e4d2   0x0800e4d2   0x00000024   Code   RO         1038    i.TurnOnUledPro     dm633.o
    0x0800e4f6   0x0800e4f6   0x00000002   PAD
    0x0800e4f8   0x0800e4f8   0x0000006c   Code   RO          401    i.UpdateDataProcess  location_data_app.o
    0x0800e564   0x0800e564   0x00000004   Code   RO          310    i.UsageFault_Handler  gd32f30x_it.o
    0x0800e568   0x0800e568   0x0000010c   Code   RO          607    i.UwbAnchorIrqTask  uwb_anchor.o
    0x0800e674   0x0800e674   0x0000000e   Code   RO          402    i.UwbAppTask        location_data_app.o
    0x0800e682   0x0800e682   0x00000002   PAD
    0x0800e684   0x0800e684   0x00000094   Code   RO          608    i.UwbRxOkCb         uwb_anchor.o
    0x0800e718   0x0800e718   0x0000002c   Code   RO         1758    i.WL_MNG_Task       wireless.o
    0x0800e744   0x0800e744   0x00000060   Code   RO         8825    i.WL_ReceiveData    rfid_driver.o
    0x0800e7a4   0x0800e7a4   0x0000001e   Code   RO         8826    i.WL_SendData       rfid_driver.o
    0x0800e7c2   0x0800e7c2   0x00000026   Code   RO         8637    i.WaitGPIOReset     rfid_cc1101.o
    0x0800e7e8   0x0800e7e8   0x00000014   Code   RO          906    i.WaitUwbStartSem   can_app.o
    0x0800e7fc   0x0800e7fc   0x00000050   Code   RO         1759    i.WlVarInit         wireless.o
    0x0800e84c   0x0800e84c   0x00000534   Code   RO         1760    i.Wl_RxDataProc     wireless.o
    0x0800ed80   0x0800ed80   0x000000dc   Code   RO          610    i.WriteDistDataPro  uwb_anchor.o
    0x0800ee5c   0x0800ee5c   0x00000070   Code   RO          907    i.WriteReportInfo   can_app.o
    0x0800eecc   0x0800eecc   0x0000010c   Code   RO          403    i.WriteTagData      location_data_app.o
    0x0800efd8   0x0800efd8   0x00000074   Code   RO         3596    i.WriteToSPI        spi_bus.o
    0x0800f04c   0x0800f04c   0x00000032   Code   RO         1898    i._DWT_Configlde    deca_device.o
    0x0800f07e   0x0800f07e   0x000000f4   Code   RO         1899    i._DWT_EnableClocks  deca_device.o
    0x0800f172   0x0800f172   0x00000022   Code   RO         1900    i._DWT_LoadUcodeFromRom  deca_device.o
    0x0800f194   0x0800f194   0x00000030   Code   RO         1902    i._DWT_OTP_Read     deca_device.o
    0x0800f1c4   0x0800f1c4   0x00000018   Code   RO         1903    i._DWT_aOnArrayUpload  deca_device.o
    0x0800f1dc   0x0800f1dc   0x00000030   Code   RO         9268    i.__ARM_fpclassify  m_wm.l(fpclassify.o)
    0x0800f20c   0x0800f20c   0x00000004   PAD
    0x0800f210   0x0800f210   0x00000360   Code   RO         8909    i.__hardfp_asin     m_wm.l(asin.o)
    0x0800f570   0x0800f570   0x000002d8   Code   RO         9234    i.__hardfp_atan     m_wm.l(atan.o)
    0x0800f848   0x0800f848   0x00000200   Code   RO         8923    i.__hardfp_atan2    m_wm.l(atan2.o)
    0x0800fa48   0x0800fa48   0x000000f8   Code   RO         9270    i.__kernel_poly     m_wm.l(poly.o)
    0x0800fb40   0x0800fb40   0x00000014   Code   RO         9249    i.__mathlib_dbl_infnan  m_wm.l(dunder.o)
    0x0800fb54   0x0800fb54   0x00000014   Code   RO         9250    i.__mathlib_dbl_infnan2  m_wm.l(dunder.o)
    0x0800fb68   0x0800fb68   0x00000020   Code   RO         9251    i.__mathlib_dbl_invalid  m_wm.l(dunder.o)
    0x0800fb88   0x0800fb88   0x00000020   Code   RO         9254    i.__mathlib_dbl_underflow  m_wm.l(dunder.o)
    0x0800fba8   0x0800fba8   0x0000000e   Code   RO         9338    i.__scatterload_copy  mc_w.l(handlers.o)
    0x0800fbb6   0x0800fbb6   0x00000002   Code   RO         9339    i.__scatterload_null  mc_w.l(handlers.o)
    0x0800fbb8   0x0800fbb8   0x0000000e   Code   RO         9340    i.__scatterload_zeroinit  mc_w.l(handlers.o)
    0x0800fbc6   0x0800fbc6   0x00000002   PAD
    0x0800fbc8   0x0800fbc8   0x0000000c   Code   RO         9312    i.__set_errno       mc_w.l(errno.o)
    0x0800fbd4   0x0800fbd4   0x00000014   Code   RO         1906    i._dwt_disablesequencing  deca_device.o
    0x0800fbe8   0x0800fbe8   0x00000010   Code   RO         9236    i.atan              m_wm.l(atan.o)
    0x0800fbf8   0x0800fbf8   0x00000028   Code   RO         1406    i.bsp_InitBeep      beep_app.o
    0x0800fc20   0x0800fc20   0x00000080   Code   RO         3736    i.bsp_InitSWD       bsp_iic.o
    0x0800fca0   0x0800fca0   0x000001d8   Code   RO          611    i.caculate_distance  uwb_anchor.o
    0x0800fe78   0x0800fe78   0x00000034   Code   RO         5056    i.can_deinit        gd32f30x_can.o
    0x0800feac   0x0800feac   0x00000110   Code   RO         5059    i.can_filter_init   gd32f30x_can.o
    0x0800ffbc   0x0800ffbc   0x00000122   Code   RO         5062    i.can_init          gd32f30x_can.o
    0x080100de   0x080100de   0x00000008   Code   RO         5064    i.can_interrupt_enable  gd32f30x_can.o
    0x080100e6   0x080100e6   0x000000e4   Code   RO         5067    i.can_message_receive  gd32f30x_can.o
    0x080101ca   0x080101ca   0x00000002   PAD
    0x080101cc   0x080101cc   0x00000150   Code   RO         5068    i.can_message_transmit  gd32f30x_can.o
    0x0801031c   0x0801031c   0x0000001a   Code   RO         5070    i.can_receive_message_length_get  gd32f30x_can.o
    0x08010336   0x08010336   0x000000a4   Code   RO         5071    i.can_struct_para_init  gd32f30x_can.o
    0x080103da   0x080103da   0x00000002   PAD
    0x080103dc   0x080103dc   0x00000030   Code   RO         1476    i.crc16_ccitt       logic.o
    0x0801040c   0x0801040c   0x00000010   Code   RO         1039    i.ctrlUledPro       dm633.o
    0x0801041c   0x0801041c   0x00000094   Code   RO         1040    i.ctrlUledRGBValue  dm633.o
    0x080104b0   0x080104b0   0x000002d8   Code   RO         1041    i.ctrlUledRGBValueBreathe  dm633.o
    0x08010788   0x08010788   0x00000038   Code   RO         1042    i.ctrlUledTabValue_BLUE  dm633.o
    0x080107c0   0x080107c0   0x00000038   Code   RO         1043    i.ctrlUledTabValue_GREEN  dm633.o
    0x080107f8   0x080107f8   0x00000038   Code   RO         1044    i.ctrlUledTabValue_RED  dm633.o
    0x08010830   0x08010830   0x00000094   Code   RO         1045    i.ctrlUled_RGBValue_D1  dm633.o
    0x080108c4   0x080108c4   0x00000094   Code   RO         1046    i.ctrlUled_RGBValue_D1_D2  dm633.o
    0x08010958   0x08010958   0x00000094   Code   RO         1047    i.ctrlUled_RGBValue_D1_D2_D3  dm633.o
    0x080109ec   0x080109ec   0x00000094   Code   RO         1048    i.ctrlUled_RGBValue_D1_D2_D3_D4  dm633.o
    0x08010a80   0x08010a80   0x000000bc   Code   RO         1049    i.ctrlUled_RGBValue_D1_D2_D3_D4_D5  dm633.o
    0x08010b3c   0x08010b3c   0x000000bc   Code   RO         1050    i.ctrlUled_RGBValue_D1_D2_D3_D4_D5_D6  dm633.o
    0x08010bf8   0x08010bf8   0x000000bc   Code   RO         1051    i.ctrlUled_RGBValue_D1_D2_D3_D4_D5_D6_D7  dm633.o
    0x08010cb4   0x08010cb4   0x00000094   Code   RO         1052    i.ctrlUled_RGBValue_D1_D2_D3_D4_D5_D6_D7_D8  dm633.o
    0x08010d48   0x08010d48   0x000001fc   Code   RO         1053    i.ctrlUled_RGBValue_D1_D3_D5_D7  dm633.o
    0x08010f44   0x08010f44   0x000000bc   Code   RO         1054    i.ctrlUled_RGBValue_D2  dm633.o
    0x08011000   0x08011000   0x00000224   Code   RO         1055    i.ctrlUled_RGBValue_D2_D4_D6_D8  dm633.o
    0x08011224   0x08011224   0x000000bc   Code   RO         1056    i.ctrlUled_RGBValue_D3  dm633.o
    0x080112e0   0x080112e0   0x000000bc   Code   RO         1057    i.ctrlUled_RGBValue_D3_D4  dm633.o
    0x0801139c   0x0801139c   0x000000bc   Code   RO         1058    i.ctrlUled_RGBValue_D4  dm633.o
    0x08011458   0x08011458   0x000000bc   Code   RO         1059    i.ctrlUled_RGBValue_D5  dm633.o
    0x08011514   0x08011514   0x000000bc   Code   RO         1060    i.ctrlUled_RGBValue_D5_D6  dm633.o
    0x080115d0   0x080115d0   0x000000bc   Code   RO         1061    i.ctrlUled_RGBValue_D6  dm633.o
    0x0801168c   0x0801168c   0x000000bc   Code   RO         1062    i.ctrlUled_RGBValue_D7  dm633.o
    0x08011748   0x08011748   0x000000bc   Code   RO         1063    i.ctrlUled_RGBValue_D7_D8  dm633.o
    0x08011804   0x08011804   0x000000bc   Code   RO         1064    i.ctrlUled_RGBValue_D8  dm633.o
    0x080118c0   0x080118c0   0x0000010c   Code   RO         1065    i.ctrlUled_RGBValue_Meteor_D1_D2_D3  dm633.o
    0x080119cc   0x080119cc   0x0000010c   Code   RO         1066    i.ctrlUled_RGBValue_Meteor_D1_D2_D3_D4  dm633.o
    0x08011ad8   0x08011ad8   0x00000134   Code   RO         1067    i.ctrlUled_RGBValue_Meteor_D2_D3_D4  dm633.o
    0x08011c0c   0x08011c0c   0x00000164   Code   RO         1068    i.ctrlUled_RGBValue_Meteor_D2_D3_D4_D5  dm633.o
    0x08011d70   0x08011d70   0x00000164   Code   RO         1069    i.ctrlUled_RGBValue_Meteor_D3_D4_D5  dm633.o
    0x08011ed4   0x08011ed4   0x00000164   Code   RO         1070    i.ctrlUled_RGBValue_Meteor_D3_D4_D5_D6  dm633.o
    0x08012038   0x08012038   0x00000164   Code   RO         1071    i.ctrlUled_RGBValue_Meteor_D4_D5_D6  dm633.o
    0x0801219c   0x0801219c   0x00000164   Code   RO         1072    i.ctrlUled_RGBValue_Meteor_D4_D5_D6_D7  dm633.o
    0x08012300   0x08012300   0x00000134   Code   RO         1073    i.ctrlUled_RGBValue_Meteor_D5_D6_D7  dm633.o
    0x08012434   0x08012434   0x00000120   Code   RO         1074    i.ctrlUled_RGBValue_Meteor_D5_D6_D7_D8  dm633.o
    0x08012554   0x08012554   0x00000134   Code   RO         1075    i.ctrlUled_RGBValue_Meteor_D6_D7_D8  dm633.o
    0x08012688   0x08012688   0x00000188   Code   RO         1076    i.ctrlUled_RGBValue_Meteor_D6_D7_D8_D1  dm633.o
    0x08012810   0x08012810   0x00000188   Code   RO         1077    i.ctrlUled_RGBValue_Meteor_D7_D8_D1  dm633.o
    0x08012998   0x08012998   0x00000188   Code   RO         1078    i.ctrlUled_RGBValue_Meteor_D7_D8_D1_D2  dm633.o
    0x08012b20   0x08012b20   0x00000188   Code   RO         1079    i.ctrlUled_RGBValue_Meteor_D8_D1_D2  dm633.o
    0x08012ca8   0x08012ca8   0x00000188   Code   RO         1080    i.ctrlUled_RGBValue_Meteor_D8_D1_D2_D3  dm633.o
    0x08012e30   0x08012e30   0x00000064   Code   RO         3035    i.decode_gesture    inv_mpu_dmp_motion_driver.o
    0x08012e94   0x08012e94   0x00000018   Code   RO         3414    i.delay_ms          delay.o
    0x08012eac   0x08012eac   0x0000003c   Code   RO         3036    i.dmp_enable_6x_lp_quat  inv_mpu_dmp_motion_driver.o
    0x08012ee8   0x08012ee8   0x0000021c   Code   RO         3037    i.dmp_enable_feature  inv_mpu_dmp_motion_driver.o
    0x08013104   0x08013104   0x00000058   Code   RO         3038    i.dmp_enable_gyro_cal  inv_mpu_dmp_motion_driver.o
    0x0801315c   0x0801315c   0x0000003c   Code   RO         3039    i.dmp_enable_lp_quat  inv_mpu_dmp_motion_driver.o
    0x08013198   0x08013198   0x00000018   Code   RO         3044    i.dmp_load_motion_driver_firmware  inv_mpu_dmp_motion_driver.o
    0x080131b0   0x080131b0   0x000001d4   Code   RO         3045    i.dmp_read_fifo     inv_mpu_dmp_motion_driver.o
    0x08013384   0x08013384   0x00000130   Code   RO         3048    i.dmp_set_accel_bias  inv_mpu_dmp_motion_driver.o
    0x080134b4   0x080134b4   0x00000070   Code   RO         3049    i.dmp_set_fifo_rate  inv_mpu_dmp_motion_driver.o
    0x08013524   0x08013524   0x00000130   Code   RO         3050    i.dmp_set_gyro_bias  inv_mpu_dmp_motion_driver.o
    0x08013654   0x08013654   0x0000005c   Code   RO         3051    i.dmp_set_interrupt_mode  inv_mpu_dmp_motion_driver.o
    0x080136b0   0x080136b0   0x00000138   Code   RO         3052    i.dmp_set_orientation  inv_mpu_dmp_motion_driver.o
    0x080137e8   0x080137e8   0x00000038   Code   RO         3055    i.dmp_set_shake_reject_thresh  inv_mpu_dmp_motion_driver.o
    0x08013820   0x08013820   0x00000026   Code   RO         3056    i.dmp_set_shake_reject_time  inv_mpu_dmp_motion_driver.o
    0x08013846   0x08013846   0x00000026   Code   RO         3057    i.dmp_set_shake_reject_timeout  inv_mpu_dmp_motion_driver.o
    0x0801386c   0x0801386c   0x00000046   Code   RO         3058    i.dmp_set_tap_axes  inv_mpu_dmp_motion_driver.o
    0x080138b2   0x080138b2   0x00000026   Code   RO         3059    i.dmp_set_tap_count  inv_mpu_dmp_motion_driver.o
    0x080138d8   0x080138d8   0x000001c0   Code   RO         3060    i.dmp_set_tap_thresh  inv_mpu_dmp_motion_driver.o
    0x08013a98   0x08013a98   0x00000026   Code   RO         3061    i.dmp_set_tap_time  inv_mpu_dmp_motion_driver.o
    0x08013abe   0x08013abe   0x00000026   Code   RO         3062    i.dmp_set_tap_time_multi  inv_mpu_dmp_motion_driver.o
    0x08013ae4   0x08013ae4   0x000001bc   Code   RO         1920    i.dwt_isr           deca_device.o
    0x08013ca0   0x08013ca0   0x00000028   Code   RO         1927    i.dwt_setcallbacks  deca_device.o
    0x08013cc8   0x08013cc8   0x00000026   Code   RO         1936    i.dwt_syncrxbufptrs  deca_device.o
    0x08013cee   0x08013cee   0x00000002   PAD
    0x08013cf0   0x08013cf0   0x00000028   Code   RO          612    i.else_err_cb       uwb_anchor.o
    0x08013d18   0x08013d18   0x0000000c   Code   RO         5993    i.exti_flag_clear   gd32f30x_exti.o
    0x08013d24   0x08013d24   0x00000018   Code   RO         5994    i.exti_flag_get     gd32f30x_exti.o
    0x08013d3c   0x08013d3c   0x000000b8   Code   RO         5995    i.exti_init         gd32f30x_exti.o
    0x08013df4   0x08013df4   0x0000000c   Code   RO         5998    i.exti_interrupt_flag_clear  gd32f30x_exti.o
    0x08013e00   0x08013e00   0x00000024   Code   RO         5999    i.exti_interrupt_flag_get  gd32f30x_exti.o
    0x08013e24   0x08013e24   0x00000018   Code   RO         9264    i.fabs              m_wm.l(fabs.o)
    0x08013e3c   0x08013e3c   0x00000022   Code   RO         6078    i.fmc_bank0_ready_wait  gd32f30x_fmc.o
    0x08013e5e   0x08013e5e   0x00000002   PAD
    0x08013e60   0x08013e60   0x00000030   Code   RO         6079    i.fmc_bank0_state_get  gd32f30x_fmc.o
    0x08013e90   0x08013e90   0x00000022   Code   RO         6083    i.fmc_bank1_ready_wait  gd32f30x_fmc.o
    0x08013eb2   0x08013eb2   0x00000002   PAD
    0x08013eb4   0x08013eb4   0x00000030   Code   RO         6084    i.fmc_bank1_state_get  gd32f30x_fmc.o
    0x08013ee4   0x08013ee4   0x0000002c   Code   RO         6093    i.fmc_lock          gd32f30x_fmc.o
    0x08013f10   0x08013f10   0x000000e4   Code   RO         6095    i.fmc_page_erase    gd32f30x_fmc.o
    0x08013ff4   0x08013ff4   0x00000044   Code   RO         6096    i.fmc_unlock        gd32f30x_fmc.o
    0x08014038   0x08014038   0x000000b8   Code   RO         6097    i.fmc_word_program  gd32f30x_fmc.o
    0x080140f0   0x080140f0   0x00000018   Code   RO         6099    i.fmc_wscnt_set     gd32f30x_fmc.o
    0x08014108   0x08014108   0x0000046c   Code   RO         2749    i.get_st_biases     inv_mpu.o
    0x08014574   0x08014574   0x00000004   Code   RO         6351    i.gpio_bit_reset    gd32f30x_gpio.o
    0x08014578   0x08014578   0x00000004   Code   RO         6352    i.gpio_bit_set      gd32f30x_gpio.o
    0x0801457c   0x0801457c   0x0000000a   Code   RO         6353    i.gpio_bit_write    gd32f30x_gpio.o
    0x08014586   0x08014586   0x00000002   PAD
    0x08014588   0x08014588   0x00000098   Code   RO         6361    i.gpio_exti_source_select  gd32f30x_gpio.o
    0x08014620   0x08014620   0x000000bc   Code   RO         6362    i.gpio_init         gd32f30x_gpio.o
    0x080146dc   0x080146dc   0x00000010   Code   RO         6363    i.gpio_input_bit_get  gd32f30x_gpio.o
    0x080146ec   0x080146ec   0x00000090   Code   RO         6368    i.gpio_pin_remap_config  gd32f30x_gpio.o
    0x0801477c   0x0801477c   0x00000028   Code   RO         3217    i.inv_orientation_matrix_to_scalar  math_fun.o
    0x080147a4   0x080147a4   0x0000004e   Code   RO         3218    i.inv_row_2_scale   math_fun.o
    0x080147f2   0x080147f2   0x00000002   PAD
    0x080147f4   0x080147f4   0x00000040   Code   RO           10    i.main              main.o
    0x08014834   0x08014834   0x00000070   Code   RO         2750    i.mpu_configure_fifo  inv_mpu.o
    0x080148a4   0x080148a4   0x0000004c   Code   RO         2751    i.mpu_get_accel_fsr  inv_mpu.o
    0x080148f0   0x080148f0   0x00000054   Code   RO         2753    i.mpu_get_accel_sens  inv_mpu.o
    0x08014944   0x08014944   0x00000010   Code   RO         2758    i.mpu_get_fifo_config  inv_mpu.o
    0x08014954   0x08014954   0x00000044   Code   RO         2759    i.mpu_get_gyro_fsr  inv_mpu.o
    0x08014998   0x08014998   0x00000060   Code   RO         2761    i.mpu_get_gyro_sens  inv_mpu.o
    0x080149f8   0x080149f8   0x00000050   Code   RO         2763    i.mpu_get_lpf       inv_mpu.o
    0x08014a48   0x08014a48   0x00000020   Code   RO         2765    i.mpu_get_sample_rate  inv_mpu.o
    0x08014a68   0x08014a68   0x0000011c   Code   RO         2767    i.mpu_init          inv_mpu.o
    0x08014b84   0x08014b84   0x000000b8   Code   RO         2768    i.mpu_load_firmware  inv_mpu.o
    0x08014c3c   0x08014c3c   0x0000011c   Code   RO         2769    i.mpu_lp_accel_mode  inv_mpu.o
    0x08014d58   0x08014d58   0x000000c0   Code   RO         2772    i.mpu_read_fifo_stream  inv_mpu.o
    0x08014e18   0x08014e18   0x00000080   Code   RO         2773    i.mpu_read_mem      inv_mpu.o
    0x08014e98   0x08014e98   0x000001c8   Code   RO         2776    i.mpu_reset_fifo    inv_mpu.o
    0x08015060   0x08015060   0x000000ac   Code   RO         2777    i.mpu_run_self_test  inv_mpu.o
    0x0801510c   0x0801510c   0x00000084   Code   RO         2779    i.mpu_set_accel_fsr  inv_mpu.o
    0x08015190   0x08015190   0x0000014c   Code   RO         2780    i.mpu_set_bypass    inv_mpu.o
    0x080152dc   0x080152dc   0x00000090   Code   RO         2782    i.mpu_set_dmp_state  inv_mpu.o
    0x0801536c   0x0801536c   0x00000088   Code   RO         2783    i.mpu_set_gyro_fsr  inv_mpu.o
    0x080153f4   0x080153f4   0x0000006c   Code   RO         2784    i.mpu_set_int_latched  inv_mpu.o
    0x08015460   0x08015460   0x00000084   Code   RO         2786    i.mpu_set_lpf       inv_mpu.o
    0x080154e4   0x080154e4   0x0000009c   Code   RO         2787    i.mpu_set_sample_rate  inv_mpu.o
    0x08015580   0x08015580   0x000000d0   Code   RO         2788    i.mpu_set_sensors   inv_mpu.o
    0x08015650   0x08015650   0x00000080   Code   RO         2789    i.mpu_write_mem     inv_mpu.o
    0x080156d0   0x080156d0   0x00000018   Code   RO         6684    i.nvic_irq_disable  gd32f30x_misc.o
    0x080156e8   0x080156e8   0x000000c4   Code   RO         6685    i.nvic_irq_enable   gd32f30x_misc.o
    0x080157ac   0x080157ac   0x00000014   Code   RO         6686    i.nvic_priority_group_set  gd32f30x_misc.o
    0x080157c0   0x080157c0   0x00000014   Code   RO         6687    i.nvic_vector_table_set  gd32f30x_misc.o
    0x080157d4   0x080157d4   0x00000056   Code   RO         2722    i.oListDataInit     olist.o
    0x0801582a   0x0801582a   0x0000003e   Code   RO         2723    i.oList_Write_data  olist.o
    0x08015868   0x08015868   0x0000000c   Code   RO         2581    i.portGetTickCnt    port.o
    0x08015874   0x08015874   0x0000019c   Code   RO         6884    i.rcu_clock_freq_get  gd32f30x_rcu.o
    0x08015a10   0x08015a10   0x00000020   Code   RO         6904    i.rcu_periph_clock_enable  gd32f30x_rcu.o
    0x08015a30   0x08015a30   0x00000020   Code   RO         6907    i.rcu_periph_reset_disable  gd32f30x_rcu.o
    0x08015a50   0x08015a50   0x00000020   Code   RO         6908    i.rcu_periph_reset_enable  gd32f30x_rcu.o
    0x08015a70   0x08015a70   0x00000044   Code   RO         3445    i.readCanDriData    can_bus.o
    0x08015ab4   0x08015ab4   0x00000012   Code   RO          613    i.rx_err_cb         uwb_anchor.o
    0x08015ac6   0x08015ac6   0x00000002   PAD
    0x08015ac8   0x08015ac8   0x0000002c   Code   RO          614    i.rx_to_cb          uwb_anchor.o
    0x08015af4   0x08015af4   0x00000090   Code   RO         2790    i.set_int_enable    inv_mpu.o
    0x08015b84   0x08015b84   0x00000018   Code   RO         2680    i.sleep_ms          deca_sleep.o
    0x08015b9c   0x08015b9c   0x00000004   Code   RO         7552    i.spi_crc_polynomial_set  gd32f30x_spi.o
    0x08015ba0   0x08015ba0   0x0000000a   Code   RO         7556    i.spi_enable        gd32f30x_spi.o
    0x08015baa   0x08015baa   0x00000008   Code   RO         7558    i.spi_i2s_data_receive  gd32f30x_spi.o
    0x08015bb2   0x08015bb2   0x00000004   Code   RO         7559    i.spi_i2s_data_transmit  gd32f30x_spi.o
    0x08015bb6   0x08015bb6   0x00000002   PAD
    0x08015bb8   0x08015bb8   0x00000058   Code   RO         7560    i.spi_i2s_deinit    gd32f30x_spi.o
    0x08015c10   0x08015c10   0x00000010   Code   RO         7561    i.spi_i2s_flag_get  gd32f30x_spi.o
    0x08015c20   0x08015c20   0x00000032   Code   RO         7565    i.spi_init          gd32f30x_spi.o
    0x08015c52   0x08015c52   0x00000002   PAD
    0x08015c54   0x08015c54   0x00000038   Code   RO         3597    i.spi_send_byte     spi_bus.o
    0x08015c8c   0x08015c8c   0x00000012   Code   RO         7572    i.spi_struct_para_init  gd32f30x_spi.o
    0x08015c9e   0x08015c9e   0x0000006e   Code   RO         9275    i.sqrt              m_wm.l(sqrt.o)
    0x08015d0c   0x08015d0c   0x00000138   Code   RO         4649    i.system_clock_72m_hxtal  system_gd32f30x.o
    0x08015e44   0x08015e44   0x00000008   Code   RO         4650    i.system_clock_config  system_gd32f30x.o
    0x08015e4c   0x08015e4c   0x00000054   Code   RO           11    i.systick_config    main.o
    0x08015ea0   0x08015ea0   0x00000034   Code   RO          615    i.tx_conf_cb        uwb_anchor.o
    0x08015ed4   0x08015ed4   0x00000060   Data   RO         1081    .constdata          dm633.o
    0x08015f34   0x08015f34   0x000007d6   Data   RO         1478    .constdata          logic.o
    0x0801670a   0x0801670a   0x00000006   PAD
    0x08016710   0x08016710   0x000000e0   Data   RO         2481    .constdata          deca_params_init.o
    0x080167f0   0x080167f0   0x00000054   Data   RO         2792    .constdata          inv_mpu.o
    0x08016844   0x08016844   0x00000bf6   Data   RO         3064    .constdata          inv_mpu_dmp_motion_driver.o
    0x0801743a   0x0801743a   0x00000002   PAD
    0x0801743c   0x0801743c   0x000003f0   Data   RO         3844    .constdata          iapupdate.o
    0x0801782c   0x0801782c   0x00000100   Data   RO         4004    .constdata          os_core.o
    0x0801792c   0x0801792c   0x00000046   Data   RO         8639    .constdata          rfid_cc1101.o
    0x08017972   0x08017972   0x00000006   PAD
    0x08017978   0x08017978   0x00000050   Data   RO         8912    .constdata          m_wm.l(asin.o)
    0x080179c8   0x080179c8   0x00000098   Data   RO         9237    .constdata          m_wm.l(atan.o)
    0x08017a60   0x08017a60   0x00000008   Data   RO         9272    .constdata          m_wm.l(qnan.o)
    0x08017a68   0x08017a68   0x00000020   Data   RO         9336    Region$$Table       anon$$obj.o


    Execution Region RW_IRAM1 (Exec base: 0x20000000, Load base: 0x08017a88, Size: 0x00008198, Max: 0x00018000, ABSOLUTE, COMPRESSED[0x000000ec])

    Exec Addr    Load Addr    Size         Type   Attr      Idx    E Section Name        Object

    0x20000000   COMPRESSED   0x00000004   Data   RW           13    .data               main.o
    0x20000004   COMPRESSED   0x00000008   Data   RW          311    .data               gd32f30x_it.o
    0x2000000c   COMPRESSED   0x00000008   Data   RW          405    .data               location_data_app.o
    0x20000014   COMPRESSED   0x00000004   PAD
    0x20000018   COMPRESSED   0x0000005d   Data   RW          617    .data               uwb_anchor.o
    0x20000075   COMPRESSED   0x00000003   PAD
    0x20000078   COMPRESSED   0x00000038   Data   RW          909    .data               can_app.o
    0x200000b0   COMPRESSED   0x00000026   Data   RW         1082    .data               dm633.o
    0x200000d6   COMPRESSED   0x00000014   Data   RW         1347    .data               led_app.o
    0x200000ea   COMPRESSED   0x00000006   Data   RW         1407    .data               beep_app.o
    0x200000f0   COMPRESSED   0x00000058   Data   RW         1479    .data               logic.o
    0x20000148   COMPRESSED   0x00000030   Data   RW         1635    .data               angle_sensor.o
    0x20000178   COMPRESSED   0x00000030   Data   RW         1763    .data               wireless.o
    0x200001a8   COMPRESSED   0x00000004   Data   RW         1938    .data               deca_device.o
    0x200001ac   COMPRESSED   0x00000018   Data   RW         2505    .data               dw1000_bus.o
    0x200001c4   COMPRESSED   0x0000002c   Data   RW         2793    .data               inv_mpu.o
    0x200001f0   COMPRESSED   0x0000000a   Data   RW         3263    .data               mpu6500_driver.o
    0x200001fa   COMPRESSED   0x00000002   PAD
    0x200001fc   COMPRESSED   0x00000018   Data   RW         3535    .data               l4can.o
    0x20000214   COMPRESSED   0x00000004   Data   RW         3599    .data               spi_bus.o
    0x20000218   COMPRESSED   0x0000002c   Data   RW         3788    .data               caniap.o
    0x20000244   COMPRESSED   0x00000038   Data   RW         4005    .data               os_core.o
    0x2000027c   COMPRESSED   0x00000004   Data   RW         4533    .data               os_cpu_c.o
    0x20000280   COMPRESSED   0x00000004   Data   RW         4651    .data               system_gd32f30x.o
    0x20000284   COMPRESSED   0x00000050   Data   RW         8640    .data               rfid_cc1101.o
    0x200002d4   COMPRESSED   0x00000001   Data   RW         8828    .data               rfid_driver.o
    0x200002d5   COMPRESSED   0x00000003   PAD
    0x200002d8   COMPRESSED   0x00000004   Data   RW         9313    .data               mc_w.l(errno.o)
    0x200002dc        -       0x00001c80   Zero   RW           12    .bss                main.o
    0x20001f5c        -       0x00000570   Zero   RW          404    .bss                location_data_app.o
    0x200024cc   COMPRESSED   0x00000004   PAD
    0x200024d0        -       0x00000290   Zero   RW          616    .bss                uwb_anchor.o
    0x20002760        -       0x00000d7c   Zero   RW          908    .bss                can_app.o
    0x200034dc        -       0x000005d6   Zero   RW         1477    .bss                logic.o
    0x20003ab2        -       0x000005f8   Zero   RW         1634    .bss                angle_sensor.o
    0x200040aa   COMPRESSED   0x00000002   PAD
    0x200040ac        -       0x00001554   Zero   RW         1762    .bss                wireless.o
    0x20005600        -       0x0000003c   Zero   RW         1937    .bss                deca_device.o
    0x2000563c        -       0x00000010   Zero   RW         3063    .bss                inv_mpu_dmp_motion_driver.o
    0x2000564c        -       0x00000154   Zero   RW         3446    .bss                can_bus.o
    0x200057a0        -       0x00000028   Zero   RW         3534    .bss                l4can.o
    0x200057c8        -       0x00000200   Zero   RW         3598    .bss                spi_bus.o
    0x200059c8        -       0x00000080   Zero   RW         3843    .bss                iapupdate.o
    0x20005a48        -       0x00000f00   Zero   RW         4003    .bss                os_core.o
    0x20006948        -       0x00000200   Zero   RW         4532    .bss                os_cpu_c.o
    0x20006b48        -       0x00000e50   Zero   RW         8638    .bss                rfid_cc1101.o
    0x20007998        -       0x00000800   Zero   RW         8597    STACK               startup_gd32f30x_cl.o


==============================================================================

Image component sizes


      Code (inc. data)   RO Data    RW Data    ZI Data      Debug   Object Name

      3916        194          0         48       1528      12993   angle_sensor.o
       364         28          0          6          0       2475   beep_app.o
      1050         36          0          0          0       4075   bsp_iic.o
     10756        504          0         56       3452      48376   can_app.o
       192          0          0          0          0       2225   can_buf.o
       524         16          0          0        340       3202   can_bus.o
      1280         86          0         44          0       2772   caniap.o
      3270        138          0          4         60      34529   deca_device.o
        40          0          0          0          0       1109   deca_mutex.o
         0          0        224          0          0       1983   deca_params_init.o
        36          0          0          0          0       1176   deca_sleep.o
        24          0          0          0          0        555   delay.o
     11126        276         96         38          0      43466   dm633.o
       214         12          0         24          0       4803   dw1000_bus.o
      1376         20          0          0          0       6450   gd32f30x_can.o
       268         28          0          0          0       3256   gd32f30x_exti.o
       712         76          0          0          0       5834   gd32f30x_fmc.o
       518         12          0          0          0       5100   gd32f30x_gpio.o
       122          8          0          8          0       4936   gd32f30x_it.o
       260         34          0          0          0       2671   gd32f30x_misc.o
       508         46          0          0          0       3180   gd32f30x_rcu.o
       198          6          0          0          0       5675   gd32f30x_spi.o
       304         24       1008          0        128       6526   iapupdate.o
      5024        168         84         44          0      25683   inv_mpu.o
      3228        164       3062          0         16      22343   inv_mpu_dmp_motion_driver.o
       552         46          0         24         40       3619   l4can.o
       120          8          0          0          0        587   l4spi.o
       184          0          0          0          0       3914   l4x_flash.o
      3076        180          0         20          0       5770   led_app.o
      1130         68          0          8       1392      21429   location_data_app.o
      1476        188       2006         88       1494      17255   logic.o
       780        122          0          4       7296     140217   main.o
       118          0          0          0          0       1393   math_fun.o
      2288         70          0         10          0      16890   mpu6500_driver.o
       148          0          0          0          0       1587   olist.o
      1846        320        256         56       3840      20309   os_core.o
       184         36          0          0          0        328   os_cpu_a.o
       500         18          0          4        512      13498   os_cpu_c.o
       124         14          0          0          0       1278   os_flag.o
       408         26          0          0          0       2562   os_sem.o
      1240        134          0          0          0       7094   os_task.o
       120         20          0          0          0        668   os_time.o
       360         32          0          0          0       5002   port.o
      1962        174         70         80       3664      18381   rfid_cc1101.o
       612         52          0          1          0       6998   rfid_driver.o
       576         48          0          4        512       6007   spi_bus.o
        36          8        336          0       2048        936   startup_gd32f30x_cl.o
       432         36          0          4          0       2443   system_gd32f30x.o
      3116        238          0         93        656      27348   uwb_anchor.o
       114          0          0          0          0       2198   uwb_common.o
      1552        104          0         48       5460       5891   wireless.o

    ----------------------------------------------------------------------
     68438       3818       7188        728      32444     588995   Object Totals
         0          0         32          0          0          0   (incl. Generated)
        74          0         14         12          6          0   (incl. Padding)

    ----------------------------------------------------------------------

      Code (inc. data)   RO Data    RW Data    ZI Data      Debug   Library Member Name

       864         94         80          0          0        280   asin.o
       744        106        152          0          0        352   atan.o
       512         64          0          0          0        208   atan2.o
       104         16          0          0          0        496   dunder.o
        24          0          0          0          0        124   fabs.o
        48          0          0          0          0        124   fpclassify.o
       248          0          0          0          0        152   poly.o
         0          0          8          0          0          0   qnan.o
       110          0          0          0          0        148   sqrt.o
        86          0          0          0          0          0   __dczerorl2.o
         0          0          0          0          0          0   entry.o
         0          0          0          0          0          0   entry10a.o
         0          0          0          0          0          0   entry11a.o
         4          0          0          0          0          0   entry12b.o
         8          4          0          0          0          0   entry2.o
         4          0          0          0          0          0   entry5.o
         0          0          0          0          0          0   entry7b.o
         0          0          0          0          0          0   entry8b.o
         8          4          0          0          0          0   entry9a.o
        12          6          0          4          0         68   errno.o
        30          0          0          0          0          0   handlers.o
        36          8          0          0          0         68   init.o
         0          0          0          0          0          0   iusefp.o
        98          0          0          0          0         84   ldiv.o
        30          0          0          0          0         68   llshl.o
        36          0          0          0          0         68   llsshr.o
        32          0          0          0          0         68   llushr.o
        26          0          0          0          0         80   memcmp.o
        64          0          0          0          0         76   memmovea.o
        36          0          0          0          0        108   memseta.o
        98          0          0          0          0         92   uldiv.o
        48          0          0          0          0         68   cdcmple.o
        56          0          0          0          0         88   d2f.o
       334          0          0          0          0        148   dadd.o
       222          0          0          0          0        100   ddiv.o
       186          0          0          0          0        176   depilogue.o
       228          0          0          0          0         96   dmul.o
       162          0          0          0          0        100   dsqrt.o
        38          0          0          0          0         68   f2d.o
       110          0          0          0          0        168   fepilogue.o

    ----------------------------------------------------------------------
      4654        302        240          4          0       3676   Library Totals
         8          0          0          0          0          0   (incl. Padding)

    ----------------------------------------------------------------------

      Code (inc. data)   RO Data    RW Data    ZI Data      Debug   Library Name

      2654        280        240          0          0       1884   m_wm.l
       608         22          0          4          0        780   mc_w.l
      1384          0          0          0          0       1012   mf_w.l

    ----------------------------------------------------------------------
      4654        302        240          4          0       3676   Library Totals

    ----------------------------------------------------------------------

==============================================================================


      Code (inc. data)   RO Data    RW Data    ZI Data      Debug   

     73092       4120       7428        732      32444     541723   Grand Totals
     73092       4120       7428        236      32444     541723   ELF Image Totals (compressed)
     73092       4120       7428        236          0          0   ROM Totals

==============================================================================

    Total RO  Size (Code + RO Data)                80520 (  78.63kB)
    Total RW  Size (RW Data + ZI Data)             33176 (  32.40kB)
    Total ROM Size (Code + RO Data + RW Data)      80756 (  78.86kB)

==============================================================================

